Archive member included to satisfy reference by file (symbol)

/Users/dev/Documents/LPCXpresso_8.2.0/workspace/lpc_board_nxp_lpcxpresso_1769/Debug/liblpc_board_nxp_lpcxpresso_1769.a(board.o)
                              ./src/Engine.o (Board_LED_Set)
/Users/dev/Documents/LPCXpresso_8.2.0/workspace/lpc_board_nxp_lpcxpresso_1769/Debug/liblpc_board_nxp_lpcxpresso_1769.a(board_sysinit.o)
                              ./src/sysinit.o (Board_SystemInit)
/Users/dev/Documents/LPCXpresso_8.2.0/workspace/lpc_chip_175x_6x/Debug/liblpc_chip_175x_6x.a(chip_17xx_40xx.o)
                              ./src/Engine.o (SystemCoreClockUpdate)
/Users/dev/Documents/LPCXpresso_8.2.0/workspace/lpc_chip_175x_6x/Debug/liblpc_chip_175x_6x.a(clock_17xx_40xx.o)
                              /Users/dev/Documents/LPCXpresso_8.2.0/workspace/lpc_chip_175x_6x/Debug/liblpc_chip_175x_6x.a(chip_17xx_40xx.o) (Chip_Clock_EnablePLL)
/Users/dev/Documents/LPCXpresso_8.2.0/workspace/lpc_chip_175x_6x/Debug/liblpc_chip_175x_6x.a(i2s_17xx_40xx.o)
                              /Users/dev/Documents/LPCXpresso_8.2.0/workspace/lpc_board_nxp_lpcxpresso_1769/Debug/liblpc_board_nxp_lpcxpresso_1769.a(board.o) (Chip_I2S_Init)
/Users/dev/Documents/LPCXpresso_8.2.0/workspace/lpc_chip_175x_6x/Debug/liblpc_chip_175x_6x.a(iocon_17xx_40xx.o)
                              /Users/dev/Documents/LPCXpresso_8.2.0/workspace/lpc_board_nxp_lpcxpresso_1769/Debug/liblpc_board_nxp_lpcxpresso_1769.a(board.o) (Chip_IOCON_PinMux)
/Users/dev/Documents/LPCXpresso_8.2.0/workspace/lpc_chip_175x_6x/Debug/liblpc_chip_175x_6x.a(sysinit_17xx_40xx.o)
                              /Users/dev/Documents/LPCXpresso_8.2.0/workspace/lpc_board_nxp_lpcxpresso_1769/Debug/liblpc_board_nxp_lpcxpresso_1769.a(board_sysinit.o) (Chip_SetupXtalClocking)
/Users/dev/Documents/LPCXpresso_8.2.0/workspace/lpc_chip_175x_6x/Debug/liblpc_chip_175x_6x.a(timer_17xx_40xx.o)
                              ./src/Engine.o (Chip_TIMER_Init)
/Users/dev/Documents/LPCXpresso_8.2.0/workspace/lpc_chip_175x_6x/Debug/liblpc_chip_175x_6x.a(uart_17xx_40xx.o)
                              /Users/dev/Documents/LPCXpresso_8.2.0/workspace/lpc_board_nxp_lpcxpresso_1769/Debug/liblpc_board_nxp_lpcxpresso_1769.a(board.o) (Chip_UART_Init)
/Users/dev/Documents/LPCXpresso_8.2.0/workspace/lpc_chip_175x_6x/Debug/liblpc_chip_175x_6x.a(ring_buffer.o)
                              /Users/dev/Documents/LPCXpresso_8.2.0/workspace/lpc_chip_175x_6x/Debug/liblpc_chip_175x_6x.a(uart_17xx_40xx.o) (RingBuffer_Insert)
/Applications/lpcxpresso_8.2.0_647/lpcxpresso/tools/bin/../lib/gcc/arm-none-eabi/5.3.1/../../../../arm-none-eabi/lib/armv7-m/libcr_c.a(memcpy.o)
                              ./src/LISAreceiver.o (memcpy)
/Applications/lpcxpresso_8.2.0_647/lpcxpresso/tools/bin/../lib/gcc/arm-none-eabi/5.3.1/../../../../arm-none-eabi/lib/armv7-m/libcr_c.a(memset.o)
                              ./src/Engine.o (memset)
/Applications/lpcxpresso_8.2.0_647/lpcxpresso/tools/bin/../lib/gcc/arm-none-eabi/5.3.1/../../../../arm-none-eabi/lib/armv7-m/libcr_c.a(alloc.o)
                              ./src/Engine.o (malloc)
/Applications/lpcxpresso_8.2.0_647/lpcxpresso/tools/bin/../lib/gcc/arm-none-eabi/5.3.1/../../../../arm-none-eabi/lib/armv7-m/libcr_c.a(fpprintf.o)
                              ./src/Engine.o (printf)
/Applications/lpcxpresso_8.2.0_647/lpcxpresso/tools/bin/../lib/gcc/arm-none-eabi/5.3.1/../../../../arm-none-eabi/lib/armv7-m/libcr_c.a(printf.o)
                              /Applications/lpcxpresso_8.2.0_647/lpcxpresso/tools/bin/../lib/gcc/arm-none-eabi/5.3.1/../../../../arm-none-eabi/lib/armv7-m/libcr_c.a(fpprintf.o) (__vfprintf)
/Applications/lpcxpresso_8.2.0_647/lpcxpresso/tools/bin/../lib/gcc/arm-none-eabi/5.3.1/../../../../arm-none-eabi/lib/armv7-m/libcr_c.a(stdio.o)
                              /Applications/lpcxpresso_8.2.0_647/lpcxpresso/tools/bin/../lib/gcc/arm-none-eabi/5.3.1/../../../../arm-none-eabi/lib/armv7-m/libcr_c.a(fpprintf.o) (__Ciob)
/Applications/lpcxpresso_8.2.0_647/lpcxpresso/tools/bin/../lib/gcc/arm-none-eabi/5.3.1/../../../../arm-none-eabi/lib/armv7-m/libcr_c.a(strlen.o)
                              ./src/Engine.o (strlen)
/Applications/lpcxpresso_8.2.0_647/lpcxpresso/tools/bin/../lib/gcc/arm-none-eabi/5.3.1/../../../../arm-none-eabi/lib/armv7-m/libcr_c.a(__fillbuf.o)
                              /Applications/lpcxpresso_8.2.0_647/lpcxpresso/tools/bin/../lib/gcc/arm-none-eabi/5.3.1/../../../../arm-none-eabi/lib/armv7-m/libcr_c.a(stdio.o) (__filbuf)
/Applications/lpcxpresso_8.2.0_647/lpcxpresso/tools/bin/../lib/gcc/arm-none-eabi/5.3.1/../../../../arm-none-eabi/lib/armv7-m/libcr_c.a(__init_alloc.o)
                              /Applications/lpcxpresso_8.2.0_647/lpcxpresso/tools/bin/../lib/gcc/arm-none-eabi/5.3.1/../../../../arm-none-eabi/lib/armv7-m/libcr_c.a(alloc.o) (__heaps)
/Applications/lpcxpresso_8.2.0_647/lpcxpresso/tools/bin/../lib/gcc/arm-none-eabi/5.3.1/../../../../arm-none-eabi/lib/armv7-m/libcr_c.a(_cr_sbrk.o)
[...]
Memory Configuration

Name             Origin             Length             Attributes
MFlash512        0x0000000000000000 0x0000000000080000 xr
RamLoc32         0x0000000010000000 0x0000000000008000 xrw
RamAHB32         0x000000002007c000 0x0000000000008000 xrw
*default*        0x0000000000000000 0xffffffffffffffff

Linker script and memory map

LOAD ./src/Engine.o
LOAD ./src/LISAreceiver.o
LOAD ./src/LISAtransmitter.o
LOAD ./src/cr_startup_lpc175x_6x.o
LOAD ./src/crp.o
LOAD ./src/queue.o
LOAD ./src/scrambler.o
LOAD ./src/sysinit.o
LOAD /Users/dev/Documents/LPCXpresso_8.2.0/workspace/lpc_board_nxp_lpcxpresso_1769/Debug/liblpc_board_nxp_lpcxpresso_1769.a
LOAD /Users/dev/Documents/LPCXpresso_8.2.0/workspace/lpc_chip_175x_6x/Debug/liblpc_chip_175x_6x.a
LOAD /Users/dev/Documents/LPCXpresso_8.2.0/workspace/CMSIS_DSPLIB_CM3/lib/libCMSIS_DSPLIB_CM3.a
START GROUP
LOAD /Applications/lpcxpresso_8.2.0_647/lpcxpresso/tools/bin/../lib/gcc/arm-none-eabi/5.3.1/../../../../arm-none-eabi/lib/armv7-m/libcr_semihost.a
LOAD /Applications/lpcxpresso_8.2.0_647/lpcxpresso/tools/bin/../lib/gcc/arm-none-eabi/5.3.1/../../../../arm-none-eabi/lib/armv7-m/libcr_c.a
LOAD /Applications/lpcxpresso_8.2.0_647/lpcxpresso/tools/bin/../lib/gcc/arm-none-eabi/5.3.1/armv7-m/libcr_eabihelpers.a
END GROUP
                0x0000000000000000                __base_MFlash512 = 0x0
                0x0000000000000000                __base_Flash = 0x0
                0x0000000000080000                __top_MFlash512 = 0x80000
                0x0000000000080000                __top_Flash = 0x80000
                0x0000000010000000                __base_RamLoc32 = 0x10000000
                0x0000000010000000                __base_RAM = 0x10000000
                0x0000000010008000                __top_RamLoc32 = 0x10008000
                0x0000000010008000                __top_RAM = 0x10008000
                0x000000002007c000                __base_RamAHB32 = 0x2007c000
                0x000000002007c000                __base_RAM2 = 0x2007c000
                0x0000000020084000                __top_RamAHB32 = 0x20084000
                0x0000000020084000                __top_RAM2 = 0x20084000

.text           0x0000000000000000     0x4ce8
 FILL mask 0xff
                0x0000000000000000                __vectors_start__ = ABSOLUTE (.)
 *(.isr_vector)
 .isr_vector    0x0000000000000000       0xcc ./src/cr_startup_lpc175x_6x.o
                0x0000000000000000                g_pfnVectors
                0x00000000000000cc                . = ALIGN (0x4)
                0x00000000000000cc                __section_table_start = .
                0x00000000000000cc                __data_section_table = .
                0x00000000000000cc        0x4 LONG 0x4ce8 LOADADDR (.data)
                0x00000000000000d0        0x4 LONG 0x10000000 ADDR (.data)
                0x00000000000000d4        0x4 LONG 0x34 SIZEOF (.data)
                0x00000000000000d8        0x4 LONG 0x4ce8 LOADADDR (.data_RAM2)
                0x00000000000000dc        0x4 LONG 0x2007c000 ADDR (.data_RAM2)
                0x00000000000000e0        0x4 LONG 0x0 SIZEOF (.data_RAM2)
                0x00000000000000e4                __data_section_table_end = .
                0x00000000000000e4                __bss_section_table = .
                0x00000000000000e4        0x4 LONG 0x10000034 ADDR (.bss)
                0x00000000000000e8        0x4 LONG 0x310 SIZEOF (.bss)
                0x00000000000000ec        0x4 LONG 0x2007c000 ADDR (.bss_RAM2)
                0x00000000000000f0        0x4 LONG 0x0 SIZEOF (.bss_RAM2)
                0x00000000000000f4                __bss_section_table_end = .
                0x00000000000000f4                __section_table_end = .
 *(.after_vectors*)
 .after_vectors
                0x00000000000000f4      0x144 ./src/cr_startup_lpc175x_6x.o
                0x00000000000000f4                data_init
                0x0000000000000138                bss_init
                0x0000000000000170                ResetISR
                0x00000000000001e8                NMI_Handler
                0x00000000000001f0                HardFault_Handler
                0x00000000000001f8                MemManage_Handler
                0x0000000000000200                BusFault_Handler
                0x0000000000000208                UsageFault_Handler
                0x0000000000000210                SVC_Handler
                0x0000000000000218                DebugMon_Handler
                0x0000000000000220                PendSV_Handler
                0x0000000000000228                SysTick_Handler
                0x0000000000000230                PLL0_IRQHandler
                0x0000000000000230                CAN_IRQHandler
                0x0000000000000230                PLL1_IRQHandler
                0x0000000000000230                SSP0_IRQHandler
                0x0000000000000230                I2S_IRQHandler
                0x0000000000000230                I2C2_IRQHandler
                0x0000000000000230                RTC_IRQHandler
                0x0000000000000230                SPI_IRQHandler
                0x0000000000000230                EINT1_IRQHandler
                0x0000000000000230                TIMER1_IRQHandler
                0x0000000000000230                UART2_IRQHandler
                0x0000000000000230                ADC_IRQHandler
                0x0000000000000230                SSP1_IRQHandler
                0x0000000000000230                USB_IRQHandler
                0x0000000000000230                BOD_IRQHandler
                0x0000000000000230                WDT_IRQHandler
                0x0000000000000230                QEI_IRQHandler
                0x0000000000000230                EINT0_IRQHandler
                0x0000000000000230                ETH_IRQHandler
                0x0000000000000230                DMA_IRQHandler
                0x0000000000000230                UART3_IRQHandler
                0x0000000000000230                TIMER2_IRQHandler
                0x0000000000000230                MCPWM_IRQHandler
                0x0000000000000230                RIT_IRQHandler
                0x0000000000000230                I2C0_IRQHandler
                0x0000000000000230                USBActivity_IRQHandler
                0x0000000000000230                PWM1_IRQHandler
                0x0000000000000230                I2C1_IRQHandler
                0x0000000000000230                EINT2_IRQHandler
                0x0000000000000230                UART1_IRQHandler
                0x0000000000000230                CANActivity_IRQHandler
                0x0000000000000230                TIMER3_IRQHandler
                0x0000000000000230                UART0_IRQHandler
                0x0000000000000230                IntDefaultHandler
                0x00000000000002fc                . = 0x2fc
 *fill*         0x0000000000000238       0xc4 ff
                0x00000000000002fc                PROVIDE (__CRP_WORD_START__, .)
 *(.crp)
 .crp           0x00000000000002fc        0x4 ./src/crp.o
                0x00000000000002fc                CRP_WORD
                0x0000000000000300                PROVIDE (__CRP_WORD_END__, .)
                0x0000000000000001                ASSERT (! ((__CRP_WORD_START__ == __CRP_WORD_END__)), Linker CRP Enabled, but no CRP_WORD provided within application)
 *(.text*)
 .text.NVIC_EnableIRQ
                0x0000000000000300       0x30 ./src/Engine.o
 .text.NVIC_DisableIRQ
                0x0000000000000330       0x34 ./src/Engine.o
 .text.NVIC_ClearPendingIRQ
                0x0000000000000364       0x34 ./src/Engine.o
 .text.Chip_GPIO_SetPinState
                0x0000000000000398       0x68 ./src/Engine.o
 .text.Chip_GPIO_GetPinState
                0x0000000000000400       0x38 ./src/Engine.o
 .text.Chip_GPIO_SetPinDIROutput
                0x0000000000000438       0x38 ./src/Engine.o
 .text.Chip_GPIO_SetPinDIRInput
                0x0000000000000470       0x3c ./src/Engine.o
 .text.Chip_GPIO_SetPinToggle
                0x00000000000004ac       0x4c ./src/Engine.o
 .text.Chip_GPIOINT_ClearIntStatus
                0x00000000000004f8       0x2c ./src/Engine.o
 .text.Chip_TIMER_MatchPending
                0x0000000000000524       0x34 ./src/Engine.o
 .text.Chip_TIMER_ClearMatch
                0x0000000000000558       0x28 ./src/Engine.o
 .text.Chip_TIMER_Enable
                0x0000000000000580       0x20 ./src/Engine.o
 .text.Chip_TIMER_SetMatch
                0x00000000000005a0       0x28 ./src/Engine.o
 .text.Chip_TIMER_MatchEnableInt
                0x00000000000005c8       0x34 ./src/Engine.o
 .text.Chip_TIMER_ResetOnMatchEnable
                0x00000000000005fc       0x34 ./src/Engine.o
 .text.testTransmit
                0x0000000000000630       0xb0 ./src/Engine.o
                0x0000000000000630                testTransmit
 .text.TIMER0_IRQHandler
                0x00000000000006e0       0x84 ./src/Engine.o
                0x00000000000006e0                TIMER0_IRQHandler
 .text.EINT3_IRQHandler
                0x0000000000000764       0xcc ./src/Engine.o
                0x0000000000000764                EINT3_IRQHandler
 .text.resetBuffer
                0x0000000000000830       0x18 ./src/Engine.o
                0x0000000000000830                resetBuffer
 .text.main     0x0000000000000848      0x204 ./src/Engine.o
                0x0000000000000848                main
 .text.Chip_GPIO_GetPinState
                0x0000000000000a4c       0x38 ./src/LISAreceiver.o
 .text.Chip_GPIO_SetPinOutHigh
                0x0000000000000a84       0x2c ./src/LISAreceiver.o
 .text.Chip_GPIO_SetPinOutLow
                0x0000000000000ab0       0x2c ./src/LISAreceiver.o
 .text.readBit  0x0000000000000adc       0x44 ./src/LISAreceiver.o
                0x0000000000000adc                readBit
 .text.sendToBuffer
                0x0000000000000b20       0xb4 ./src/LISAreceiver.o
                0x0000000000000b20                sendToBuffer
 .text.bufferIndexChanged
                0x0000000000000bd4       0x58 ./src/LISAreceiver.o
                0x0000000000000bd4                bufferIndexChanged
 .text.findPrefix
                0x0000000000000c2c      0x2cc ./src/LISAreceiver.o
                0x0000000000000c2c                findPrefix
 .text.makeSubString
                0x0000000000000ef8      0x170 ./src/LISAreceiver.o
                0x0000000000000ef8                makeSubString
 .text.makeSubStringChar
                0x0000000000001068       0x8c ./src/LISAreceiver.o
                0x0000000000001068                makeSubStringChar
 .text.Chip_GPIO_SetPinOutHigh
                0x00000000000010f4       0x2c ./src/LISAtransmitter.o
 .text.Chip_GPIO_SetPinOutLow
                0x0000000000001120       0x2c ./src/LISAtransmitter.o
 .text.createPrefix
                0x000000000000114c       0x4c ./src/LISAtransmitter.o
                0x000000000000114c                createPrefix
 .text.addToPacket
                0x0000000000001198       0x80 ./src/LISAtransmitter.o
                0x0000000000001198                addToPacket
 .text.sendPacket
                0x0000000000001218       0x5c ./src/LISAtransmitter.o
                0x0000000000001218                sendPacket
 .text.deletePacket
                0x0000000000001274       0x28 ./src/LISAtransmitter.o
                0x0000000000001274                deletePacket
 .text.composePacket
                0x000000000000129c       0x6c ./src/LISAtransmitter.o
                0x000000000000129c                composePacket
 .text.pushBit  0x0000000000001308       0x40 ./src/LISAtransmitter.o
                0x0000000000001308                pushBit
 .text.sendBit  0x0000000000001348       0x78 ./src/LISAtransmitter.o
                0x0000000000001348                sendBit
 .text.getFront
                0x00000000000013c0       0x24 ./src/queue.o
                0x00000000000013c0                getFront
 .text.push     0x00000000000013e4       0x68 ./src/queue.o
                0x00000000000013e4                push
 .text.pop      0x000000000000144c       0x6c ./src/queue.o
                0x000000000000144c                pop
 .text.getQueueSize
                0x00000000000014b8       0x14 ./src/queue.o
                0x00000000000014b8                getQueueSize
 .text.scrambleShiftRegisterReset
                0x00000000000014cc       0x20 ./src/scrambler.o
                0x00000000000014cc                scrambleShiftRegisterReset
 .text.descrambleShiftRegisterReset
                0x00000000000014ec       0x20 ./src/scrambler.o
                0x00000000000014ec                descrambleShiftRegisterReset
 .text.scrambleStep
                0x000000000000150c      0x194 ./src/scrambler.o
                0x000000000000150c                scrambleStep
 .text.scramble
                0x00000000000016a0       0x5c ./src/scrambler.o
                0x00000000000016a0                scramble
 .text.descramble
                0x00000000000016fc       0x58 ./src/scrambler.o
                0x00000000000016fc                descramble
 .text.descrambleStep
                0x0000000000001754      0x194 ./src/scrambler.o
                0x0000000000001754                descrambleStep
 .text.scrambleShiftRegisterInit
                0x00000000000018e8       0x74 ./src/scrambler.o
                0x00000000000018e8                scrambleShiftRegisterInit
 .text.descrambleShiftRegisterInit
                0x000000000000195c       0x74 ./src/scrambler.o
                0x000000000000195c                descrambleShiftRegisterInit
 .text.scramblerShiftIn
                0x00000000000019d0       0x2c ./src/scrambler.o
                0x00000000000019d0                scramblerShiftIn
 .text.descramblerShiftIn
                0x00000000000019fc       0x2c ./src/scrambler.o
                0x00000000000019fc                descramblerShiftIn
 .text.shiftInArray
                0x0000000000001a28       0x94 ./src/scrambler.o
                0x0000000000001a28                shiftInArray
 .text.getBit   0x0000000000001abc       0x2c ./src/scrambler.o
                0x0000000000001abc                getBit
 .text.SystemInit
                0x0000000000001ae8       0x24 ./src/sysinit.o
                0x0000000000001ae8                SystemInit
 .text.Chip_IOCON_Init
                0x0000000000001b0c       0x18 /Users/dev/Documents/LPCXpresso_8.2.0/workspace/lpc_board_nxp_lpcxpresso_1769/Debug/liblpc_board_nxp_lpcxpresso_1769.a(board.o)
 .text.Chip_GPIO_Init
                0x0000000000001b24       0x18 /Users/dev/Documents/LPCXpresso_8.2.0/workspace/lpc_board_nxp_lpcxpresso_1769/Debug/liblpc_board_nxp_lpcxpresso_1769.a(board.o)
 .text.Chip_GPIO_SetPinState
                0x0000000000001b3c       0x68 /Users/dev/Documents/LPCXpresso_8.2.0/workspace/lpc_board_nxp_lpcxpresso_1769/Debug/liblpc_board_nxp_lpcxpresso_1769.a(board.o)
 .text.Chip_GPIO_WritePortBit
                0x0000000000001ba4       0x2c /Users/dev/Documents/LPCXpresso_8.2.0/workspace/lpc_board_nxp_lpcxpresso_1769/Debug/liblpc_board_nxp_lpcxpresso_1769.a(board.o)
 .text.Chip_GPIO_GetPinState
                0x0000000000001bd0       0x38 /Users/dev/Documents/LPCXpresso_8.2.0/workspace/lpc_board_nxp_lpcxpresso_1769/Debug/liblpc_board_nxp_lpcxpresso_1769.a(board.o)
 .text.Chip_GPIO_ReadPortBit
                0x0000000000001c08       0x28 /Users/dev/Documents/LPCXpresso_8.2.0/workspace/lpc_board_nxp_lpcxpresso_1769/Debug/liblpc_board_nxp_lpcxpresso_1769.a(board.o)
 .text.Chip_GPIO_SetPinDIROutput
                0x0000000000001c30       0x38 /Users/dev/Documents/LPCXpresso_8.2.0/workspace/lpc_board_nxp_lpcxpresso_1769/Debug/liblpc_board_nxp_lpcxpresso_1769.a(board.o)
 .text.Chip_GPIO_SetPinDIRInput
                0x0000000000001c68       0x3c /Users/dev/Documents/LPCXpresso_8.2.0/workspace/lpc_board_nxp_lpcxpresso_1769/Debug/liblpc_board_nxp_lpcxpresso_1769.a(board.o)
 .text.Chip_GPIO_SetPinDIR
                0x0000000000001ca4       0x44 /Users/dev/Documents/LPCXpresso_8.2.0/workspace/lpc_board_nxp_lpcxpresso_1769/Debug/liblpc_board_nxp_lpcxpresso_1769.a(board.o)
 .text.Chip_GPIO_WriteDirBit
                0x0000000000001ce8       0x30 /Users/dev/Documents/LPCXpresso_8.2.0/workspace/lpc_board_nxp_lpcxpresso_1769/Debug/liblpc_board_nxp_lpcxpresso_1769.a(board.o)
 .text.Board_LED_Init
                0x0000000000001d18       0x30 /Users/dev/Documents/LPCXpresso_8.2.0/workspace/lpc_board_nxp_lpcxpresso_1769/Debug/liblpc_board_nxp_lpcxpresso_1769.a(board.o)
 .text.Board_LED_Set
                0x0000000000001d48       0x58 /Users/dev/Documents/LPCXpresso_8.2.0/workspace/lpc_board_nxp_lpcxpresso_1769/Debug/liblpc_board_nxp_lpcxpresso_1769.a(board.o)
                0x0000000000001d48                Board_LED_Set
 .text.Board_LED_Test
                0x0000000000001da0       0x5c /Users/dev/Documents/LPCXpresso_8.2.0/workspace/lpc_board_nxp_lpcxpresso_1769/Debug/liblpc_board_nxp_lpcxpresso_1769.a(board.o)
                0x0000000000001da0                Board_LED_Test
 .text.Board_LED_Toggle
                0x0000000000001dfc       0x44 /Users/dev/Documents/LPCXpresso_8.2.0/workspace/lpc_board_nxp_lpcxpresso_1769/Debug/liblpc_board_nxp_lpcxpresso_1769.a(board.o)
                0x0000000000001dfc                Board_LED_Toggle
 .text.Board_Init
                0x0000000000001e40       0x20 /Users/dev/Documents/LPCXpresso_8.2.0/workspace/lpc_board_nxp_lpcxpresso_1769/Debug/liblpc_board_nxp_lpcxpresso_1769.a(board.o)
                0x0000000000001e40                Board_Init
 .text.Chip_SYSCTL_SetFLASHAccess
                0x0000000000001e60       0x30 /Users/dev/Documents/LPCXpresso_8.2.0/workspace/lpc_board_nxp_lpcxpresso_1769/Debug/liblpc_board_nxp_lpcxpresso_1769.a(board_sysinit.o)
 .text.Board_SetupMuxing
                0x0000000000001e90       0x1c /Users/dev/Documents/LPCXpresso_8.2.0/workspace/lpc_board_nxp_lpcxpresso_1769/Debug/liblpc_board_nxp_lpcxpresso_1769.a(board_sysinit.o)
                0x0000000000001e90                Board_SetupMuxing
 .text.Board_SetupClocking
                0x0000000000001eac       0x14 /Users/dev/Documents/LPCXpresso_8.2.0/workspace/lpc_board_nxp_lpcxpresso_1769/Debug/liblpc_board_nxp_lpcxpresso_1769.a(board_sysinit.o)
                0x0000000000001eac                Board_SetupClocking
 .text.Board_SystemInit
                0x0000000000001ec0       0x10 /Users/dev/Documents/LPCXpresso_8.2.0/workspace/lpc_board_nxp_lpcxpresso_1769/Debug/liblpc_board_nxp_lpcxpresso_1769.a(board_sysinit.o)
                0x0000000000001ec0                Board_SystemInit
 .text.SystemCoreClockUpdate
                0x0000000000001ed0       0x18 /Users/dev/Documents/LPCXpresso_8.2.0/workspace/lpc_chip_175x_6x/Debug/liblpc_chip_175x_6x.a(chip_17xx_40xx.o)
                0x0000000000001ed0                SystemCoreClockUpdate
 .text.Chip_Clock_IsMainPLLEnabled
                0x0000000000001ee8       0x24 /Users/dev/Documents/LPCXpresso_8.2.0/workspace/lpc_chip_175x_6x/Debug/liblpc_chip_175x_6x.a(clock_17xx_40xx.o)
 .text.Chip_Clock_IsMainPLLConnected
                0x0000000000001f0c       0x24 /Users/dev/Documents/LPCXpresso_8.2.0/workspace/lpc_chip_175x_6x/Debug/liblpc_chip_175x_6x.a(clock_17xx_40xx.o)
 .text.Chip_Clock_FeedPLL
                0x0000000000001f30       0x34 /Users/dev/Documents/LPCXpresso_8.2.0/workspace/lpc_chip_175x_6x/Debug/liblpc_chip_175x_6x.a(clock_17xx_40xx.o)
 .text.Chip_Clock_GetMainPLLSource
                0x0000000000001f64       0x20 /Users/dev/Documents/LPCXpresso_8.2.0/workspace/lpc_chip_175x_6x/Debug/liblpc_chip_175x_6x.a(clock_17xx_40xx.o)
 .text.Chip_Clock_GetMainOscRate
                0x0000000000001f84       0x14 /Users/dev/Documents/LPCXpresso_8.2.0/workspace/lpc_chip_175x_6x/Debug/liblpc_chip_175x_6x.a(clock_17xx_40xx.o)
 .text.Chip_Clock_GetIntOscRate
                0x0000000000001f98       0x14 /Users/dev/Documents/LPCXpresso_8.2.0/workspace/lpc_chip_175x_6x/Debug/liblpc_chip_175x_6x.a(clock_17xx_40xx.o)
 .text.Chip_Clock_GetRTCOscRate
                0x0000000000001fac       0x14 /Users/dev/Documents/LPCXpresso_8.2.0/workspace/lpc_chip_175x_6x/Debug/liblpc_chip_175x_6x.a(clock_17xx_40xx.o)
 .text.Chip_Clock_GetMainPLLInClockRate
                0x0000000000001fc0       0x10 /Users/dev/Documents/LPCXpresso_8.2.0/workspace/lpc_chip_175x_6x/Debug/liblpc_chip_175x_6x.a(clock_17xx_40xx.o)
 .text.Chip_Clock_EnablePLL
                0x0000000000001fd0       0x44 /Users/dev/Documents/LPCXpresso_8.2.0/workspace/lpc_chip_175x_6x/Debug/liblpc_chip_175x_6x.a(clock_17xx_40xx.o)
                0x0000000000001fd0                Chip_Clock_EnablePLL
 .text.Chip_Clock_DisablePLL
                0x0000000000002014       0x48 /Users/dev/Documents/LPCXpresso_8.2.0/workspace/lpc_chip_175x_6x/Debug/liblpc_chip_175x_6x.a(clock_17xx_40xx.o)
                0x0000000000002014                Chip_Clock_DisablePLL
 .text.Chip_Clock_SetupPLL
                0x000000000000205c       0x5c /Users/dev/Documents/LPCXpresso_8.2.0/workspace/lpc_chip_175x_6x/Debug/liblpc_chip_175x_6x.a(clock_17xx_40xx.o)
                0x000000000000205c                Chip_Clock_SetupPLL
 .text.Chip_Clock_EnablePeriphClock
                0x00000000000020b8       0x34 /Users/dev/Documents/LPCXpresso_8.2.0/workspace/lpc_chip_175x_6x/Debug/liblpc_chip_175x_6x.a(clock_17xx_40xx.o)
                0x00000000000020b8                Chip_Clock_EnablePeriphClock
 .text.Chip_Clock_GetCPUClockSource
                0x00000000000020ec       0x24 /Users/dev/Documents/LPCXpresso_8.2.0/workspace/lpc_chip_175x_6x/Debug/liblpc_chip_175x_6x.a(clock_17xx_40xx.o)
                0x00000000000020ec                Chip_Clock_GetCPUClockSource
 .text.Chip_Clock_SetCPUClockDiv
                0x0000000000002110       0x20 /Users/dev/Documents/LPCXpresso_8.2.0/workspace/lpc_chip_175x_6x/Debug/liblpc_chip_175x_6x.a(clock_17xx_40xx.o)
                0x0000000000002110                Chip_Clock_SetCPUClockDiv
 .text.Chip_Clock_GetCPUClockDiv
                0x0000000000002130       0x1c /Users/dev/Documents/LPCXpresso_8.2.0/workspace/lpc_chip_175x_6x/Debug/liblpc_chip_175x_6x.a(clock_17xx_40xx.o)
                0x0000000000002130                Chip_Clock_GetCPUClockDiv
 .text.Chip_Clock_GetPCLKDiv
                0x000000000000214c       0x8c /Users/dev/Documents/LPCXpresso_8.2.0/workspace/lpc_chip_175x_6x/Debug/liblpc_chip_175x_6x.a(clock_17xx_40xx.o)
                0x000000000000214c                Chip_Clock_GetPCLKDiv
 .text.Chip_Clock_GetSYSCLKRate
                0x00000000000021d8       0x34 /Users/dev/Documents/LPCXpresso_8.2.0/workspace/lpc_chip_175x_6x/Debug/liblpc_chip_175x_6x.a(clock_17xx_40xx.o)
                0x00000000000021d8                Chip_Clock_GetSYSCLKRate
 .text.Chip_Clock_GetMainPLLOutClockRate
                0x000000000000220c       0x54 /Users/dev/Documents/LPCXpresso_8.2.0/workspace/lpc_chip_175x_6x/Debug/liblpc_chip_175x_6x.a(clock_17xx_40xx.o)
                0x000000000000220c                Chip_Clock_GetMainPLLOutClockRate
 .text.Chip_Clock_GetMainClockRate
                0x0000000000002260       0x28 /Users/dev/Documents/LPCXpresso_8.2.0/workspace/lpc_chip_175x_6x/Debug/liblpc_chip_175x_6x.a(clock_17xx_40xx.o)
                0x0000000000002260                Chip_Clock_GetMainClockRate
 .text.Chip_Clock_GetSystemClockRate
                0x0000000000002288       0x18 /Users/dev/Documents/LPCXpresso_8.2.0/workspace/lpc_chip_175x_6x/Debug/liblpc_chip_175x_6x.a(clock_17xx_40xx.o)
                0x0000000000002288                Chip_Clock_GetSystemClockRate
 .text.Chip_Clock_GetPeripheralClockRate
                0x00000000000022a0       0x28 /Users/dev/Documents/LPCXpresso_8.2.0/workspace/lpc_chip_175x_6x/Debug/liblpc_chip_175x_6x.a(clock_17xx_40xx.o)
                0x00000000000022a0                Chip_Clock_GetPeripheralClockRate
 .text.Chip_IOCON_PinMuxSet
                0x00000000000022c8       0x38 /Users/dev/Documents/LPCXpresso_8.2.0/workspace/lpc_chip_175x_6x/Debug/liblpc_chip_175x_6x.a(iocon_17xx_40xx.o)
                0x00000000000022c8                Chip_IOCON_PinMuxSet
 .text.Chip_IOCON_PinMux
                0x0000000000002300       0x94 /Users/dev/Documents/LPCXpresso_8.2.0/workspace/lpc_chip_175x_6x/Debug/liblpc_chip_175x_6x.a(iocon_17xx_40xx.o)
                0x0000000000002300                Chip_IOCON_PinMux
 .text.Chip_IOCON_SetPinMuxing
                0x0000000000002394       0x64 /Users/dev/Documents/LPCXpresso_8.2.0/workspace/lpc_chip_175x_6x/Debug/liblpc_chip_175x_6x.a(iocon_17xx_40xx.o)
                0x0000000000002394                Chip_IOCON_SetPinMuxing
 .text.Chip_Clock_IsMainPLLEnabled
                0x00000000000023f8       0x24 /Users/dev/Documents/LPCXpresso_8.2.0/workspace/lpc_chip_175x_6x/Debug/liblpc_chip_175x_6x.a(sysinit_17xx_40xx.o)
 .text.Chip_Clock_IsMainPLLLocked
                0x000000000000241c       0x24 /Users/dev/Documents/LPCXpresso_8.2.0/workspace/lpc_chip_175x_6x/Debug/liblpc_chip_175x_6x.a(sysinit_17xx_40xx.o)
 .text.Chip_Clock_IsMainPLLConnected
                0x0000000000002440       0x24 /Users/dev/Documents/LPCXpresso_8.2.0/workspace/lpc_chip_175x_6x/Debug/liblpc_chip_175x_6x.a(sysinit_17xx_40xx.o)
 .text.Chip_Clock_EnableCrystal
                0x0000000000002464       0x20 /Users/dev/Documents/LPCXpresso_8.2.0/workspace/lpc_chip_175x_6x/Debug/liblpc_chip_175x_6x.a(sysinit_17xx_40xx.o)
 .text.Chip_Clock_IsCrystalEnabled
                0x0000000000002484       0x24 /Users/dev/Documents/LPCXpresso_8.2.0/workspace/lpc_chip_175x_6x/Debug/liblpc_chip_175x_6x.a(sysinit_17xx_40xx.o)
 .text.Chip_Clock_SetMainPLLSource
                0x00000000000024a8       0x20 /Users/dev/Documents/LPCXpresso_8.2.0/workspace/lpc_chip_175x_6x/Debug/liblpc_chip_175x_6x.a(sysinit_17xx_40xx.o)
 .text.Chip_SetupXtalClocking
                0x00000000000024c8       0x90 /Users/dev/Documents/LPCXpresso_8.2.0/workspace/lpc_chip_175x_6x/Debug/liblpc_chip_175x_6x.a(sysinit_17xx_40xx.o)
                0x00000000000024c8                Chip_SetupXtalClocking
 .text.Chip_Timer_GetClockIndex
                0x0000000000002558       0x50 /Users/dev/Documents/LPCXpresso_8.2.0/workspace/lpc_chip_175x_6x/Debug/liblpc_chip_175x_6x.a(timer_17xx_40xx.o)
 .text.Chip_TIMER_Init
                0x00000000000025a8       0x20 /Users/dev/Documents/LPCXpresso_8.2.0/workspace/lpc_chip_175x_6x/Debug/liblpc_chip_175x_6x.a(timer_17xx_40xx.o)
                0x00000000000025a8                Chip_TIMER_Init
 .text.Chip_TIMER_Reset
                0x00000000000025c8       0x3c /Users/dev/Documents/LPCXpresso_8.2.0/workspace/lpc_chip_175x_6x/Debug/liblpc_chip_175x_6x.a(timer_17xx_40xx.o)
                0x00000000000025c8                Chip_TIMER_Reset
 .text.memcpy   0x0000000000002604        0x4 /Applications/lpcxpresso_8.2.0_647/lpcxpresso/tools/bin/../lib/gcc/arm-none-eabi/5.3.1/../../../../arm-none-eabi/lib/armv7-m/libcr_c.a(memcpy.o)
                0x0000000000002604                memcpy
 .text.memset   0x0000000000002608        0x4 /Applications/lpcxpresso_8.2.0_647/lpcxpresso/tools/bin/../lib/gcc/arm-none-eabi/5.3.1/../../../../arm-none-eabi/lib/armv7-m/libcr_c.a(memset.o)
                0x0000000000002608                memset
 .text.malloc   0x000000000000260c       0xc8 /Applications/lpcxpresso_8.2.0_647/lpcxpresso/tools/bin/../lib/gcc/arm-none-eabi/5.3.1/../../../../arm-none-eabi/lib/armv7-m/libcr_c.a(alloc.o)
                0x000000000000260c                malloc
 .text.free     0x00000000000026d4       0x30 /Applications/lpcxpresso_8.2.0_647/lpcxpresso/tools/bin/../lib/gcc/arm-none-eabi/5.3.1/../../../../arm-none-eabi/lib/armv7-m/libcr_c.a(alloc.o)
                0x00000000000026d4                free
 .text._Csys_alloc
                0x0000000000002704       0x20 /Applications/lpcxpresso_8.2.0_647/lpcxpresso/tools/bin/../lib/gcc/arm-none-eabi/5.3.1/../../../../arm-none-eabi/lib/armv7-m/libcr_c.a(alloc.o)
                0x0000000000002704                _Csys_alloc
 .text.fp_round
                0x0000000000002724       0x4c /Applications/lpcxpresso_8.2.0_647/lpcxpresso/tools/bin/../lib/gcc/arm-none-eabi/5.3.1/../../../../arm-none-eabi/lib/armv7-m/libcr_c.a(fpprintf.o)
 .text.pr_dec.constprop.1
                0x0000000000002770       0x26 /Applications/lpcxpresso_8.2.0_647/lpcxpresso/tools/bin/../lib/gcc/arm-none-eabi/5.3.1/../../../../arm-none-eabi/lib/armv7-m/libcr_c.a(fpprintf.o)
 *fill*         0x0000000000002796        0x2 ff
 .text.sprintf  0x0000000000002798       0x6c /Applications/lpcxpresso_8.2.0_647/lpcxpresso/tools/bin/../lib/gcc/arm-none-eabi/5.3.1/../../../../arm-none-eabi/lib/armv7-m/libcr_c.a(fpprintf.o)
                0x0000000000002798                sprintf
 *fill*         0x0000000000002804        0x4 ff
 .text.fp_display
                0x0000000000002808      0x8ec /Applications/lpcxpresso_8.2.0_647/lpcxpresso/tools/bin/../lib/gcc/arm-none-eabi/5.3.1/../../../../arm-none-eabi/lib/armv7-m/libcr_c.a(fpprintf.o)
 .text.vsnprintf
                0x00000000000030f4       0x5c /Applications/lpcxpresso_8.2.0_647/lpcxpresso/tools/bin/../lib/gcc/arm-none-eabi/5.3.1/../../../../arm-none-eabi/lib/armv7-m/libcr_c.a(fpprintf.o)
                0x00000000000030f4                vsnprintf
 .text.printf   0x0000000000003150       0x54 /Applications/lpcxpresso_8.2.0_647/lpcxpresso/tools/bin/../lib/gcc/arm-none-eabi/5.3.1/../../../../arm-none-eabi/lib/armv7-m/libcr_c.a(fpprintf.o)
                0x0000000000003150                printf
 .text.__vfprintf
                0x00000000000031a4      0xd28 /Applications/lpcxpresso_8.2.0_647/lpcxpresso/tools/bin/../lib/gcc/arm-none-eabi/5.3.1/../../../../arm-none-eabi/lib/armv7-m/libcr_c.a(printf.o)
                0x00000000000031a4                __vfprintf
 .text.strlen   0x0000000000003ecc       0x4a /Applications/lpcxpresso_8.2.0_647/lpcxpresso/tools/bin/../lib/gcc/arm-none-eabi/5.3.1/../../../../arm-none-eabi/lib/armv7-m/libcr_c.a(strlen.o)
                0x0000000000003ecc                strlen
 *fill*         0x0000000000003f16        0x2 ff
 .text._sbrk    0x0000000000003f18       0x40 /Applications/lpcxpresso_8.2.0_647/lpcxpresso/tools/bin/../lib/gcc/arm-none-eabi/5.3.1/../../../../arm-none-eabi/lib/armv7-m/libcr_c.a(_cr_sbrk.o)
                0x0000000000003f18                _sbrk
 .text._deferredlazyseek
                0x0000000000003f58       0x44 /Applications/lpcxpresso_8.2.0_647/lpcxpresso/tools/bin/../lib/gcc/arm-none-eabi/5.3.1/../../../../arm-none-eabi/lib/armv7-m/libcr_c.a(_deferredlazyseek.o)
                0x0000000000003f58                _deferredlazyseek
 .text.__flsbuf
                0x0000000000003f9c      0x140 /Applications/lpcxpresso_8.2.0_647/lpcxpresso/tools/bin/../lib/gcc/arm-none-eabi/5.3.1/../../../../arm-none-eabi/lib/armv7-m/libcr_c.a(_deferredlazyseek.o)
                0x0000000000003f9c                __flsbuf
 .text._fflush  0x00000000000040dc       0x58 /Applications/lpcxpresso_8.2.0_647/lpcxpresso/tools/bin/../lib/gcc/arm-none-eabi/5.3.1/../../../../arm-none-eabi/lib/armv7-m/libcr_c.a(_fflush.o)
                0x00000000000040dc                _fflush
 .text._frexpl  0x0000000000004134       0x5a /Applications/lpcxpresso_8.2.0_647/lpcxpresso/tools/bin/../lib/gcc/arm-none-eabi/5.3.1/../../../../arm-none-eabi/lib/armv7-m/libcr_c.a(_frexpl.o)
                0x0000000000004134                _frexpl
 *fill*         0x000000000000418e        0x2 ff
 .text._ldexpl  0x0000000000004190       0x4c /Applications/lpcxpresso_8.2.0_647/lpcxpresso/tools/bin/../lib/gcc/arm-none-eabi/5.3.1/../../../../arm-none-eabi/lib/armv7-m/libcr_c.a(_ldexpl.o)
                0x0000000000004190                _ldexpl
 .text._Cwritebuf
                0x00000000000041dc       0x68 /Applications/lpcxpresso_8.2.0_647/lpcxpresso/tools/bin/../lib/gcc/arm-none-eabi/5.3.1/../../../../arm-none-eabi/lib/armv7-m/libcr_c.a(_writebuf.o)
                0x00000000000041dc                _Cwritebuf
 .text.fseek    0x0000000000004244      0x110 /Applications/lpcxpresso_8.2.0_647/lpcxpresso/tools/bin/../lib/gcc/arm-none-eabi/5.3.1/../../../../arm-none-eabi/lib/armv7-m/libcr_c.a(fseek.o)
                0x0000000000004244                fseek
 .text.ftell    0x0000000000004354       0x4c /Applications/lpcxpresso_8.2.0_647/lpcxpresso/tools/bin/../lib/gcc/arm-none-eabi/5.3.1/../../../../arm-none-eabi/lib/armv7-m/libcr_c.a(ftell.o)
                0x0000000000004354                ftell
 .text.__check_heap_overflow
                0x00000000000043a0       0x18 /Applications/lpcxpresso_8.2.0_647/lpcxpresso/tools/bin/../lib/gcc/arm-none-eabi/5.3.1/../../../../arm-none-eabi/lib/armv7-m/libcr_c.a(_cr_check_heap.o)
                0x00000000000043a0                __check_heap_overflow
 .text.__aeabi_dmul
                0x00000000000043b8      0x110 /Applications/lpcxpresso_8.2.0_647/lpcxpresso/tools/bin/../lib/gcc/arm-none-eabi/5.3.1/armv7-m/libcr_eabihelpers.a(double.o)
                0x00000000000043b8                __aeabi_dmul
 .text.__aeabi_ddiv
                0x00000000000044c8      0x138 /Applications/lpcxpresso_8.2.0_647/lpcxpresso/tools/bin/../lib/gcc/arm-none-eabi/5.3.1/armv7-m/libcr_eabihelpers.a(double.o)
                0x00000000000044c8                __aeabi_ddiv
 .text.__aeabi_dsub
                0x0000000000004600      0x1a0 /Applications/lpcxpresso_8.2.0_647/lpcxpresso/tools/bin/../lib/gcc/arm-none-eabi/5.3.1/armv7-m/libcr_eabihelpers.a(double.o)
                0x0000000000004600                __aeabi_dsub
 .text.__aeabi_dadd
                0x00000000000047a0      0x10c /Applications/lpcxpresso_8.2.0_647/lpcxpresso/tools/bin/../lib/gcc/arm-none-eabi/5.3.1/armv7-m/libcr_eabihelpers.a(double.o)
                0x00000000000047a0                __aeabi_dadd
 .text.__aeabi_d2iz
                0x00000000000048ac       0x40 /Applications/lpcxpresso_8.2.0_647/lpcxpresso/tools/bin/../lib/gcc/arm-none-eabi/5.3.1/armv7-m/libcr_eabihelpers.a(double.o)
                0x00000000000048ac                __aeabi_d2iz
 .text.__bhs_ui2d
                0x00000000000048ec       0x46 /Applications/lpcxpresso_8.2.0_647/lpcxpresso/tools/bin/../lib/gcc/arm-none-eabi/5.3.1/armv7-m/libcr_eabihelpers.a(double.o)
                0x00000000000048ec                __bhs_ui2d
 .text.__aeabi_i2d
                0x0000000000004932       0x10 /Applications/lpcxpresso_8.2.0_647/lpcxpresso/tools/bin/../lib/gcc/arm-none-eabi/5.3.1/armv7-m/libcr_eabihelpers.a(double.o)
                0x0000000000004932                __aeabi_i2d
 .text.__aeabi_dcmpeq
                0x0000000000004942       0x2c /Applications/lpcxpresso_8.2.0_647/lpcxpresso/tools/bin/../lib/gcc/arm-none-eabi/5.3.1/armv7-m/libcr_eabihelpers.a(double.o)
                0x0000000000004942                __aeabi_dcmpeq
 .text.__aeabi_dcmplt
                0x000000000000496e       0x54 /Applications/lpcxpresso_8.2.0_647/lpcxpresso/tools/bin/../lib/gcc/arm-none-eabi/5.3.1/armv7-m/libcr_eabihelpers.a(double.o)
                0x000000000000496e                __aeabi_dcmplt
 .text.__aeabi_dcmple
                0x00000000000049c2       0x54 /Applications/lpcxpresso_8.2.0_647/lpcxpresso/tools/bin/../lib/gcc/arm-none-eabi/5.3.1/armv7-m/libcr_eabihelpers.a(double.o)
                0x00000000000049c2                __aeabi_dcmple
 .text.__aeabi_dcmpge
                0x0000000000004a16       0x54 /Applications/lpcxpresso_8.2.0_647/lpcxpresso/tools/bin/../lib/gcc/arm-none-eabi/5.3.1/armv7-m/libcr_eabihelpers.a(double.o)
                0x0000000000004a16                __aeabi_dcmpge
 .text.__aeabi_memcpy
                0x0000000000004a6a       0x34 /Applications/lpcxpresso_8.2.0_647/lpcxpresso/tools/bin/../lib/gcc/arm-none-eabi/5.3.1/armv7-m/libcr_eabihelpers.a(memcpy.o)
                0x0000000000004a6a                __aeabi_memcpy
                0x0000000000004a74                __aeabi_memcpy4
                0x0000000000004a74                __aeabi_memcpy8
 .text.__aeabi_memset_lowlevel
                0x0000000000004a9e       0x32 /Applications/lpcxpresso_8.2.0_647/lpcxpresso/tools/bin/../lib/gcc/arm-none-eabi/5.3.1/armv7-m/libcr_eabihelpers.a(memcpy.o)
                0x0000000000004a9e                __aeabi_lowlevel_memset
 .text.__sys_appexit
                0x0000000000004ad0        0xc /Applications/lpcxpresso_8.2.0_647/lpcxpresso/tools/bin/../lib/gcc/arm-none-eabi/5.3.1/../../../../arm-none-eabi/lib/armv7-m/libcr_semihost.a(__sys_appexit.o)
                0x0000000000004ad0                __exit
                0x0000000000004ad0                __sys_appexit
 .text.__sys_flen
                0x0000000000004adc        0xc /Applications/lpcxpresso_8.2.0_647/lpcxpresso/tools/bin/../lib/gcc/arm-none-eabi/5.3.1/../../../../arm-none-eabi/lib/armv7-m/libcr_semihost.a(__sys_flen.o)
                0x0000000000004adc                __sys_flen
 .text.__sys_istty
                0x0000000000004ae8        0xc /Applications/lpcxpresso_8.2.0_647/lpcxpresso/tools/bin/../lib/gcc/arm-none-eabi/5.3.1/../../../../arm-none-eabi/lib/armv7-m/libcr_semihost.a(__sys_istty.o)
                0x0000000000004ae8                __sys_istty
 .text.__sys_seek
                0x0000000000004af4        0xc /Applications/lpcxpresso_8.2.0_647/lpcxpresso/tools/bin/../lib/gcc/arm-none-eabi/5.3.1/../../../../arm-none-eabi/lib/armv7-m/libcr_semihost.a(__sys_seek.o)
                0x0000000000004af4                __sys_seek
 .text.__sys_write
                0x0000000000004b00        0xc /Applications/lpcxpresso_8.2.0_647/lpcxpresso/tools/bin/../lib/gcc/arm-none-eabi/5.3.1/../../../../arm-none-eabi/lib/armv7-m/libcr_semihost.a(__sys_write.o)
                0x0000000000004b00                __write
                0x0000000000004b00                __sys_write
 *(.rodata .rodata.* .constdata .constdata.*)
 .rodata        0x0000000000004b0c       0xab ./src/Engine.o
 *fill*         0x0000000000004bb7        0x1 ff
 .rodata        0x0000000000004bb8       0x42 ./src/LISAtransmitter.o
 *fill*         0x0000000000004bfa        0x2 ff
 .rodata.OscRateIn
                0x0000000000004bfc        0x4 /Users/dev/Documents/LPCXpresso_8.2.0/workspace/lpc_board_nxp_lpcxpresso_1769/Debug/liblpc_board_nxp_lpcxpresso_1769.a(board.o)
                0x0000000000004bfc                OscRateIn
 .rodata.RTCOscRateIn
                0x0000000000004c00        0x4 /Users/dev/Documents/LPCXpresso_8.2.0/workspace/lpc_board_nxp_lpcxpresso_1769/Debug/liblpc_board_nxp_lpcxpresso_1769.a(board.o)
                0x0000000000004c00                RTCOscRateIn
 .rodata.pinmuxing
                0x0000000000004c04       0x5c /Users/dev/Documents/LPCXpresso_8.2.0/workspace/lpc_board_nxp_lpcxpresso_1769/Debug/liblpc_board_nxp_lpcxpresso_1769.a(board_sysinit.o)
 .rodata.str1.1
                0x0000000000004c60       0x18 /Applications/lpcxpresso_8.2.0_647/lpcxpresso/tools/bin/../lib/gcc/arm-none-eabi/5.3.1/../../../../arm-none-eabi/lib/armv7-m/libcr_c.a(alloc.o)
 .rodata.str1.1
                0x0000000000004c78       0x34 /Applications/lpcxpresso_8.2.0_647/lpcxpresso/tools/bin/../lib/gcc/arm-none-eabi/5.3.1/../../../../arm-none-eabi/lib/armv7-m/libcr_c.a(fpprintf.o)
                                         0x35 (size before relaxing)
 .rodata.str1.1
                0x0000000000004cac       0x31 /Applications/lpcxpresso_8.2.0_647/lpcxpresso/tools/bin/../lib/gcc/arm-none-eabi/5.3.1/../../../../arm-none-eabi/lib/armv7-m/libcr_c.a(printf.o)
                                         0x38 (size before relaxing)
 *fill*         0x0000000000004cdd        0x3 ff
 .rodata.__huge_vall
                0x0000000000004ce0        0x8 /Applications/lpcxpresso_8.2.0_647/lpcxpresso/tools/bin/../lib/gcc/arm-none-eabi/5.3.1/../../../../arm-none-eabi/lib/armv7-m/libcr_c.a(_hugeval.o)
                0x0000000000004ce0                __huge_vall
                0x0000000000004ce8                . = ALIGN (0x4)

.glue_7         0x0000000000004ce8        0x0
 .glue_7        0x0000000000004ce8        0x0 linker stubs

.glue_7t        0x0000000000004ce8        0x0
 .glue_7t       0x0000000000004ce8        0x0 linker stubs

.vfp11_veneer   0x0000000000004ce8        0x0
 .vfp11_veneer  0x0000000000004ce8        0x0 linker stubs

.v4_bx          0x0000000000004ce8        0x0
 .v4_bx         0x0000000000004ce8        0x0 linker stubs

.iplt           0x0000000000004ce8        0x0
 .iplt          0x0000000000004ce8        0x0 ./src/Engine.o

.rel.dyn        0x0000000000004ce8        0x0
 .rel.iplt      0x0000000000004ce8        0x0 ./src/Engine.o

.ARM.extab
 *(.ARM.extab* .gnu.linkonce.armextab.*)
                0x0000000000004ce8                __exidx_start = .

.ARM.exidx
 *(.ARM.exidx* .gnu.linkonce.armexidx.*)
                0x0000000000004ce8                __exidx_end = .
                0x0000000000004ce8                _etext = .

.data_RAM2      0x000000002007c000        0x0 load address 0x0000000000004ce8
 FILL mask 0xff
                [!provide]                        PROVIDE (__start_data_RAM2, .)
 *(.ramfunc.$RAM2)
 *(.ramfunc.$RamAHB32)
 *(.data.$RAM2*)
 *(.data.$RamAHB32*)
                0x000000002007c000                . = ALIGN (0x4)
                [!provide]                        PROVIDE (__end_data_RAM2, .)

.uninit_RESERVED
                0x0000000010000000        0x0
 *(.bss.$RESERVED*)
                0x0000000010000000                . = ALIGN (0x4)
                0x0000000010000000                _end_uninit_RESERVED = .

.data           0x0000000010000000       0x34 load address 0x0000000000004ce8
 FILL mask 0xff
                0x0000000010000000                _data = .
 *(vtable)
 *(.ramfunc*)
 *(.data*)
 .data.payloadString
                0x0000000010000000        0x4 ./src/Engine.o
                0x0000000010000000                payloadString
 .data.firstscram
                0x0000000010000004        0x4 ./src/Engine.o
                0x0000000010000004                firstscram
 .data.counter.8640
                0x0000000010000008        0x4 ./src/Engine.o
 .data.bufferBitSize.8645
                0x000000001000000c        0x4 ./src/LISAreceiver.o
 .data.matchStringBitSize.8649
                0x0000000010000010        0x4 ./src/LISAreceiver.o
 .data.matchString.8644
                0x0000000010000014       0x20 ./src/LISAreceiver.o
                0x0000000010000034                . = ALIGN (0x4)
                0x0000000010000034                _edata = .

.igot.plt       0x0000000010000034        0x0 load address 0x0000000000004d1c
 .igot.plt      0x0000000010000034        0x0 ./src/Engine.o

.bss_RAM2       0x000000002007c000        0x0
                [!provide]                        PROVIDE (__start_bss_RAM2, .)
 *(.bss.$RAM2*)
 *(.bss.$RamAHB32*)
                0x000000002007c000                . = ALIGN ((. != 0x0)?0x4:0x1)
                [!provide]                        PROVIDE (__end_bss_RAM2, .)

.bss            0x0000000010000034      0x310
                0x0000000010000034                _bss = .
 *(.bss*)
 .bss.receiverBuffer
                0x0000000010000034       0x80 ./src/Engine.o
                0x0000000010000034                receiverBuffer
 .bss.packetCheckCounter
                0x00000000100000b4        0x2 ./src/Engine.o
 *fill*         0x00000000100000b6        0x2 
 .bss.sendCount
                0x00000000100000b8        0x4 ./src/Engine.o
                0x00000000100000b8                sendCount
 .bss.loopCount
                0x00000000100000bc        0x4 ./src/Engine.o
                0x00000000100000bc                loopCount
 .bss.packet    0x00000000100000c0        0x4 ./src/Engine.o
                0x00000000100000c0                packet
 .bss.packetSize
                0x00000000100000c4        0x4 ./src/Engine.o
                0x00000000100000c4                packetSize
 .bss.counter.8636
                0x00000000100000c8        0x4 ./src/Engine.o
 .bss.switch_state.8653
                0x00000000100000cc        0x1 ./src/Engine.o
 .bss.transmit_locked.8654
                0x00000000100000cd        0x1 ./src/Engine.o
 *fill*         0x00000000100000ce        0x2 
 .bss.currQueueSize.8655
                0x00000000100000d0        0x4 ./src/Engine.o
 .bss.scrambledString.8657
                0x00000000100000d4       0x20 ./src/Engine.o
 .bss.descrambledString.8658
                0x00000000100000f4       0x20 ./src/Engine.o
 .bss.bufferBitIndex
                0x0000000010000114        0x1 ./src/LISAreceiver.o
 *fill*         0x0000000010000115        0x3 
 .bss.bufferByteIndex
                0x0000000010000118        0x4 ./src/LISAreceiver.o
 .bss.temp.8597
                0x000000001000011c        0x1 ./src/LISAreceiver.o
 *fill*         0x000000001000011d        0x3 
 .bss.changed.8617
                0x0000000010000120        0x4 ./src/LISAreceiver.o
 .bss.prevBufferBitIndex.8615
                0x0000000010000124        0x1 ./src/LISAreceiver.o
 *fill*         0x0000000010000125        0x3 
 .bss.prevBufferByteIndex.8616
                0x0000000010000128        0x4 ./src/LISAreceiver.o
 .bss.buffIndex.8646
                0x000000001000012c        0x4 ./src/LISAreceiver.o
 .bss.compareIndex.8650
                0x0000000010000130        0x4 ./src/LISAreceiver.o
 .bss.first_loop_run.8647
                0x0000000010000134        0x4 ./src/LISAreceiver.o
 .bss.match.8651
                0x0000000010000138        0x1 ./src/LISAreceiver.o
 *fill*         0x0000000010000139        0x3 
 .bss.checkBit.8652
                0x000000001000013c        0x4 ./src/LISAreceiver.o
 .bss.currBuffByteIndex.8653
                0x0000000010000140        0x4 ./src/LISAreceiver.o
 .bss.currBuffBitIndex.8654
                0x0000000010000144        0x4 ./src/LISAreceiver.o
 .bss.currPrefByteIndex.8655
                0x0000000010000148        0x4 ./src/LISAreceiver.o
 .bss.currPrefBitIndex.8656
                0x000000001000014c        0x4 ./src/LISAreceiver.o
 .bss.bitDiff.8648
                0x0000000010000150        0x4 ./src/LISAreceiver.o
 .bss.buffBit.8657
                0x0000000010000154        0x1 ./src/LISAreceiver.o
 .bss.prefBit.8658
                0x0000000010000155        0x1 ./src/LISAreceiver.o
 *fill*         0x0000000010000156        0x2 
 .bss.bufferMasterBitIndex.8662
                0x0000000010000158        0x4 ./src/LISAreceiver.o
 .bss.payloadStartIndex.8663
                0x000000001000015c        0x4 ./src/LISAreceiver.o
 .bss.payloadEndIndex.8664
                0x0000000010000160        0x4 ./src/LISAreceiver.o
 .bss.continuousPayload.8665
                0x0000000010000164        0x4 ./src/LISAreceiver.o
 .bss.dataArrayBitSize.8679
                0x0000000010000168        0x4 ./src/LISAreceiver.o
 .bss.subStringBitSize.8680
                0x000000001000016c        0x4 ./src/LISAreceiver.o
 .bss.first_loop_run.8681
                0x0000000010000170        0x4 ./src/LISAreceiver.o
 .bss.bitIndex.8683
                0x0000000010000174        0x4 ./src/LISAreceiver.o
 .bss.currDatByteIndex.8684
                0x0000000010000178        0x4 ./src/LISAreceiver.o
 .bss.currDatBitIndex.8685
                0x000000001000017c        0x4 ./src/LISAreceiver.o
 .bss.currStrByteIndex.8686
                0x0000000010000180        0x4 ./src/LISAreceiver.o
 .bss.currStrBitIndex.8687
                0x0000000010000184        0x4 ./src/LISAreceiver.o
 .bss.bitDiff.8682
                0x0000000010000188        0x4 ./src/LISAreceiver.o
 .bss.tempStrBit.8688
                0x000000001000018c        0x1 ./src/LISAreceiver.o
 *fill*         0x000000001000018d        0x3 
 .bss.count.8632
                0x0000000010000190        0x4 ./src/LISAtransmitter.o
 .bss.val.8636  0x0000000010000194        0x1 ./src/LISAtransmitter.o
 .bss.temp.8637
                0x0000000010000195        0x1 ./src/LISAtransmitter.o
 *fill*         0x0000000010000196        0x2 
 .bss.queueSize
                0x0000000010000198        0x4 ./src/queue.o
 .bss.front     0x000000001000019c        0x4 ./src/queue.o
 .bss.back      0x00000000100001a0        0x4 ./src/queue.o
 .bss.scramblerRegister
                0x00000000100001a4        0x4 ./src/scrambler.o
                0x00000000100001a4                scramblerRegister
 .bss.scramblerRegisterSize
                0x00000000100001a8        0x4 ./src/scrambler.o
                0x00000000100001a8                scramblerRegisterSize
 .bss.scramblerEndBitIndex
                0x00000000100001ac        0x4 ./src/scrambler.o
                0x00000000100001ac                scramblerEndBitIndex
 .bss.scramblerRegisterBitSize
                0x00000000100001b0        0x4 ./src/scrambler.o
                0x00000000100001b0                scramblerRegisterBitSize
 .bss.descramblerRegister
                0x00000000100001b4        0x4 ./src/scrambler.o
                0x00000000100001b4                descramblerRegister
 .bss.descramblerRegisterSize
                0x00000000100001b8        0x4 ./src/scrambler.o
                0x00000000100001b8                descramblerRegisterSize
 .bss.descramblerRegisterBitSize
                0x00000000100001bc        0x4 ./src/scrambler.o
                0x00000000100001bc                descramblerRegisterBitSize
 .bss.descramblerEndBitIndex
                0x00000000100001c0        0x4 ./src/scrambler.o
                0x00000000100001c0                descramblerEndBitIndex
 .bss.bitSize.5357
                0x00000000100001c4        0x4 ./src/scrambler.o
 .bss.scrambleIndex.5358
                0x00000000100001c8        0x4 ./src/scrambler.o
 .bss.endIndex.5359
                0x00000000100001cc        0x4 ./src/scrambler.o
 .bss.midIndex.5360
                0x00000000100001d0        0x4 ./src/scrambler.o
 .bss.endBit.5361
                0x00000000100001d4        0x1 ./src/scrambler.o
 .bss.midBit.5362
                0x00000000100001d5        0x1 ./src/scrambler.o
 .bss.sourceEndBit.5363
                0x00000000100001d6        0x1 ./src/scrambler.o
 .bss.scrambledBit.5364
                0x00000000100001d7        0x1 ./src/scrambler.o
 .bss.sourceBitLength.5370
                0x00000000100001d8        0x4 ./src/scrambler.o
 .bss.sourceBitLength.5380
                0x00000000100001dc        0x4 ./src/scrambler.o
 .bss.bitSize.5391
                0x00000000100001e0        0x4 ./src/scrambler.o
 .bss.descrambleIndex.5392
                0x00000000100001e4        0x4 ./src/scrambler.o
 .bss.endIndex.5393
                0x00000000100001e8        0x4 ./src/scrambler.o
 .bss.midIndex.5394
                0x00000000100001ec        0x4 ./src/scrambler.o
 .bss.endBit.5395
                0x00000000100001f0        0x1 ./src/scrambler.o
 .bss.midBit.5396
                0x00000000100001f1        0x1 ./src/scrambler.o
 .bss.sourceEndBit.5397
                0x00000000100001f2        0x1 ./src/scrambler.o
 .bss.descrambledBit.5398
                0x00000000100001f3        0x1 ./src/scrambler.o
 .bss.__Ciob    0x00000000100001f4      0x140 /Applications/lpcxpresso_8.2.0_647/lpcxpresso/tools/bin/../lib/gcc/arm-none-eabi/5.3.1/../../../../arm-none-eabi/lib/armv7-m/libcr_c.a(stdio.o)
                0x00000000100001f4                __Ciob
 .bss.__heaps   0x0000000010000334        0x4 /Applications/lpcxpresso_8.2.0_647/lpcxpresso/tools/bin/../lib/gcc/arm-none-eabi/5.3.1/../../../../arm-none-eabi/lib/armv7-m/libcr_c.a(__init_alloc.o)
                0x0000000010000334                __heaps
 .bss.__end_of_heap
                0x0000000010000338        0x4 /Applications/lpcxpresso_8.2.0_647/lpcxpresso/tools/bin/../lib/gcc/arm-none-eabi/5.3.1/../../../../arm-none-eabi/lib/armv7-m/libcr_c.a(__init_alloc.o)
                0x0000000010000338                __end_of_heap
 .bss.errno     0x000000001000033c        0x4 /Applications/lpcxpresso_8.2.0_647/lpcxpresso/tools/bin/../lib/gcc/arm-none-eabi/5.3.1/../../../../arm-none-eabi/lib/armv7-m/libcr_c.a(errno.o)
                0x000000001000033c                errno
 *(COMMON)
 COMMON         0x0000000010000340        0x4 /Users/dev/Documents/LPCXpresso_8.2.0/workspace/lpc_chip_175x_6x/Debug/liblpc_chip_175x_6x.a(chip_17xx_40xx.o)
                0x0000000010000340                SystemCoreClock
                0x0000000010000344                . = ALIGN (0x4)
                0x0000000010000344                _ebss = .
                [!provide]                        PROVIDE (end, .)

.noinit_RAM2    0x000000002007c000        0x0
 *(.noinit.$RAM2*)
 *(.noinit.$RamAHB32*)
                0x000000002007c000                . = ALIGN (0x4)

.noinit         0x0000000010000344        0x0
                0x0000000010000344                _noinit = .
 *(.noinit*)
                0x0000000010000344                . = ALIGN (0x4)
                0x0000000010000344                _end_noinit = .
                0x0000000010000344                PROVIDE (_pvHeapStart, DEFINED (__user_heap_base)?__user_heap_base:.)
                0x0000000010008000                PROVIDE (_vStackTop, DEFINED (__user_stack_top)?__user_stack_top:(__top_RamLoc32 - 0x0))
                0xffffffffefff74b2                PROVIDE (__valid_user_code_checksum, (0x0 - ((((((_vStackTop + (ResetISR + 0x1)) + (NMI_Handler + 0x1)) + (HardFault_Handler + 0x1)) + (DEFINED (MemManage_Handler)?MemManage_Handler:0x0 + 0x1)) + (DEFINED (BusFault_Handler)?BusFault_Handler:0x0 + 0x1)) + (DEFINED (UsageFault_Handler)?UsageFault_Handler:0x0 + 0x1))))
OUTPUT(Engine.axf elf32-littlearm)

.debug_info     0x0000000000000000     0x5d87
 .debug_info    0x0000000000000000      0xd72 ./src/Engine.o
 .debug_info    0x0000000000000d72      0x9f1 ./src/LISAreceiver.o
 .debug_info    0x0000000000001763      0x50e ./src/LISAtransmitter.o
 .debug_info    0x0000000000001c71      0x253 ./src/cr_startup_lpc175x_6x.o
 .debug_info    0x0000000000001ec4       0x3f ./src/crp.o
 .debug_info    0x0000000000001f03      0x2cd ./src/queue.o
 .debug_info    0x00000000000021d0      0x603 ./src/scrambler.o
 .debug_info    0x00000000000027d3      0x126 ./src/sysinit.o
 .debug_info    0x00000000000028f9     0x1362 /Users/dev/Documents/LPCXpresso_8.2.0/workspace/lpc_board_nxp_lpcxpresso_1769/Debug/liblpc_board_nxp_lpcxpresso_1769.a(board.o)
 .debug_info    0x0000000000003c5b      0x591 /Users/dev/Documents/LPCXpresso_8.2.0/workspace/lpc_board_nxp_lpcxpresso_1769/Debug/liblpc_board_nxp_lpcxpresso_1769.a(board_sysinit.o)
 .debug_info    0x00000000000041ec      0x51e /Users/dev/Documents/LPCXpresso_8.2.0/workspace/lpc_chip_175x_6x/Debug/liblpc_chip_175x_6x.a(chip_17xx_40xx.o)
 .debug_info    0x000000000000470a      0xb62 /Users/dev/Documents/LPCXpresso_8.2.0/workspace/lpc_chip_175x_6x/Debug/liblpc_chip_175x_6x.a(clock_17xx_40xx.o)
 .debug_info    0x000000000000526c      0x2e9 /Users/dev/Documents/LPCXpresso_8.2.0/workspace/lpc_chip_175x_6x/Debug/liblpc_chip_175x_6x.a(iocon_17xx_40xx.o)
 .debug_info    0x0000000000005555      0x439 /Users/dev/Documents/LPCXpresso_8.2.0/workspace/lpc_chip_175x_6x/Debug/liblpc_chip_175x_6x.a(sysinit_17xx_40xx.o)
 .debug_info    0x000000000000598e      0x3f9 /Users/dev/Documents/LPCXpresso_8.2.0/workspace/lpc_chip_175x_6x/Debug/liblpc_chip_175x_6x.a(timer_17xx_40xx.o)

.debug_abbrev   0x0000000000000000     0x17ac
 .debug_abbrev  0x0000000000000000      0x2b5 ./src/Engine.o
 .debug_abbrev  0x00000000000002b5      0x27d ./src/LISAreceiver.o
 .debug_abbrev  0x0000000000000532      0x18a ./src/LISAtransmitter.o
 .debug_abbrev  0x00000000000006bc       0xf5 ./src/cr_startup_lpc175x_6x.o
 .debug_abbrev  0x00000000000007b1       0x36 ./src/crp.o
 .debug_abbrev  0x00000000000007e7      0x11b ./src/queue.o
 .debug_abbrev  0x0000000000000902      0x11b ./src/scrambler.o
 .debug_abbrev  0x0000000000000a1d       0xa3 ./src/sysinit.o
 .debug_abbrev  0x0000000000000ac0      0x36a /Users/dev/Documents/LPCXpresso_8.2.0/workspace/lpc_board_nxp_lpcxpresso_1769/Debug/liblpc_board_nxp_lpcxpresso_1769.a(board.o)
 .debug_abbrev  0x0000000000000e2a      0x15c /Users/dev/Documents/LPCXpresso_8.2.0/workspace/lpc_board_nxp_lpcxpresso_1769/Debug/liblpc_board_nxp_lpcxpresso_1769.a(board_sysinit.o)
 .debug_abbrev  0x0000000000000f86      0x13c /Users/dev/Documents/LPCXpresso_8.2.0/workspace/lpc_chip_175x_6x/Debug/liblpc_chip_175x_6x.a(chip_17xx_40xx.o)
 .debug_abbrev  0x00000000000010c2      0x2ec /Users/dev/Documents/LPCXpresso_8.2.0/workspace/lpc_chip_175x_6x/Debug/liblpc_chip_175x_6x.a(clock_17xx_40xx.o)
 .debug_abbrev  0x00000000000013ae      0x126 /Users/dev/Documents/LPCXpresso_8.2.0/workspace/lpc_chip_175x_6x/Debug/liblpc_chip_175x_6x.a(iocon_17xx_40xx.o)
 .debug_abbrev  0x00000000000014d4      0x175 /Users/dev/Documents/LPCXpresso_8.2.0/workspace/lpc_chip_175x_6x/Debug/liblpc_chip_175x_6x.a(sysinit_17xx_40xx.o)
 .debug_abbrev  0x0000000000001649      0x163 /Users/dev/Documents/LPCXpresso_8.2.0/workspace/lpc_chip_175x_6x/Debug/liblpc_chip_175x_6x.a(timer_17xx_40xx.o)

.debug_aranges  0x0000000000000000      0x720
 .debug_aranges
                0x0000000000000000       0xb8 ./src/Engine.o
 .debug_aranges
                0x00000000000000b8       0xa8 ./src/LISAreceiver.o
 .debug_aranges
                0x0000000000000160       0x68 ./src/LISAtransmitter.o
 .debug_aranges
                0x00000000000001c8       0x80 ./src/cr_startup_lpc175x_6x.o
 .debug_aranges
                0x0000000000000248       0x18 ./src/crp.o
 .debug_aranges
                0x0000000000000260       0x58 ./src/queue.o
 .debug_aranges
                0x00000000000002b8       0x98 ./src/scrambler.o
 .debug_aranges
                0x0000000000000350       0x20 ./src/sysinit.o
 .debug_aranges
                0x0000000000000370      0x150 /Users/dev/Documents/LPCXpresso_8.2.0/workspace/lpc_board_nxp_lpcxpresso_1769/Debug/liblpc_board_nxp_lpcxpresso_1769.a(board.o)
 .debug_aranges
                0x00000000000004c0       0x38 /Users/dev/Documents/LPCXpresso_8.2.0/workspace/lpc_board_nxp_lpcxpresso_1769/Debug/liblpc_board_nxp_lpcxpresso_1769.a(board_sysinit.o)
 .debug_aranges
                0x00000000000004f8       0x38 /Users/dev/Documents/LPCXpresso_8.2.0/workspace/lpc_chip_175x_6x/Debug/liblpc_chip_175x_6x.a(chip_17xx_40xx.o)
 .debug_aranges
                0x0000000000000530      0x120 /Users/dev/Documents/LPCXpresso_8.2.0/workspace/lpc_chip_175x_6x/Debug/liblpc_chip_175x_6x.a(clock_17xx_40xx.o)
 .debug_aranges
                0x0000000000000650       0x30 /Users/dev/Documents/LPCXpresso_8.2.0/workspace/lpc_chip_175x_6x/Debug/liblpc_chip_175x_6x.a(iocon_17xx_40xx.o)
 .debug_aranges
                0x0000000000000680       0x60 /Users/dev/Documents/LPCXpresso_8.2.0/workspace/lpc_chip_175x_6x/Debug/liblpc_chip_175x_6x.a(sysinit_17xx_40xx.o)
 .debug_aranges
                0x00000000000006e0       0x40 /Users/dev/Documents/LPCXpresso_8.2.0/workspace/lpc_chip_175x_6x/Debug/liblpc_chip_175x_6x.a(timer_17xx_40xx.o)

.debug_ranges   0x0000000000000000      0x628
 .debug_ranges  0x0000000000000000       0xa8 ./src/Engine.o
 .debug_ranges  0x00000000000000a8       0x98 ./src/LISAreceiver.o
 .debug_ranges  0x0000000000000140       0x58 ./src/LISAtransmitter.o
 .debug_ranges  0x0000000000000198       0x70 ./src/cr_startup_lpc175x_6x.o
 .debug_ranges  0x0000000000000208       0x48 ./src/queue.o
 .debug_ranges  0x0000000000000250       0x88 ./src/scrambler.o
 .debug_ranges  0x00000000000002d8       0x10 ./src/sysinit.o
 .debug_ranges  0x00000000000002e8      0x140 /Users/dev/Documents/LPCXpresso_8.2.0/workspace/lpc_board_nxp_lpcxpresso_1769/Debug/liblpc_board_nxp_lpcxpresso_1769.a(board.o)
 .debug_ranges  0x0000000000000428       0x28 /Users/dev/Documents/LPCXpresso_8.2.0/workspace/lpc_board_nxp_lpcxpresso_1769/Debug/liblpc_board_nxp_lpcxpresso_1769.a(board_sysinit.o)
 .debug_ranges  0x0000000000000450       0x28 /Users/dev/Documents/LPCXpresso_8.2.0/workspace/lpc_chip_175x_6x/Debug/liblpc_chip_175x_6x.a(chip_17xx_40xx.o)
 .debug_ranges  0x0000000000000478      0x110 /Users/dev/Documents/LPCXpresso_8.2.0/workspace/lpc_chip_175x_6x/Debug/liblpc_chip_175x_6x.a(clock_17xx_40xx.o)
 .debug_ranges  0x0000000000000588       0x20 /Users/dev/Documents/LPCXpresso_8.2.0/workspace/lpc_chip_175x_6x/Debug/liblpc_chip_175x_6x.a(iocon_17xx_40xx.o)
 .debug_ranges  0x00000000000005a8       0x50 /Users/dev/Documents/LPCXpresso_8.2.0/workspace/lpc_chip_175x_6x/Debug/liblpc_chip_175x_6x.a(sysinit_17xx_40xx.o)
 .debug_ranges  0x00000000000005f8       0x30 /Users/dev/Documents/LPCXpresso_8.2.0/workspace/lpc_chip_175x_6x/Debug/liblpc_chip_175x_6x.a(timer_17xx_40xx.o)

.debug_macro    0x0000000000000000     0x769f
 .debug_macro   0x0000000000000000      0x424 ./src/Engine.o
 .debug_macro   0x0000000000000424      0x88c ./src/Engine.o
 .debug_macro   0x0000000000000cb0       0x22 ./src/Engine.o
 .debug_macro   0x0000000000000cd2       0x87 ./src/Engine.o
 .debug_macro   0x0000000000000d59       0x44 ./src/Engine.o
 .debug_macro   0x0000000000000d9d       0xfd ./src/Engine.o
 .debug_macro   0x0000000000000e9a       0x22 ./src/Engine.o
 .debug_macro   0x0000000000000ebc      0x1df ./src/Engine.o
 .debug_macro   0x000000000000109b       0x22 ./src/Engine.o
 .debug_macro   0x00000000000010bd       0x7b ./src/Engine.o
 .debug_macro   0x0000000000001138       0x10 ./src/Engine.o
 .debug_macro   0x0000000000001148       0x2d ./src/Engine.o
 .debug_macro   0x0000000000001175       0x3a ./src/Engine.o
 .debug_macro   0x00000000000011af       0x2d ./src/Engine.o
 .debug_macro   0x00000000000011dc      0xbb1 ./src/Engine.o
 .debug_macro   0x0000000000001d8d      0x22c ./src/Engine.o
 .debug_macro   0x0000000000001fb9       0x42 ./src/Engine.o
 .debug_macro   0x0000000000001ffb       0x52 ./src/Engine.o
 .debug_macro   0x000000000000204d       0x78 ./src/Engine.o
 .debug_macro   0x00000000000020c5       0x82 ./src/Engine.o
 .debug_macro   0x0000000000002147      0x48c ./src/Engine.o
 .debug_macro   0x00000000000025d3       0x34 ./src/Engine.o
 .debug_macro   0x0000000000002607      0x4c5 ./src/Engine.o
 .debug_macro   0x0000000000002acc      0x1b7 ./src/Engine.o
 .debug_macro   0x0000000000002c83       0x10 ./src/Engine.o
 .debug_macro   0x0000000000002c93      0x21b ./src/Engine.o
 .debug_macro   0x0000000000002eae      0x1b9 ./src/Engine.o
 .debug_macro   0x0000000000003067       0x40 ./src/Engine.o
 .debug_macro   0x00000000000030a7       0x22 ./src/Engine.o
 .debug_macro   0x00000000000030c9      0x162 ./src/Engine.o
 .debug_macro   0x000000000000322b       0x94 ./src/Engine.o
 .debug_macro   0x00000000000032bf       0xb8 ./src/Engine.o
 .debug_macro   0x0000000000003377       0x4c ./src/Engine.o
 .debug_macro   0x00000000000033c3       0x16 ./src/Engine.o
 .debug_macro   0x00000000000033d9      0x328 ./src/Engine.o
 .debug_macro   0x0000000000003701       0x49 ./src/Engine.o
 .debug_macro   0x000000000000374a       0x16 ./src/Engine.o
 .debug_macro   0x0000000000003760       0xca ./src/Engine.o
 .debug_macro   0x000000000000382a       0x18 ./src/Engine.o
 .debug_macro   0x0000000000003842       0x76 ./src/Engine.o
 .debug_macro   0x00000000000038b8       0x52 ./src/Engine.o
 .debug_macro   0x000000000000390a       0x35 ./src/Engine.o
 .debug_macro   0x000000000000393f       0x9c ./src/Engine.o
 .debug_macro   0x00000000000039db       0x16 ./src/Engine.o
 .debug_macro   0x00000000000039f1       0x97 ./src/Engine.o
 .debug_macro   0x0000000000003a88      0x30d ./src/Engine.o
 .debug_macro   0x0000000000003d95       0xfd ./src/Engine.o
 .debug_macro   0x0000000000003e92       0x10 ./src/Engine.o
 .debug_macro   0x0000000000003ea2       0x52 ./src/Engine.o
 .debug_macro   0x0000000000003ef4       0x16 ./src/Engine.o
 .debug_macro   0x0000000000003f0a       0x43 ./src/Engine.o
 .debug_macro   0x0000000000003f4d      0x187 ./src/Engine.o
 .debug_macro   0x00000000000040d4       0x22 ./src/Engine.o
 .debug_macro   0x00000000000040f6       0x3a ./src/Engine.o
 .debug_macro   0x0000000000004130       0x10 ./src/Engine.o
 .debug_macro   0x0000000000004140       0x40 ./src/Engine.o
 .debug_macro   0x0000000000004180       0x6c ./src/Engine.o
 .debug_macro   0x00000000000041ec       0x16 ./src/Engine.o
 .debug_macro   0x0000000000004202      0x182 ./src/Engine.o
 .debug_macro   0x0000000000004384       0x20 ./src/Engine.o
 .debug_macro   0x00000000000043a4       0x28 ./src/Engine.o
 .debug_macro   0x00000000000043cc       0x16 ./src/Engine.o
 .debug_macro   0x00000000000043e2       0x35 ./src/Engine.o
 .debug_macro   0x0000000000004417       0x16 ./src/Engine.o
 .debug_macro   0x000000000000442d       0x29 ./src/Engine.o
 .debug_macro   0x0000000000004456       0x16 ./src/Engine.o
 .debug_macro   0x000000000000446c       0x82 ./src/Engine.o
 .debug_macro   0x00000000000044ee      0x3d5 ./src/LISAreceiver.o
 .debug_macro   0x00000000000048c3      0x3bd ./src/LISAtransmitter.o
 .debug_macro   0x0000000000004c80      0x174 ./src/LISAtransmitter.o
 .debug_macro   0x0000000000004df4       0x1c ./src/LISAtransmitter.o
 .debug_macro   0x0000000000004e10       0x74 ./src/LISAtransmitter.o
 .debug_macro   0x0000000000004e84       0x11 ./src/LISAtransmitter.o
 .debug_macro   0x0000000000004e95       0x1d ./src/cr_startup_lpc175x_6x.o
 .debug_macro   0x0000000000004eb2       0x1a ./src/crp.o
 .debug_macro   0x0000000000004ecc       0x34 ./src/crp.o
 .debug_macro   0x0000000000004f00      0x1bc ./src/queue.o
 .debug_macro   0x00000000000050bc      0x1db ./src/scrambler.o
 .debug_macro   0x0000000000005297       0x4c ./src/scrambler.o
 .debug_macro   0x00000000000052e3       0x8d ./src/scrambler.o
 .debug_macro   0x0000000000005370      0x10e ./src/scrambler.o
 .debug_macro   0x000000000000547e       0x8d ./src/scrambler.o
 .debug_macro   0x000000000000550b       0x4a ./src/scrambler.o
 .debug_macro   0x0000000000005555      0x34e ./src/sysinit.o
 .debug_macro   0x00000000000058a3      0x2a1 /Users/dev/Documents/LPCXpresso_8.2.0/workspace/lpc_board_nxp_lpcxpresso_1769/Debug/liblpc_board_nxp_lpcxpresso_1769.a(board.o)
 .debug_macro   0x0000000000005b44      0x886 /Users/dev/Documents/LPCXpresso_8.2.0/workspace/lpc_board_nxp_lpcxpresso_1769/Debug/liblpc_board_nxp_lpcxpresso_1769.a(board.o)
 .debug_macro   0x00000000000063ca       0x10 /Users/dev/Documents/LPCXpresso_8.2.0/workspace/lpc_board_nxp_lpcxpresso_1769/Debug/liblpc_board_nxp_lpcxpresso_1769.a(board.o)
 .debug_macro   0x00000000000063da      0x12d /Users/dev/Documents/LPCXpresso_8.2.0/workspace/lpc_board_nxp_lpcxpresso_1769/Debug/liblpc_board_nxp_lpcxpresso_1769.a(board.o)
 .debug_macro   0x0000000000006507      0x5b2 /Users/dev/Documents/LPCXpresso_8.2.0/workspace/lpc_board_nxp_lpcxpresso_1769/Debug/liblpc_board_nxp_lpcxpresso_1769.a(board.o)
 .debug_macro   0x0000000000006ab9       0x22 /Users/dev/Documents/LPCXpresso_8.2.0/workspace/lpc_board_nxp_lpcxpresso_1769/Debug/liblpc_board_nxp_lpcxpresso_1769.a(board.o)
 .debug_macro   0x0000000000006adb       0x9a /Users/dev/Documents/LPCXpresso_8.2.0/workspace/lpc_board_nxp_lpcxpresso_1769/Debug/liblpc_board_nxp_lpcxpresso_1769.a(board.o)
 .debug_macro   0x0000000000006b75       0x12 /Users/dev/Documents/LPCXpresso_8.2.0/workspace/lpc_board_nxp_lpcxpresso_1769/Debug/liblpc_board_nxp_lpcxpresso_1769.a(board.o)
 .debug_macro   0x0000000000006b87      0x217 /Users/dev/Documents/LPCXpresso_8.2.0/workspace/lpc_board_nxp_lpcxpresso_1769/Debug/liblpc_board_nxp_lpcxpresso_1769.a(board_sysinit.o)
 .debug_macro   0x0000000000006d9e      0x1cd /Users/dev/Documents/LPCXpresso_8.2.0/workspace/lpc_chip_175x_6x/Debug/liblpc_chip_175x_6x.a(chip_17xx_40xx.o)
 .debug_macro   0x0000000000006f6b      0x1cd /Users/dev/Documents/LPCXpresso_8.2.0/workspace/lpc_chip_175x_6x/Debug/liblpc_chip_175x_6x.a(clock_17xx_40xx.o)
 .debug_macro   0x0000000000007138      0x1cd /Users/dev/Documents/LPCXpresso_8.2.0/workspace/lpc_chip_175x_6x/Debug/liblpc_chip_175x_6x.a(iocon_17xx_40xx.o)
 .debug_macro   0x0000000000007305      0x1cd /Users/dev/Documents/LPCXpresso_8.2.0/workspace/lpc_chip_175x_6x/Debug/liblpc_chip_175x_6x.a(sysinit_17xx_40xx.o)
 .debug_macro   0x00000000000074d2      0x1cd /Users/dev/Documents/LPCXpresso_8.2.0/workspace/lpc_chip_175x_6x/Debug/liblpc_chip_175x_6x.a(timer_17xx_40xx.o)

.debug_line     0x0000000000000000     0x4ff6
 .debug_line    0x0000000000000000      0x8aa ./src/Engine.o
 .debug_line    0x00000000000008aa      0x958 ./src/LISAreceiver.o
 .debug_line    0x0000000000001202      0x7e9 ./src/LISAtransmitter.o
 .debug_line    0x00000000000019eb       0xd3 ./src/cr_startup_lpc175x_6x.o
 .debug_line    0x0000000000001abe       0x84 ./src/crp.o
 .debug_line    0x0000000000001b42      0x3e7 ./src/queue.o
 .debug_line    0x0000000000001f29      0x4bc ./src/scrambler.o
 .debug_line    0x00000000000023e5      0x656 ./src/sysinit.o
 .debug_line    0x0000000000002a3b      0x81e /Users/dev/Documents/LPCXpresso_8.2.0/workspace/lpc_board_nxp_lpcxpresso_1769/Debug/liblpc_board_nxp_lpcxpresso_1769.a(board.o)
 .debug_line    0x0000000000003259      0x4d3 /Users/dev/Documents/LPCXpresso_8.2.0/workspace/lpc_board_nxp_lpcxpresso_1769/Debug/liblpc_board_nxp_lpcxpresso_1769.a(board_sysinit.o)
 .debug_line    0x000000000000372c      0x45f /Users/dev/Documents/LPCXpresso_8.2.0/workspace/lpc_chip_175x_6x/Debug/liblpc_chip_175x_6x.a(chip_17xx_40xx.o)
 .debug_line    0x0000000000003b8b      0x6db /Users/dev/Documents/LPCXpresso_8.2.0/workspace/lpc_chip_175x_6x/Debug/liblpc_chip_175x_6x.a(clock_17xx_40xx.o)
 .debug_line    0x0000000000004266      0x44b /Users/dev/Documents/LPCXpresso_8.2.0/workspace/lpc_chip_175x_6x/Debug/liblpc_chip_175x_6x.a(iocon_17xx_40xx.o)
 .debug_line    0x00000000000046b1      0x4d5 /Users/dev/Documents/LPCXpresso_8.2.0/workspace/lpc_chip_175x_6x/Debug/liblpc_chip_175x_6x.a(sysinit_17xx_40xx.o)
 .debug_line    0x0000000000004b86      0x470 /Users/dev/Documents/LPCXpresso_8.2.0/workspace/lpc_chip_175x_6x/Debug/liblpc_chip_175x_6x.a(timer_17xx_40xx.o)

.debug_str      0x0000000000000000    0x18032
 .debug_str     0x0000000000000000    0x14515 ./src/Engine.o
                                      0x1482a (size before relaxing)
 .debug_str     0x0000000000014515      0x38d ./src/LISAreceiver.o
                                      0x13ddc (size before relaxing)
 .debug_str     0x00000000000148a2       0xb8 ./src/LISAtransmitter.o
                                      0x1396e (size before relaxing)
 .debug_str     0x000000000001495a      0x1c2 ./src/cr_startup_lpc175x_6x.o
                                       0x26ba (size before relaxing)
 .debug_str     0x0000000000014b1c       0xe9 ./src/crp.o
                                       0x25d2 (size before relaxing)
 .debug_str     0x0000000000014c05       0x6f ./src/queue.o
                                       0x6cd5 (size before relaxing)
 .debug_str     0x0000000000014c74      0x1cf ./src/scrambler.o
                                       0x6f54 (size before relaxing)
 .debug_str     0x0000000000014e43       0x1b ./src/sysinit.o
                                      0x136fd (size before relaxing)
 .debug_str     0x0000000000014e5e     0x2655 /Users/dev/Documents/LPCXpresso_8.2.0/workspace/lpc_board_nxp_lpcxpresso_1769/Debug/liblpc_board_nxp_lpcxpresso_1769.a(board.o)
                                      0x1192d (size before relaxing)
 .debug_str     0x00000000000174b3      0x22d /Users/dev/Documents/LPCXpresso_8.2.0/workspace/lpc_board_nxp_lpcxpresso_1769/Debug/liblpc_board_nxp_lpcxpresso_1769.a(board_sysinit.o)
                                      0x10e48 (size before relaxing)
 .debug_str     0x00000000000176e0       0xca /Users/dev/Documents/LPCXpresso_8.2.0/workspace/lpc_chip_175x_6x/Debug/liblpc_chip_175x_6x.a(chip_17xx_40xx.o)
                                      0x10b52 (size before relaxing)
 .debug_str     0x00000000000177aa      0x61a /Users/dev/Documents/LPCXpresso_8.2.0/workspace/lpc_chip_175x_6x/Debug/liblpc_chip_175x_6x.a(clock_17xx_40xx.o)
                                      0x111c0 (size before relaxing)
 .debug_str     0x0000000000017dc4       0x79 /Users/dev/Documents/LPCXpresso_8.2.0/workspace/lpc_chip_175x_6x/Debug/liblpc_chip_175x_6x.a(iocon_17xx_40xx.o)
                                      0x1063d (size before relaxing)
 .debug_str     0x0000000000017e3d       0xc4 /Users/dev/Documents/LPCXpresso_8.2.0/workspace/lpc_chip_175x_6x/Debug/liblpc_chip_175x_6x.a(sysinit_17xx_40xx.o)
                                      0x10825 (size before relaxing)
 .debug_str     0x0000000000017f01      0x131 /Users/dev/Documents/LPCXpresso_8.2.0/workspace/lpc_chip_175x_6x/Debug/liblpc_chip_175x_6x.a(timer_17xx_40xx.o)
                                      0x1096e (size before relaxing)

.comment        0x0000000000000000       0xdc
 .comment       0x0000000000000000       0x6e ./src/Engine.o
                                         0x6f (size before relaxing)
 .comment       0x000000000000006e       0x6f ./src/LISAreceiver.o
 .comment       0x000000000000006e       0x6f ./src/LISAtransmitter.o
 .comment       0x000000000000006e       0x6f ./src/cr_startup_lpc175x_6x.o
 .comment       0x000000000000006e       0x6f ./src/crp.o
 .comment       0x000000000000006e       0x6f ./src/queue.o
 .comment       0x000000000000006e       0x6f ./src/scrambler.o
 .comment       0x000000000000006e       0x6f ./src/sysinit.o
 .comment       0x000000000000006e       0x6f /Users/dev/Documents/LPCXpresso_8.2.0/workspace/lpc_board_nxp_lpcxpresso_1769/Debug/liblpc_board_nxp_lpcxpresso_1769.a(board.o)
 .comment       0x000000000000006e       0x6f /Users/dev/Documents/LPCXpresso_8.2.0/workspace/lpc_board_nxp_lpcxpresso_1769/Debug/liblpc_board_nxp_lpcxpresso_1769.a(board_sysinit.o)
 .comment       0x000000000000006e       0x6f /Users/dev/Documents/LPCXpresso_8.2.0/workspace/lpc_chip_175x_6x/Debug/liblpc_chip_175x_6x.a(chip_17xx_40xx.o)
 .comment       0x000000000000006e       0x6f /Users/dev/Documents/LPCXpresso_8.2.0/workspace/lpc_chip_175x_6x/Debug/liblpc_chip_175x_6x.a(clock_17xx_40xx.o)
 .comment       0x000000000000006e       0x6f /Users/dev/Documents/LPCXpresso_8.2.0/workspace/lpc_chip_175x_6x/Debug/liblpc_chip_175x_6x.a(iocon_17xx_40xx.o)
 .comment       0x000000000000006e       0x6f /Users/dev/Documents/LPCXpresso_8.2.0/workspace/lpc_chip_175x_6x/Debug/liblpc_chip_175x_6x.a(sysinit_17xx_40xx.o)
 .comment       0x000000000000006e       0x6f /Users/dev/Documents/LPCXpresso_8.2.0/workspace/lpc_chip_175x_6x/Debug/liblpc_chip_175x_6x.a(timer_17xx_40xx.o)
 .comment       0x000000000000006e       0x6e /Applications/lpcxpresso_8.2.0_647/lpcxpresso/tools/bin/../lib/gcc/arm-none-eabi/5.3.1/../../../../arm-none-eabi/lib/armv7-m/libcr_c.a(memcpy.o)
                                         0x6f (size before relaxing)
 .comment       0x00000000000000dc       0x6f /Applications/lpcxpresso_8.2.0_647/lpcxpresso/tools/bin/../lib/gcc/arm-none-eabi/5.3.1/../../../../arm-none-eabi/lib/armv7-m/libcr_c.a(memset.o)
 .comment       0x00000000000000dc       0x6f /Applications/lpcxpresso_8.2.0_647/lpcxpresso/tools/bin/../lib/gcc/arm-none-eabi/5.3.1/../../../../arm-none-eabi/lib/armv7-m/libcr_c.a(alloc.o)
 .comment       0x00000000000000dc       0x6f /Applications/lpcxpresso_8.2.0_647/lpcxpresso/tools/bin/../lib/gcc/arm-none-eabi/5.3.1/../../../../arm-none-eabi/lib/armv7-m/libcr_c.a(fpprintf.o)
 .comment       0x00000000000000dc       0x6f /Applications/lpcxpresso_8.2.0_647/lpcxpresso/tools/bin/../lib/gcc/arm-none-eabi/5.3.1/../../../../arm-none-eabi/lib/armv7-m/libcr_c.a(printf.o)
 .comment       0x00000000000000dc       0x6f /Applications/lpcxpresso_8.2.0_647/lpcxpresso/tools/bin/../lib/gcc/arm-none-eabi/5.3.1/../../../../arm-none-eabi/lib/armv7-m/libcr_c.a(stdio.o)
 .comment       0x00000000000000dc       0x6f /Applications/lpcxpresso_8.2.0_647/lpcxpresso/tools/bin/../lib/gcc/arm-none-eabi/5.3.1/../../../../arm-none-eabi/lib/armv7-m/libcr_c.a(strlen.o)
 .comment       0x00000000000000dc       0x6f /Applications/lpcxpresso_8.2.0_647/lpcxpresso/tools/bin/../lib/gcc/arm-none-eabi/5.3.1/../../../../arm-none-eabi/lib/armv7-m/libcr_c.a(__init_alloc.o)
 .comment       0x00000000000000dc       0x6f /Applications/lpcxpresso_8.2.0_647/lpcxpresso/tools/bin/../lib/gcc/arm-none-eabi/5.3.1/../../../../arm-none-eabi/lib/armv7-m/libcr_c.a(_cr_sbrk.o)
 .comment       0x00000000000000dc       0x6f /Applications/lpcxpresso_8.2.0_647/lpcxpresso/tools/bin/../lib/gcc/arm-none-eabi/5.3.1/../../../../arm-none-eabi/lib/armv7-m/libcr_c.a(_deferredlazyseek.o)
 .comment       0x00000000000000dc       0x6f /Applications/lpcxpresso_8.2.0_647/lpcxpresso/tools/bin/../lib/gcc/arm-none-eabi/5.3.1/../../../../arm-none-eabi/lib/armv7-m/libcr_c.a(_fflush.o)
 .comment       0x00000000000000dc       0x6f /Applications/lpcxpresso_8.2.0_647/lpcxpresso/tools/bin/../lib/gcc/arm-none-eabi/5.3.1/../../../../arm-none-eabi/lib/armv7-m/libcr_c.a(_frexpl.o)
 .comment       0x00000000000000dc       0x6f /Applications/lpcxpresso_8.2.0_647/lpcxpresso/tools/bin/../lib/gcc/arm-none-eabi/5.3.1/../../../../arm-none-eabi/lib/armv7-m/libcr_c.a(_ldexpl.o)
 .comment       0x00000000000000dc       0x6f /Applications/lpcxpresso_8.2.0_647/lpcxpresso/tools/bin/../lib/gcc/arm-none-eabi/5.3.1/../../../../arm-none-eabi/lib/armv7-m/libcr_c.a(_writebuf.o)
 .comment       0x00000000000000dc       0x6f /Applications/lpcxpresso_8.2.0_647/lpcxpresso/tools/bin/../lib/gcc/arm-none-eabi/5.3.1/../../../../arm-none-eabi/lib/armv7-m/libcr_c.a(errno.o)
 .comment       0x00000000000000dc       0x6f /Applications/lpcxpresso_8.2.0_647/lpcxpresso/tools/bin/../lib/gcc/arm-none-eabi/5.3.1/../../../../arm-none-eabi/lib/armv7-m/libcr_c.a(fseek.o)
 .comment       0x00000000000000dc       0x6f /Applications/lpcxpresso_8.2.0_647/lpcxpresso/tools/bin/../lib/gcc/arm-none-eabi/5.3.1/../../../../arm-none-eabi/lib/armv7-m/libcr_c.a(ftell.o)
 .comment       0x00000000000000dc       0x6f /Applications/lpcxpresso_8.2.0_647/lpcxpresso/tools/bin/../lib/gcc/arm-none-eabi/5.3.1/../../../../arm-none-eabi/lib/armv7-m/libcr_c.a(_cr_check_heap.o)
 .comment       0x00000000000000dc       0x6f /Applications/lpcxpresso_8.2.0_647/lpcxpresso/tools/bin/../lib/gcc/arm-none-eabi/5.3.1/../../../../arm-none-eabi/lib/armv7-m/libcr_c.a(_hugeval.o)
 .comment       0x00000000000000dc       0x6f /Applications/lpcxpresso_8.2.0_647/lpcxpresso/tools/bin/../lib/gcc/arm-none-eabi/5.3.1/armv7-m/libcr_eabihelpers.a(double.o)

.ARM.attributes
                0x0000000000000000       0x31
 .ARM.attributes
                0x0000000000000000       0x33 ./src/Engine.o
 .ARM.attributes
                0x0000000000000033       0x33 ./src/LISAreceiver.o
 .ARM.attributes
                0x0000000000000066       0x33 ./src/LISAtransmitter.o
 .ARM.attributes
                0x0000000000000099       0x33 ./src/cr_startup_lpc175x_6x.o
 .ARM.attributes
                0x00000000000000cc       0x33 ./src/crp.o
 .ARM.attributes
                0x00000000000000ff       0x33 ./src/queue.o
 .ARM.attributes
                0x0000000000000132       0x33 ./src/scrambler.o
 .ARM.attributes
                0x0000000000000165       0x33 ./src/sysinit.o
 .ARM.attributes
                0x0000000000000198       0x33 /Users/dev/Documents/LPCXpresso_8.2.0/workspace/lpc_board_nxp_lpcxpresso_1769/Debug/liblpc_board_nxp_lpcxpresso_1769.a(board.o)
 .ARM.attributes
                0x00000000000001cb       0x33 /Users/dev/Documents/LPCXpresso_8.2.0/workspace/lpc_board_nxp_lpcxpresso_1769/Debug/liblpc_board_nxp_lpcxpresso_1769.a(board_sysinit.o)
 .ARM.attributes
                0x00000000000001fe       0x33 /Users/dev/Documents/LPCXpresso_8.2.0/workspace/lpc_chip_175x_6x/Debug/liblpc_chip_175x_6x.a(chip_17xx_40xx.o)
 .ARM.attributes
                0x0000000000000231       0x33 /Users/dev/Documents/LPCXpresso_8.2.0/workspace/lpc_chip_175x_6x/Debug/liblpc_chip_175x_6x.a(clock_17xx_40xx.o)
 .ARM.attributes
                0x0000000000000264       0x33 /Users/dev/Documents/LPCXpresso_8.2.0/workspace/lpc_chip_175x_6x/Debug/liblpc_chip_175x_6x.a(iocon_17xx_40xx.o)
 .ARM.attributes
                0x0000000000000297       0x33 /Users/dev/Documents/LPCXpresso_8.2.0/workspace/lpc_chip_175x_6x/Debug/liblpc_chip_175x_6x.a(sysinit_17xx_40xx.o)
 .ARM.attributes
                0x00000000000002ca       0x33 /Users/dev/Documents/LPCXpresso_8.2.0/workspace/lpc_chip_175x_6x/Debug/liblpc_chip_175x_6x.a(timer_17xx_40xx.o)
 .ARM.attributes
                0x00000000000002fd       0x33 /Applications/lpcxpresso_8.2.0_647/lpcxpresso/tools/bin/../lib/gcc/arm-none-eabi/5.3.1/../../../../arm-none-eabi/lib/armv7-m/libcr_c.a(memcpy.o)
 .ARM.attributes
                0x0000000000000330       0x33 /Applications/lpcxpresso_8.2.0_647/lpcxpresso/tools/bin/../lib/gcc/arm-none-eabi/5.3.1/../../../../arm-none-eabi/lib/armv7-m/libcr_c.a(memset.o)
 .ARM.attributes
                0x0000000000000363       0x33 /Applications/lpcxpresso_8.2.0_647/lpcxpresso/tools/bin/../lib/gcc/arm-none-eabi/5.3.1/../../../../arm-none-eabi/lib/armv7-m/libcr_c.a(alloc.o)
 .ARM.attributes
                0x0000000000000396       0x33 /Applications/lpcxpresso_8.2.0_647/lpcxpresso/tools/bin/../lib/gcc/arm-none-eabi/5.3.1/../../../../arm-none-eabi/lib/armv7-m/libcr_c.a(fpprintf.o)
 .ARM.attributes
                0x00000000000003c9       0x33 /Applications/lpcxpresso_8.2.0_647/lpcxpresso/tools/bin/../lib/gcc/arm-none-eabi/5.3.1/../../../../arm-none-eabi/lib/armv7-m/libcr_c.a(printf.o)
 .ARM.attributes
                0x00000000000003fc       0x33 /Applications/lpcxpresso_8.2.0_647/lpcxpresso/tools/bin/../lib/gcc/arm-none-eabi/5.3.1/../../../../arm-none-eabi/lib/armv7-m/libcr_c.a(stdio.o)
 .ARM.attributes
                0x000000000000042f       0x33 /Applications/lpcxpresso_8.2.0_647/lpcxpresso/tools/bin/../lib/gcc/arm-none-eabi/5.3.1/../../../../arm-none-eabi/lib/armv7-m/libcr_c.a(strlen.o)
 .ARM.attributes
                0x0000000000000462       0x33 /Applications/lpcxpresso_8.2.0_647/lpcxpresso/tools/bin/../lib/gcc/arm-none-eabi/5.3.1/../../../../arm-none-eabi/lib/armv7-m/libcr_c.a(__init_alloc.o)
 .ARM.attributes
                0x0000000000000495       0x33 /Applications/lpcxpresso_8.2.0_647/lpcxpresso/tools/bin/../lib/gcc/arm-none-eabi/5.3.1/../../../../arm-none-eabi/lib/armv7-m/libcr_c.a(_cr_sbrk.o)
 .ARM.attributes
                0x00000000000004c8       0x33 /Applications/lpcxpresso_8.2.0_647/lpcxpresso/tools/bin/../lib/gcc/arm-none-eabi/5.3.1/../../../../arm-none-eabi/lib/armv7-m/libcr_c.a(_deferredlazyseek.o)
 .ARM.attributes
                0x00000000000004fb       0x33 /Applications/lpcxpresso_8.2.0_647/lpcxpresso/tools/bin/../lib/gcc/arm-none-eabi/5.3.1/../../../../arm-none-eabi/lib/armv7-m/libcr_c.a(_fflush.o)
 .ARM.attributes
                0x000000000000052e       0x33 /Applications/lpcxpresso_8.2.0_647/lpcxpresso/tools/bin/../lib/gcc/arm-none-eabi/5.3.1/../../../../arm-none-eabi/lib/armv7-m/libcr_c.a(_frexpl.o)
 .ARM.attributes
                0x0000000000000561       0x33 /Applications/lpcxpresso_8.2.0_647/lpcxpresso/tools/bin/../lib/gcc/arm-none-eabi/5.3.1/../../../../arm-none-eabi/lib/armv7-m/libcr_c.a(_ldexpl.o)
 .ARM.attributes
                0x0000000000000594       0x33 /Applications/lpcxpresso_8.2.0_647/lpcxpresso/tools/bin/../lib/gcc/arm-none-eabi/5.3.1/../../../../arm-none-eabi/lib/armv7-m/libcr_c.a(_writebuf.o)
 .ARM.attributes
                0x00000000000005c7       0x33 /Applications/lpcxpresso_8.2.0_647/lpcxpresso/tools/bin/../lib/gcc/arm-none-eabi/5.3.1/../../../../arm-none-eabi/lib/armv7-m/libcr_c.a(errno.o)
 .ARM.attributes
                0x00000000000005fa       0x33 /Applications/lpcxpresso_8.2.0_647/lpcxpresso/tools/bin/../lib/gcc/arm-none-eabi/5.3.1/../../../../arm-none-eabi/lib/armv7-m/libcr_c.a(fseek.o)
 .ARM.attributes
                0x000000000000062d       0x33 /Applications/lpcxpresso_8.2.0_647/lpcxpresso/tools/bin/../lib/gcc/arm-none-eabi/5.3.1/../../../../arm-none-eabi/lib/armv7-m/libcr_c.a(ftell.o)
 .ARM.attributes
                0x0000000000000660       0x33 /Applications/lpcxpresso_8.2.0_647/lpcxpresso/tools/bin/../lib/gcc/arm-none-eabi/5.3.1/../../../../arm-none-eabi/lib/armv7-m/libcr_c.a(_cr_check_heap.o)
 .ARM.attributes
                0x0000000000000693       0x33 /Applications/lpcxpresso_8.2.0_647/lpcxpresso/tools/bin/../lib/gcc/arm-none-eabi/5.3.1/../../../../arm-none-eabi/lib/armv7-m/libcr_c.a(_hugeval.o)
 .ARM.attributes
                0x00000000000006c6       0x33 /Applications/lpcxpresso_8.2.0_647/lpcxpresso/tools/bin/../lib/gcc/arm-none-eabi/5.3.1/armv7-m/libcr_eabihelpers.a(double.o)
 .ARM.attributes
                0x00000000000006f9       0x21 /Applications/lpcxpresso_8.2.0_647/lpcxpresso/tools/bin/../lib/gcc/arm-none-eabi/5.3.1/armv7-m/libcr_eabihelpers.a(memcpy.o)
 .ARM.attributes
                0x000000000000071a       0x21 /Applications/lpcxpresso_8.2.0_647/lpcxpresso/tools/bin/../lib/gcc/arm-none-eabi/5.3.1/../../../../arm-none-eabi/lib/armv7-m/libcr_semihost.a(__sys_appexit.o)
 .ARM.attributes
                0x000000000000073b       0x21 /Applications/lpcxpresso_8.2.0_647/lpcxpresso/tools/bin/../lib/gcc/arm-none-eabi/5.3.1/../../../../arm-none-eabi/lib/armv7-m/libcr_semihost.a(__sys_flen.o)
 .ARM.attributes
                0x000000000000075c       0x21 /Applications/lpcxpresso_8.2.0_647/lpcxpresso/tools/bin/../lib/gcc/arm-none-eabi/5.3.1/../../../../arm-none-eabi/lib/armv7-m/libcr_semihost.a(__sys_istty.o)
 .ARM.attributes
                0x000000000000077d       0x21 /Applications/lpcxpresso_8.2.0_647/lpcxpresso/tools/bin/../lib/gcc/arm-none-eabi/5.3.1/../../../../arm-none-eabi/lib/armv7-m/libcr_semihost.a(__sys_seek.o)
 .ARM.attributes
                0x000000000000079e       0x21 /Applications/lpcxpresso_8.2.0_647/lpcxpresso/tools/bin/../lib/gcc/arm-none-eabi/5.3.1/../../../../arm-none-eabi/lib/armv7-m/libcr_semihost.a(__sys_write.o)

.debug_frame    0x0000000000000000     0x19d8
 .debug_frame   0x0000000000000000      0x308 ./src/Engine.o
 .debug_frame   0x0000000000000308      0x2a4 ./src/LISAreceiver.o
 .debug_frame   0x00000000000005ac      0x178 ./src/LISAtransmitter.o
 .debug_frame   0x0000000000000724      0x170 ./src/cr_startup_lpc175x_6x.o
 .debug_frame   0x0000000000000894      0x128 ./src/queue.o
 .debug_frame   0x00000000000009bc      0x23c ./src/scrambler.o
 .debug_frame   0x0000000000000bf8       0x34 ./src/sysinit.o
 .debug_frame   0x0000000000000c2c      0x58c /Users/dev/Documents/LPCXpresso_8.2.0/workspace/lpc_board_nxp_lpcxpresso_1769/Debug/liblpc_board_nxp_lpcxpresso_1769.a(board.o)
 .debug_frame   0x00000000000011b8       0x8c /Users/dev/Documents/LPCXpresso_8.2.0/workspace/lpc_board_nxp_lpcxpresso_1769/Debug/liblpc_board_nxp_lpcxpresso_1769.a(board_sysinit.o)
 .debug_frame   0x0000000000001244       0x88 /Users/dev/Documents/LPCXpresso_8.2.0/workspace/lpc_chip_175x_6x/Debug/liblpc_chip_175x_6x.a(chip_17xx_40xx.o)
 .debug_frame   0x00000000000012cc      0x490 /Users/dev/Documents/LPCXpresso_8.2.0/workspace/lpc_chip_175x_6x/Debug/liblpc_chip_175x_6x.a(clock_17xx_40xx.o)
 .debug_frame   0x000000000000175c       0x80 /Users/dev/Documents/LPCXpresso_8.2.0/workspace/lpc_chip_175x_6x/Debug/liblpc_chip_175x_6x.a(iocon_17xx_40xx.o)
 .debug_frame   0x00000000000017dc      0x12c /Users/dev/Documents/LPCXpresso_8.2.0/workspace/lpc_chip_175x_6x/Debug/liblpc_chip_175x_6x.a(sysinit_17xx_40xx.o)
 .debug_frame   0x0000000000001908       0xd0 /Users/dev/Documents/LPCXpresso_8.2.0/workspace/lpc_chip_175x_6x/Debug/liblpc_chip_175x_6x.a(timer_17xx_40xx.o)
