Archive member included to satisfy reference by file (symbol)

/Users/dev/Documents/LPCXpresso_8.2.0/workspace/lpc_board_nxp_lpcxpresso_1769/Debug/liblpc_board_nxp_lpcxpresso_1769.a(board.o)
                              ./src/Engine.o (Board_LED_Toggle)
/Users/dev/Documents/LPCXpresso_8.2.0/workspace/lpc_board_nxp_lpcxpresso_1769/Debug/liblpc_board_nxp_lpcxpresso_1769.a(board_sysinit.o)
                              ./src/sysinit.o (Board_SystemInit)
/Users/dev/Documents/LPCXpresso_8.2.0/workspace/lpc_chip_175x_6x/Debug/liblpc_chip_175x_6x.a(chip_17xx_40xx.o)
                              ./src/Engine.o (SystemCoreClockUpdate)
/Users/dev/Documents/LPCXpresso_8.2.0/workspace/lpc_chip_175x_6x/Debug/liblpc_chip_175x_6x.a(clock_17xx_40xx.o)
                              /Users/dev/Documents/LPCXpresso_8.2.0/workspace/lpc_chip_175x_6x/Debug/liblpc_chip_175x_6x.a(chip_17xx_40xx.o) (Chip_Clock_EnablePLL)
/Users/dev/Documents/LPCXpresso_8.2.0/workspace/lpc_chip_175x_6x/Debug/liblpc_chip_175x_6x.a(i2s_17xx_40xx.o)
                              /Users/dev/Documents/LPCXpresso_8.2.0/workspace/lpc_board_nxp_lpcxpresso_1769/Debug/liblpc_board_nxp_lpcxpresso_1769.a(board.o) (Chip_I2S_Init)
/Users/dev/Documents/LPCXpresso_8.2.0/workspace/lpc_chip_175x_6x/Debug/liblpc_chip_175x_6x.a(iocon_17xx_40xx.o)
                              /Users/dev/Documents/LPCXpresso_8.2.0/workspace/lpc_board_nxp_lpcxpresso_1769/Debug/liblpc_board_nxp_lpcxpresso_1769.a(board.o) (Chip_IOCON_PinMux)
/Users/dev/Documents/LPCXpresso_8.2.0/workspace/lpc_chip_175x_6x/Debug/liblpc_chip_175x_6x.a(sysinit_17xx_40xx.o)
                              /Users/dev/Documents/LPCXpresso_8.2.0/workspace/lpc_board_nxp_lpcxpresso_1769/Debug/liblpc_board_nxp_lpcxpresso_1769.a(board_sysinit.o) (Chip_SetupXtalClocking)
/Users/dev/Documents/LPCXpresso_8.2.0/workspace/lpc_chip_175x_6x/Debug/liblpc_chip_175x_6x.a(timer_17xx_40xx.o)
                              ./src/Engine.o (Chip_TIMER_Init)
/Users/dev/Documents/LPCXpresso_8.2.0/workspace/lpc_chip_175x_6x/Debug/liblpc_chip_175x_6x.a(uart_17xx_40xx.o)
                              /Users/dev/Documents/LPCXpresso_8.2.0/workspace/lpc_board_nxp_lpcxpresso_1769/Debug/liblpc_board_nxp_lpcxpresso_1769.a(board.o) (Chip_UART_Init)
/Users/dev/Documents/LPCXpresso_8.2.0/workspace/lpc_chip_175x_6x/Debug/liblpc_chip_175x_6x.a(ring_buffer.o)
                              /Users/dev/Documents/LPCXpresso_8.2.0/workspace/lpc_chip_175x_6x/Debug/liblpc_chip_175x_6x.a(uart_17xx_40xx.o) (RingBuffer_Insert)
/Applications/lpcxpresso_8.2.0_647/lpcxpresso/tools/bin/../lib/gcc/arm-none-eabi/5.3.1/../../../../arm-none-eabi/lib/armv7-m/libcr_semihost.a(_cr__main.o)
                              ./src/cr_startup_lpc175x_6x.o (__main)
/Applications/lpcxpresso_8.2.0_647/lpcxpresso/tools/bin/../lib/gcc/arm-none-eabi/5.3.1/../../../../arm-none-eabi/lib/armv7-m/libcr_c.a(memcpy.o)
                              ./src/Engine.o (memcpy)
/Applications/lpcxpresso_8.2.0_647/lpcxpresso/tools/bin/../lib/gcc/arm-none-eabi/5.3.1/../../../../arm-none-eabi/lib/armv7-m/libcr_c.a(memset.o)
                              ./src/LISAreceiver.o (memset)
/Applications/lpcxpresso_8.2.0_647/lpcxpresso/tools/bin/../lib/gcc/arm-none-eabi/5.3.1/../../../../arm-none-eabi/lib/armv7-m/libcr_c.a(alloc.o)
                              ./src/Engine.o (malloc)
/Applications/lpcxpresso_8.2.0_647/lpcxpresso/tools/bin/../lib/gcc/arm-none-eabi/5.3.1/../../../../arm-none-eabi/lib/armv7-m/libcr_c.a(fpprintf.o)
                              ./src/Engine.o (printf)
/Applications/lpcxpresso_8.2.0_647/lpcxpresso/tools/bin/../lib/gcc/arm-none-eabi/5.3.1/../../../../arm-none-eabi/lib/armv7-m/libcr_c.a(initio.o)
                              /Applications/lpcxpresso_8.2.0_647/lpcxpresso/tools/bin/../lib/gcc/arm-none-eabi/5.3.1/../../../../arm-none-eabi/lib/armv7-m/libcr_semihost.a(_cr__main.o) (_initio)
/Applications/lpcxpresso_8.2.0_647/lpcxpresso/tools/bin/../lib/gcc/arm-none-eabi/5.3.1/../../../../arm-none-eabi/lib/armv7-m/libcr_c.a(printf.o)
                              /Applications/lpcxpresso_8.2.0_647/lpcxpresso/tools/bin/../lib/gcc/arm-none-eabi/5.3.1/../../../../arm-none-eabi/lib/armv7-m/libcr_c.a(fpprintf.o) (__vfprintf)
/Applications/lpcxpresso_8.2.0_647/lpcxpresso/tools/bin/../lib/gcc/arm-none-eabi/5.3.1/../../../../arm-none-eabi/lib/armv7-m/libcr_c.a(setvbuf.o)
                              /Applications/lpcxpresso_8.2.0_647/lpcxpresso/tools/bin/../lib/gcc/arm-none-eabi/5.3.1/../../../../arm-none-eabi/lib/armv7-m/libcr_c.a(initio.o) (setvbuf)
/Applications/lpcxpresso_8.2.0_647/lpcxpresso/tools/bin/../lib/gcc/arm-none-eabi/5.3.1/../../../../arm-none-eabi/lib/armv7-m/libcr_c.a(stdio.o)
                              /Applications/lpcxpresso_8.2.0_647/lpcxpresso/tools/bin/../lib/gcc/arm-none-eabi/5.3.1/../../../../arm-none-eabi/lib/armv7-m/libcr_c.a(fpprintf.o) (__Ciob)
[...]
Memory Configuration

Name             Origin             Length             Attributes
MFlash512        0x0000000000000000 0x0000000000080000 xr
RamLoc32         0x0000000010000000 0x0000000000008000 xrw
RamAHB32         0x000000002007c000 0x0000000000008000 xrw
*default*        0x0000000000000000 0xffffffffffffffff

Linker script and memory map

LOAD ./src/Engine.o
LOAD ./src/LISAreceiver.o
LOAD ./src/LISAtransmitter.o
LOAD ./src/cr_startup_lpc175x_6x.o
LOAD ./src/crp.o
LOAD ./src/queue.o
LOAD ./src/sysinit.o
LOAD /Users/dev/Documents/LPCXpresso_8.2.0/workspace/lpc_board_nxp_lpcxpresso_1769/Debug/liblpc_board_nxp_lpcxpresso_1769.a
LOAD /Users/dev/Documents/LPCXpresso_8.2.0/workspace/lpc_chip_175x_6x/Debug/liblpc_chip_175x_6x.a
LOAD /Users/dev/Documents/LPCXpresso_8.2.0/workspace/CMSIS_DSPLIB_CM3/lib/libCMSIS_DSPLIB_CM3.a
START GROUP
LOAD /Applications/lpcxpresso_8.2.0_647/lpcxpresso/tools/bin/../lib/gcc/arm-none-eabi/5.3.1/../../../../arm-none-eabi/lib/armv7-m/libcr_semihost.a
LOAD /Applications/lpcxpresso_8.2.0_647/lpcxpresso/tools/bin/../lib/gcc/arm-none-eabi/5.3.1/../../../../arm-none-eabi/lib/armv7-m/libcr_c.a
LOAD /Applications/lpcxpresso_8.2.0_647/lpcxpresso/tools/bin/../lib/gcc/arm-none-eabi/5.3.1/armv7-m/libcr_eabihelpers.a
END GROUP
                0x0000000000000000                __base_MFlash512 = 0x0
                0x0000000000000000                __base_Flash = 0x0
                0x0000000000080000                __top_MFlash512 = 0x80000
                0x0000000000080000                __top_Flash = 0x80000
                0x0000000010000000                __base_RamLoc32 = 0x10000000
                0x0000000010000000                __base_RAM = 0x10000000
                0x0000000010008000                __top_RamLoc32 = 0x10008000
                0x0000000010008000                __top_RAM = 0x10008000
                0x000000002007c000                __base_RamAHB32 = 0x2007c000
                0x000000002007c000                __base_RAM2 = 0x2007c000
                0x0000000020084000                __top_RamAHB32 = 0x20084000
                0x0000000020084000                __top_RAM2 = 0x20084000

.text           0x0000000000000000     0x4440
 FILL mask 0xff
                0x0000000000000000                __vectors_start__ = ABSOLUTE (.)
 *(.isr_vector)
 .isr_vector    0x0000000000000000       0xcc ./src/cr_startup_lpc175x_6x.o
                0x0000000000000000                g_pfnVectors
                0x00000000000000cc                . = ALIGN (0x4)
                0x00000000000000cc                __section_table_start = .
                0x00000000000000cc                __data_section_table = .
                0x00000000000000cc        0x4 LONG 0x4440 LOADADDR (.data)
                0x00000000000000d0        0x4 LONG 0x10000000 ADDR (.data)
                0x00000000000000d4        0x4 LONG 0x28 SIZEOF (.data)
                0x00000000000000d8        0x4 LONG 0x4440 LOADADDR (.data_RAM2)
                0x00000000000000dc        0x4 LONG 0x2007c000 ADDR (.data_RAM2)
                0x00000000000000e0        0x4 LONG 0x0 SIZEOF (.data_RAM2)
                0x00000000000000e4                __data_section_table_end = .
                0x00000000000000e4                __bss_section_table = .
                0x00000000000000e4        0x4 LONG 0x10000028 ADDR (.bss)
                0x00000000000000e8        0x4 LONG 0x5c4 SIZEOF (.bss)
                0x00000000000000ec        0x4 LONG 0x2007c000 ADDR (.bss_RAM2)
                0x00000000000000f0        0x4 LONG 0x0 SIZEOF (.bss_RAM2)
                0x00000000000000f4                __bss_section_table_end = .
                0x00000000000000f4                __section_table_end = .
 *(.after_vectors*)
 .after_vectors
                0x00000000000000f4      0x144 ./src/cr_startup_lpc175x_6x.o
                0x00000000000000f4                data_init
                0x0000000000000138                bss_init
                0x0000000000000170                ResetISR
                0x00000000000001e8                NMI_Handler
                0x00000000000001f0                HardFault_Handler
                0x00000000000001f8                MemManage_Handler
                0x0000000000000200                BusFault_Handler
                0x0000000000000208                UsageFault_Handler
                0x0000000000000210                SVC_Handler
                0x0000000000000218                DebugMon_Handler
                0x0000000000000220                PendSV_Handler
                0x0000000000000228                SysTick_Handler
                0x0000000000000230                IntDefaultHandler
                0x0000000000000230                PLL0_IRQHandler
                0x0000000000000230                CAN_IRQHandler
                0x0000000000000230                PLL1_IRQHandler
                0x0000000000000230                SSP0_IRQHandler
                0x0000000000000230                I2S_IRQHandler
                0x0000000000000230                I2C2_IRQHandler
                0x0000000000000230                RTC_IRQHandler
                0x0000000000000230                TIMER0_IRQHandler
                0x0000000000000230                SPI_IRQHandler
                0x0000000000000230                EINT1_IRQHandler
                0x0000000000000230                UART2_IRQHandler
                0x0000000000000230                ADC_IRQHandler
                0x0000000000000230                SSP1_IRQHandler
                0x0000000000000230                USB_IRQHandler
                0x0000000000000230                BOD_IRQHandler
                0x0000000000000230                WDT_IRQHandler
                0x0000000000000230                QEI_IRQHandler
                0x0000000000000230                EINT0_IRQHandler
                0x0000000000000230                ETH_IRQHandler
                0x0000000000000230                DMA_IRQHandler
                0x0000000000000230                UART3_IRQHandler
                0x0000000000000230                MCPWM_IRQHandler
                0x0000000000000230                RIT_IRQHandler
                0x0000000000000230                I2C0_IRQHandler
                0x0000000000000230                USBActivity_IRQHandler
                0x0000000000000230                PWM1_IRQHandler
                0x0000000000000230                I2C1_IRQHandler
                0x0000000000000230                EINT2_IRQHandler
                0x0000000000000230                UART1_IRQHandler
                0x0000000000000230                EINT3_IRQHandler
                0x0000000000000230                CANActivity_IRQHandler
                0x0000000000000230                TIMER3_IRQHandler
                0x0000000000000230                UART0_IRQHandler
                0x00000000000002fc                . = 0x2fc
 *fill*         0x0000000000000238       0xc4 ff
                0x00000000000002fc                PROVIDE (__CRP_WORD_START__, .)
 *(.crp)
 .crp           0x00000000000002fc        0x4 ./src/crp.o
                0x00000000000002fc                CRP_WORD
                0x0000000000000300                PROVIDE (__CRP_WORD_END__, .)
                0x0000000000000001                ASSERT (! ((__CRP_WORD_START__ == __CRP_WORD_END__)), Linker CRP Enabled, but no CRP_WORD provided within application)
 *(.text*)
 .text.NVIC_EnableIRQ
                0x0000000000000300       0x30 ./src/Engine.o
 .text.NVIC_ClearPendingIRQ
                0x0000000000000330       0x34 ./src/Engine.o
 .text.Chip_GPIO_SetPinDIROutput
                0x0000000000000364       0x38 ./src/Engine.o
 .text.Chip_GPIO_SetPinDIRInput
                0x000000000000039c       0x3c ./src/Engine.o
 .text.Chip_TIMER_MatchPending
                0x00000000000003d8       0x34 ./src/Engine.o
 .text.Chip_TIMER_ClearMatch
                0x000000000000040c       0x28 ./src/Engine.o
 .text.Chip_TIMER_Enable
                0x0000000000000434       0x20 ./src/Engine.o
 .text.Chip_TIMER_SetMatch
                0x0000000000000454       0x28 ./src/Engine.o
 .text.Chip_TIMER_MatchEnableInt
                0x000000000000047c       0x34 ./src/Engine.o
 .text.Chip_TIMER_ResetOnMatchEnable
                0x00000000000004b0       0x34 ./src/Engine.o
 .text.testTransmit
                0x00000000000004e4       0x78 ./src/Engine.o
                0x00000000000004e4                testTransmit
 .text.talk     0x000000000000055c       0x18 ./src/Engine.o
                0x000000000000055c                talk
 .text.listen   0x0000000000000574       0x1c ./src/Engine.o
                0x0000000000000574                listen
 .text.TIMER1_IRQHandler
                0x0000000000000590       0x44 ./src/Engine.o
                0x0000000000000590                TIMER1_IRQHandler
 .text.TIMER2_IRQHandler
                0x00000000000005d4       0x80 ./src/Engine.o
                0x00000000000005d4                TIMER2_IRQHandler
 .text.main     0x0000000000000654      0x138 ./src/Engine.o
                0x0000000000000654                main
 .text.Chip_GPIO_GetPinState
                0x000000000000078c       0x38 ./src/LISAreceiver.o
 .text.readBit  0x00000000000007c4       0x34 ./src/LISAreceiver.o
                0x00000000000007c4                readBit
 .text.sendToBuffer
                0x00000000000007f8       0xb4 ./src/LISAreceiver.o
                0x00000000000007f8                sendToBuffer
 .text.findPrefix
                0x00000000000008ac      0x114 ./src/LISAreceiver.o
                0x00000000000008ac                findPrefix
 .text.makeSubString
                0x00000000000009c0      0x164 ./src/LISAreceiver.o
                0x00000000000009c0                makeSubString
 .text.printArrayChar
                0x0000000000000b24       0x58 ./src/LISAreceiver.o
                0x0000000000000b24                printArrayChar
 .text.Chip_GPIO_SetPinOutHigh
                0x0000000000000b7c       0x2c ./src/LISAtransmitter.o
 .text.Chip_GPIO_SetPinOutLow
                0x0000000000000ba8       0x2c ./src/LISAtransmitter.o
 .text.createPrefix
                0x0000000000000bd4       0x4c ./src/LISAtransmitter.o
                0x0000000000000bd4                createPrefix
 .text.addToPacket
                0x0000000000000c20       0x80 ./src/LISAtransmitter.o
                0x0000000000000c20                addToPacket
 .text.sendPacket
                0x0000000000000ca0       0x5c ./src/LISAtransmitter.o
                0x0000000000000ca0                sendPacket
 .text.deletePacket
                0x0000000000000cfc       0x28 ./src/LISAtransmitter.o
                0x0000000000000cfc                deletePacket
 .text.composePacket
                0x0000000000000d24       0x78 ./src/LISAtransmitter.o
                0x0000000000000d24                composePacket
 .text.pushBit  0x0000000000000d9c       0x44 ./src/LISAtransmitter.o
                0x0000000000000d9c                pushBit
 .text.sendBit  0x0000000000000de0       0x5c ./src/LISAtransmitter.o
                0x0000000000000de0                sendBit
 .text.getFront
                0x0000000000000e3c       0x24 ./src/queue.o
                0x0000000000000e3c                getFront
 .text.push     0x0000000000000e60       0x5c ./src/queue.o
                0x0000000000000e60                push
 .text.pop      0x0000000000000ebc       0x3c ./src/queue.o
                0x0000000000000ebc                pop
 .text.SystemInit
                0x0000000000000ef8       0x24 ./src/sysinit.o
                0x0000000000000ef8                SystemInit
 .text.Chip_IOCON_Init
                0x0000000000000f1c       0x18 /Users/dev/Documents/LPCXpresso_8.2.0/workspace/lpc_board_nxp_lpcxpresso_1769/Debug/liblpc_board_nxp_lpcxpresso_1769.a(board.o)
 .text.Chip_GPIO_Init
                0x0000000000000f34       0x18 /Users/dev/Documents/LPCXpresso_8.2.0/workspace/lpc_board_nxp_lpcxpresso_1769/Debug/liblpc_board_nxp_lpcxpresso_1769.a(board.o)
 .text.Chip_GPIO_SetPinState
                0x0000000000000f4c       0x68 /Users/dev/Documents/LPCXpresso_8.2.0/workspace/lpc_board_nxp_lpcxpresso_1769/Debug/liblpc_board_nxp_lpcxpresso_1769.a(board.o)
 .text.Chip_GPIO_WritePortBit
                0x0000000000000fb4       0x2c /Users/dev/Documents/LPCXpresso_8.2.0/workspace/lpc_board_nxp_lpcxpresso_1769/Debug/liblpc_board_nxp_lpcxpresso_1769.a(board.o)
 .text.Chip_GPIO_GetPinState
                0x0000000000000fe0       0x38 /Users/dev/Documents/LPCXpresso_8.2.0/workspace/lpc_board_nxp_lpcxpresso_1769/Debug/liblpc_board_nxp_lpcxpresso_1769.a(board.o)
 .text.Chip_GPIO_ReadPortBit
                0x0000000000001018       0x28 /Users/dev/Documents/LPCXpresso_8.2.0/workspace/lpc_board_nxp_lpcxpresso_1769/Debug/liblpc_board_nxp_lpcxpresso_1769.a(board.o)
 .text.Chip_GPIO_SetPinDIROutput
                0x0000000000001040       0x38 /Users/dev/Documents/LPCXpresso_8.2.0/workspace/lpc_board_nxp_lpcxpresso_1769/Debug/liblpc_board_nxp_lpcxpresso_1769.a(board.o)
 .text.Chip_GPIO_SetPinDIRInput
                0x0000000000001078       0x3c /Users/dev/Documents/LPCXpresso_8.2.0/workspace/lpc_board_nxp_lpcxpresso_1769/Debug/liblpc_board_nxp_lpcxpresso_1769.a(board.o)
 .text.Chip_GPIO_SetPinDIR
                0x00000000000010b4       0x44 /Users/dev/Documents/LPCXpresso_8.2.0/workspace/lpc_board_nxp_lpcxpresso_1769/Debug/liblpc_board_nxp_lpcxpresso_1769.a(board.o)
 .text.Chip_GPIO_WriteDirBit
                0x00000000000010f8       0x30 /Users/dev/Documents/LPCXpresso_8.2.0/workspace/lpc_board_nxp_lpcxpresso_1769/Debug/liblpc_board_nxp_lpcxpresso_1769.a(board.o)
 .text.Board_LED_Init
                0x0000000000001128       0x30 /Users/dev/Documents/LPCXpresso_8.2.0/workspace/lpc_board_nxp_lpcxpresso_1769/Debug/liblpc_board_nxp_lpcxpresso_1769.a(board.o)
 .text.Board_LED_Set
                0x0000000000001158       0x58 /Users/dev/Documents/LPCXpresso_8.2.0/workspace/lpc_board_nxp_lpcxpresso_1769/Debug/liblpc_board_nxp_lpcxpresso_1769.a(board.o)
                0x0000000000001158                Board_LED_Set
 .text.Board_LED_Test
                0x00000000000011b0       0x5c /Users/dev/Documents/LPCXpresso_8.2.0/workspace/lpc_board_nxp_lpcxpresso_1769/Debug/liblpc_board_nxp_lpcxpresso_1769.a(board.o)
                0x00000000000011b0                Board_LED_Test
 .text.Board_LED_Toggle
                0x000000000000120c       0x44 /Users/dev/Documents/LPCXpresso_8.2.0/workspace/lpc_board_nxp_lpcxpresso_1769/Debug/liblpc_board_nxp_lpcxpresso_1769.a(board.o)
                0x000000000000120c                Board_LED_Toggle
 .text.Board_Init
                0x0000000000001250       0x20 /Users/dev/Documents/LPCXpresso_8.2.0/workspace/lpc_board_nxp_lpcxpresso_1769/Debug/liblpc_board_nxp_lpcxpresso_1769.a(board.o)
                0x0000000000001250                Board_Init
 .text.Chip_SYSCTL_SetFLASHAccess
                0x0000000000001270       0x30 /Users/dev/Documents/LPCXpresso_8.2.0/workspace/lpc_board_nxp_lpcxpresso_1769/Debug/liblpc_board_nxp_lpcxpresso_1769.a(board_sysinit.o)
 .text.Board_SetupMuxing
                0x00000000000012a0       0x1c /Users/dev/Documents/LPCXpresso_8.2.0/workspace/lpc_board_nxp_lpcxpresso_1769/Debug/liblpc_board_nxp_lpcxpresso_1769.a(board_sysinit.o)
                0x00000000000012a0                Board_SetupMuxing
 .text.Board_SetupClocking
                0x00000000000012bc       0x14 /Users/dev/Documents/LPCXpresso_8.2.0/workspace/lpc_board_nxp_lpcxpresso_1769/Debug/liblpc_board_nxp_lpcxpresso_1769.a(board_sysinit.o)
                0x00000000000012bc                Board_SetupClocking
 .text.Board_SystemInit
                0x00000000000012d0       0x10 /Users/dev/Documents/LPCXpresso_8.2.0/workspace/lpc_board_nxp_lpcxpresso_1769/Debug/liblpc_board_nxp_lpcxpresso_1769.a(board_sysinit.o)
                0x00000000000012d0                Board_SystemInit
 .text.SystemCoreClockUpdate
                0x00000000000012e0       0x18 /Users/dev/Documents/LPCXpresso_8.2.0/workspace/lpc_chip_175x_6x/Debug/liblpc_chip_175x_6x.a(chip_17xx_40xx.o)
                0x00000000000012e0                SystemCoreClockUpdate
 .text.Chip_Clock_IsMainPLLEnabled
                0x00000000000012f8       0x24 /Users/dev/Documents/LPCXpresso_8.2.0/workspace/lpc_chip_175x_6x/Debug/liblpc_chip_175x_6x.a(clock_17xx_40xx.o)
 .text.Chip_Clock_IsMainPLLConnected
                0x000000000000131c       0x24 /Users/dev/Documents/LPCXpresso_8.2.0/workspace/lpc_chip_175x_6x/Debug/liblpc_chip_175x_6x.a(clock_17xx_40xx.o)
 .text.Chip_Clock_FeedPLL
                0x0000000000001340       0x34 /Users/dev/Documents/LPCXpresso_8.2.0/workspace/lpc_chip_175x_6x/Debug/liblpc_chip_175x_6x.a(clock_17xx_40xx.o)
 .text.Chip_Clock_GetMainPLLSource
                0x0000000000001374       0x20 /Users/dev/Documents/LPCXpresso_8.2.0/workspace/lpc_chip_175x_6x/Debug/liblpc_chip_175x_6x.a(clock_17xx_40xx.o)
 .text.Chip_Clock_GetMainOscRate
                0x0000000000001394       0x14 /Users/dev/Documents/LPCXpresso_8.2.0/workspace/lpc_chip_175x_6x/Debug/liblpc_chip_175x_6x.a(clock_17xx_40xx.o)
 .text.Chip_Clock_GetIntOscRate
                0x00000000000013a8       0x14 /Users/dev/Documents/LPCXpresso_8.2.0/workspace/lpc_chip_175x_6x/Debug/liblpc_chip_175x_6x.a(clock_17xx_40xx.o)
 .text.Chip_Clock_GetRTCOscRate
                0x00000000000013bc       0x14 /Users/dev/Documents/LPCXpresso_8.2.0/workspace/lpc_chip_175x_6x/Debug/liblpc_chip_175x_6x.a(clock_17xx_40xx.o)
 .text.Chip_Clock_GetMainPLLInClockRate
                0x00000000000013d0       0x10 /Users/dev/Documents/LPCXpresso_8.2.0/workspace/lpc_chip_175x_6x/Debug/liblpc_chip_175x_6x.a(clock_17xx_40xx.o)
 .text.Chip_Clock_EnablePLL
                0x00000000000013e0       0x44 /Users/dev/Documents/LPCXpresso_8.2.0/workspace/lpc_chip_175x_6x/Debug/liblpc_chip_175x_6x.a(clock_17xx_40xx.o)
                0x00000000000013e0                Chip_Clock_EnablePLL
 .text.Chip_Clock_DisablePLL
                0x0000000000001424       0x48 /Users/dev/Documents/LPCXpresso_8.2.0/workspace/lpc_chip_175x_6x/Debug/liblpc_chip_175x_6x.a(clock_17xx_40xx.o)
                0x0000000000001424                Chip_Clock_DisablePLL
 .text.Chip_Clock_SetupPLL
                0x000000000000146c       0x5c /Users/dev/Documents/LPCXpresso_8.2.0/workspace/lpc_chip_175x_6x/Debug/liblpc_chip_175x_6x.a(clock_17xx_40xx.o)
                0x000000000000146c                Chip_Clock_SetupPLL
 .text.Chip_Clock_EnablePeriphClock
                0x00000000000014c8       0x34 /Users/dev/Documents/LPCXpresso_8.2.0/workspace/lpc_chip_175x_6x/Debug/liblpc_chip_175x_6x.a(clock_17xx_40xx.o)
                0x00000000000014c8                Chip_Clock_EnablePeriphClock
 .text.Chip_Clock_GetCPUClockSource
                0x00000000000014fc       0x24 /Users/dev/Documents/LPCXpresso_8.2.0/workspace/lpc_chip_175x_6x/Debug/liblpc_chip_175x_6x.a(clock_17xx_40xx.o)
                0x00000000000014fc                Chip_Clock_GetCPUClockSource
 .text.Chip_Clock_SetCPUClockDiv
                0x0000000000001520       0x20 /Users/dev/Documents/LPCXpresso_8.2.0/workspace/lpc_chip_175x_6x/Debug/liblpc_chip_175x_6x.a(clock_17xx_40xx.o)
                0x0000000000001520                Chip_Clock_SetCPUClockDiv
 .text.Chip_Clock_GetCPUClockDiv
                0x0000000000001540       0x1c /Users/dev/Documents/LPCXpresso_8.2.0/workspace/lpc_chip_175x_6x/Debug/liblpc_chip_175x_6x.a(clock_17xx_40xx.o)
                0x0000000000001540                Chip_Clock_GetCPUClockDiv
 .text.Chip_Clock_GetPCLKDiv
                0x000000000000155c       0x8c /Users/dev/Documents/LPCXpresso_8.2.0/workspace/lpc_chip_175x_6x/Debug/liblpc_chip_175x_6x.a(clock_17xx_40xx.o)
                0x000000000000155c                Chip_Clock_GetPCLKDiv
 .text.Chip_Clock_GetSYSCLKRate
                0x00000000000015e8       0x34 /Users/dev/Documents/LPCXpresso_8.2.0/workspace/lpc_chip_175x_6x/Debug/liblpc_chip_175x_6x.a(clock_17xx_40xx.o)
                0x00000000000015e8                Chip_Clock_GetSYSCLKRate
 .text.Chip_Clock_GetMainPLLOutClockRate
                0x000000000000161c       0x54 /Users/dev/Documents/LPCXpresso_8.2.0/workspace/lpc_chip_175x_6x/Debug/liblpc_chip_175x_6x.a(clock_17xx_40xx.o)
                0x000000000000161c                Chip_Clock_GetMainPLLOutClockRate
 .text.Chip_Clock_GetMainClockRate
                0x0000000000001670       0x28 /Users/dev/Documents/LPCXpresso_8.2.0/workspace/lpc_chip_175x_6x/Debug/liblpc_chip_175x_6x.a(clock_17xx_40xx.o)
                0x0000000000001670                Chip_Clock_GetMainClockRate
 .text.Chip_Clock_GetSystemClockRate
                0x0000000000001698       0x18 /Users/dev/Documents/LPCXpresso_8.2.0/workspace/lpc_chip_175x_6x/Debug/liblpc_chip_175x_6x.a(clock_17xx_40xx.o)
                0x0000000000001698                Chip_Clock_GetSystemClockRate
 .text.Chip_Clock_GetPeripheralClockRate
                0x00000000000016b0       0x28 /Users/dev/Documents/LPCXpresso_8.2.0/workspace/lpc_chip_175x_6x/Debug/liblpc_chip_175x_6x.a(clock_17xx_40xx.o)
                0x00000000000016b0                Chip_Clock_GetPeripheralClockRate
 .text.Chip_IOCON_PinMuxSet
                0x00000000000016d8       0x38 /Users/dev/Documents/LPCXpresso_8.2.0/workspace/lpc_chip_175x_6x/Debug/liblpc_chip_175x_6x.a(iocon_17xx_40xx.o)
                0x00000000000016d8                Chip_IOCON_PinMuxSet
 .text.Chip_IOCON_PinMux
                0x0000000000001710       0x94 /Users/dev/Documents/LPCXpresso_8.2.0/workspace/lpc_chip_175x_6x/Debug/liblpc_chip_175x_6x.a(iocon_17xx_40xx.o)
                0x0000000000001710                Chip_IOCON_PinMux
 .text.Chip_IOCON_SetPinMuxing
                0x00000000000017a4       0x64 /Users/dev/Documents/LPCXpresso_8.2.0/workspace/lpc_chip_175x_6x/Debug/liblpc_chip_175x_6x.a(iocon_17xx_40xx.o)
                0x00000000000017a4                Chip_IOCON_SetPinMuxing
 .text.Chip_Clock_IsMainPLLEnabled
                0x0000000000001808       0x24 /Users/dev/Documents/LPCXpresso_8.2.0/workspace/lpc_chip_175x_6x/Debug/liblpc_chip_175x_6x.a(sysinit_17xx_40xx.o)
 .text.Chip_Clock_IsMainPLLLocked
                0x000000000000182c       0x24 /Users/dev/Documents/LPCXpresso_8.2.0/workspace/lpc_chip_175x_6x/Debug/liblpc_chip_175x_6x.a(sysinit_17xx_40xx.o)
 .text.Chip_Clock_IsMainPLLConnected
                0x0000000000001850       0x24 /Users/dev/Documents/LPCXpresso_8.2.0/workspace/lpc_chip_175x_6x/Debug/liblpc_chip_175x_6x.a(sysinit_17xx_40xx.o)
 .text.Chip_Clock_EnableCrystal
                0x0000000000001874       0x20 /Users/dev/Documents/LPCXpresso_8.2.0/workspace/lpc_chip_175x_6x/Debug/liblpc_chip_175x_6x.a(sysinit_17xx_40xx.o)
 .text.Chip_Clock_IsCrystalEnabled
                0x0000000000001894       0x24 /Users/dev/Documents/LPCXpresso_8.2.0/workspace/lpc_chip_175x_6x/Debug/liblpc_chip_175x_6x.a(sysinit_17xx_40xx.o)
 .text.Chip_Clock_SetMainPLLSource
                0x00000000000018b8       0x20 /Users/dev/Documents/LPCXpresso_8.2.0/workspace/lpc_chip_175x_6x/Debug/liblpc_chip_175x_6x.a(sysinit_17xx_40xx.o)
 .text.Chip_SetupXtalClocking
                0x00000000000018d8       0x90 /Users/dev/Documents/LPCXpresso_8.2.0/workspace/lpc_chip_175x_6x/Debug/liblpc_chip_175x_6x.a(sysinit_17xx_40xx.o)
                0x00000000000018d8                Chip_SetupXtalClocking
 .text.Chip_Timer_GetClockIndex
                0x0000000000001968       0x50 /Users/dev/Documents/LPCXpresso_8.2.0/workspace/lpc_chip_175x_6x/Debug/liblpc_chip_175x_6x.a(timer_17xx_40xx.o)
 .text.Chip_TIMER_Init
                0x00000000000019b8       0x20 /Users/dev/Documents/LPCXpresso_8.2.0/workspace/lpc_chip_175x_6x/Debug/liblpc_chip_175x_6x.a(timer_17xx_40xx.o)
                0x00000000000019b8                Chip_TIMER_Init
 .text.Chip_TIMER_Reset
                0x00000000000019d8       0x3c /Users/dev/Documents/LPCXpresso_8.2.0/workspace/lpc_chip_175x_6x/Debug/liblpc_chip_175x_6x.a(timer_17xx_40xx.o)
                0x00000000000019d8                Chip_TIMER_Reset
 .text.__main   0x0000000000001a14       0x14 /Applications/lpcxpresso_8.2.0_647/lpcxpresso/tools/bin/../lib/gcc/arm-none-eabi/5.3.1/../../../../arm-none-eabi/lib/armv7-m/libcr_semihost.a(_cr__main.o)
                0x0000000000001a14                __main
                0x0000000000001a14                __CR_SEMIHOST
 .text.memcpy   0x0000000000001a28        0x4 /Applications/lpcxpresso_8.2.0_647/lpcxpresso/tools/bin/../lib/gcc/arm-none-eabi/5.3.1/../../../../arm-none-eabi/lib/armv7-m/libcr_c.a(memcpy.o)
                0x0000000000001a28                memcpy
 .text.memset   0x0000000000001a2c        0x4 /Applications/lpcxpresso_8.2.0_647/lpcxpresso/tools/bin/../lib/gcc/arm-none-eabi/5.3.1/../../../../arm-none-eabi/lib/armv7-m/libcr_c.a(memset.o)
                0x0000000000001a2c                memset
 .text.malloc   0x0000000000001a30       0xc8 /Applications/lpcxpresso_8.2.0_647/lpcxpresso/tools/bin/../lib/gcc/arm-none-eabi/5.3.1/../../../../arm-none-eabi/lib/armv7-m/libcr_c.a(alloc.o)
                0x0000000000001a30                malloc
 .text.free     0x0000000000001af8       0x30 /Applications/lpcxpresso_8.2.0_647/lpcxpresso/tools/bin/../lib/gcc/arm-none-eabi/5.3.1/../../../../arm-none-eabi/lib/armv7-m/libcr_c.a(alloc.o)
                0x0000000000001af8                free
 .text._Csys_alloc
                0x0000000000001b28       0x20 /Applications/lpcxpresso_8.2.0_647/lpcxpresso/tools/bin/../lib/gcc/arm-none-eabi/5.3.1/../../../../arm-none-eabi/lib/armv7-m/libcr_c.a(alloc.o)
                0x0000000000001b28                _Csys_alloc
 .text.realloc  0x0000000000001b48       0x24 /Applications/lpcxpresso_8.2.0_647/lpcxpresso/tools/bin/../lib/gcc/arm-none-eabi/5.3.1/../../../../arm-none-eabi/lib/armv7-m/libcr_c.a(alloc.o)
                0x0000000000001b48                realloc
 .text.fp_round
                0x0000000000001b6c       0x4c /Applications/lpcxpresso_8.2.0_647/lpcxpresso/tools/bin/../lib/gcc/arm-none-eabi/5.3.1/../../../../arm-none-eabi/lib/armv7-m/libcr_c.a(fpprintf.o)
 .text.pr_dec.constprop.1
                0x0000000000001bb8       0x26 /Applications/lpcxpresso_8.2.0_647/lpcxpresso/tools/bin/../lib/gcc/arm-none-eabi/5.3.1/../../../../arm-none-eabi/lib/armv7-m/libcr_c.a(fpprintf.o)
 *fill*         0x0000000000001bde        0x2 ff
 .text.sprintf  0x0000000000001be0       0x6c /Applications/lpcxpresso_8.2.0_647/lpcxpresso/tools/bin/../lib/gcc/arm-none-eabi/5.3.1/../../../../arm-none-eabi/lib/armv7-m/libcr_c.a(fpprintf.o)
                0x0000000000001be0                sprintf
 *fill*         0x0000000000001c4c        0x4 ff
 .text.fp_display
                0x0000000000001c50      0x8ec /Applications/lpcxpresso_8.2.0_647/lpcxpresso/tools/bin/../lib/gcc/arm-none-eabi/5.3.1/../../../../arm-none-eabi/lib/armv7-m/libcr_c.a(fpprintf.o)
 .text.vsnprintf
                0x000000000000253c       0x5c /Applications/lpcxpresso_8.2.0_647/lpcxpresso/tools/bin/../lib/gcc/arm-none-eabi/5.3.1/../../../../arm-none-eabi/lib/armv7-m/libcr_c.a(fpprintf.o)
                0x000000000000253c                vsnprintf
 .text.printf   0x0000000000002598       0x54 /Applications/lpcxpresso_8.2.0_647/lpcxpresso/tools/bin/../lib/gcc/arm-none-eabi/5.3.1/../../../../arm-none-eabi/lib/armv7-m/libcr_c.a(fpprintf.o)
                0x0000000000002598                printf
 .text._initio  0x00000000000025ec       0xa4 /Applications/lpcxpresso_8.2.0_647/lpcxpresso/tools/bin/../lib/gcc/arm-none-eabi/5.3.1/../../../../arm-none-eabi/lib/armv7-m/libcr_c.a(initio.o)
                0x00000000000025ec                _initio
 .text.__vfprintf
                0x0000000000002690      0xd28 /Applications/lpcxpresso_8.2.0_647/lpcxpresso/tools/bin/../lib/gcc/arm-none-eabi/5.3.1/../../../../arm-none-eabi/lib/armv7-m/libcr_c.a(printf.o)
                0x0000000000002690                __vfprintf
 .text.setvbuf  0x00000000000033b8       0x40 /Applications/lpcxpresso_8.2.0_647/lpcxpresso/tools/bin/../lib/gcc/arm-none-eabi/5.3.1/../../../../arm-none-eabi/lib/armv7-m/libcr_c.a(setvbuf.o)
                0x00000000000033b8                setvbuf
 .text.strlen   0x00000000000033f8       0x4a /Applications/lpcxpresso_8.2.0_647/lpcxpresso/tools/bin/../lib/gcc/arm-none-eabi/5.3.1/../../../../arm-none-eabi/lib/armv7-m/libcr_c.a(strlen.o)
                0x00000000000033f8                strlen
 *fill*         0x0000000000003442        0x2 ff
 .text._sbrk    0x0000000000003444       0x40 /Applications/lpcxpresso_8.2.0_647/lpcxpresso/tools/bin/../lib/gcc/arm-none-eabi/5.3.1/../../../../arm-none-eabi/lib/armv7-m/libcr_c.a(_cr_sbrk.o)
                0x0000000000003444                _sbrk
 .text._deferredlazyseek
                0x0000000000003484       0x44 /Applications/lpcxpresso_8.2.0_647/lpcxpresso/tools/bin/../lib/gcc/arm-none-eabi/5.3.1/../../../../arm-none-eabi/lib/armv7-m/libcr_c.a(_deferredlazyseek.o)
                0x0000000000003484                _deferredlazyseek
 .text.__flsbuf
                0x00000000000034c8      0x140 /Applications/lpcxpresso_8.2.0_647/lpcxpresso/tools/bin/../lib/gcc/arm-none-eabi/5.3.1/../../../../arm-none-eabi/lib/armv7-m/libcr_c.a(_deferredlazyseek.o)
                0x00000000000034c8                __flsbuf
 .text._fdopen  0x0000000000003608       0x6a /Applications/lpcxpresso_8.2.0_647/lpcxpresso/tools/bin/../lib/gcc/arm-none-eabi/5.3.1/../../../../arm-none-eabi/lib/armv7-m/libcr_c.a(_fdopen.o)
                0x0000000000003608                _fdopen
 .text._fflush  0x0000000000003672       0x58 /Applications/lpcxpresso_8.2.0_647/lpcxpresso/tools/bin/../lib/gcc/arm-none-eabi/5.3.1/../../../../arm-none-eabi/lib/armv7-m/libcr_c.a(_fflush.o)
                0x0000000000003672                _fflush
 .text._frexpl  0x00000000000036ca       0x5a /Applications/lpcxpresso_8.2.0_647/lpcxpresso/tools/bin/../lib/gcc/arm-none-eabi/5.3.1/../../../../arm-none-eabi/lib/armv7-m/libcr_c.a(_frexpl.o)
                0x00000000000036ca                _frexpl
 .text._ldexpl  0x0000000000003724       0x4c /Applications/lpcxpresso_8.2.0_647/lpcxpresso/tools/bin/../lib/gcc/arm-none-eabi/5.3.1/../../../../arm-none-eabi/lib/armv7-m/libcr_c.a(_ldexpl.o)
                0x0000000000003724                _ldexpl
 .text._Cwritebuf
                0x0000000000003770       0x68 /Applications/lpcxpresso_8.2.0_647/lpcxpresso/tools/bin/../lib/gcc/arm-none-eabi/5.3.1/../../../../arm-none-eabi/lib/armv7-m/libcr_c.a(_writebuf.o)
                0x0000000000003770                _Cwritebuf
 .text.fclose   0x00000000000037d8       0x6c /Applications/lpcxpresso_8.2.0_647/lpcxpresso/tools/bin/../lib/gcc/arm-none-eabi/5.3.1/../../../../arm-none-eabi/lib/armv7-m/libcr_c.a(fclose.o)
                0x00000000000037d8                fclose
 .text.fflush   0x0000000000003844       0x30 /Applications/lpcxpresso_8.2.0_647/lpcxpresso/tools/bin/../lib/gcc/arm-none-eabi/5.3.1/../../../../arm-none-eabi/lib/armv7-m/libcr_c.a(fflush.o)
                0x0000000000003844                fflush
 .text.fseek    0x0000000000003874      0x110 /Applications/lpcxpresso_8.2.0_647/lpcxpresso/tools/bin/../lib/gcc/arm-none-eabi/5.3.1/../../../../arm-none-eabi/lib/armv7-m/libcr_c.a(fseek.o)
                0x0000000000003874                fseek
 .text.ftell    0x0000000000003984       0x4c /Applications/lpcxpresso_8.2.0_647/lpcxpresso/tools/bin/../lib/gcc/arm-none-eabi/5.3.1/../../../../arm-none-eabi/lib/armv7-m/libcr_c.a(ftell.o)
                0x0000000000003984                ftell
 .text.remove   0x00000000000039d0       0x14 /Applications/lpcxpresso_8.2.0_647/lpcxpresso/tools/bin/../lib/gcc/arm-none-eabi/5.3.1/../../../../arm-none-eabi/lib/armv7-m/libcr_c.a(remove.o)
                0x00000000000039d0                remove
 .text.__check_heap_overflow
                0x00000000000039e4       0x18 /Applications/lpcxpresso_8.2.0_647/lpcxpresso/tools/bin/../lib/gcc/arm-none-eabi/5.3.1/../../../../arm-none-eabi/lib/armv7-m/libcr_c.a(_cr_check_heap.o)
                0x00000000000039e4                __check_heap_overflow
 .text._do_fflush
                0x00000000000039fc       0x44 /Applications/lpcxpresso_8.2.0_647/lpcxpresso/tools/bin/../lib/gcc/arm-none-eabi/5.3.1/../../../../arm-none-eabi/lib/armv7-m/libcr_c.a(_do_fflush.o)
                0x00000000000039fc                _do_fflush
 .text.__aeabi_dmul
                0x0000000000003a40      0x110 /Applications/lpcxpresso_8.2.0_647/lpcxpresso/tools/bin/../lib/gcc/arm-none-eabi/5.3.1/armv7-m/libcr_eabihelpers.a(double.o)
                0x0000000000003a40                __aeabi_dmul
 .text.__aeabi_ddiv
                0x0000000000003b50      0x138 /Applications/lpcxpresso_8.2.0_647/lpcxpresso/tools/bin/../lib/gcc/arm-none-eabi/5.3.1/armv7-m/libcr_eabihelpers.a(double.o)
                0x0000000000003b50                __aeabi_ddiv
 .text.__aeabi_dsub
                0x0000000000003c88      0x1a0 /Applications/lpcxpresso_8.2.0_647/lpcxpresso/tools/bin/../lib/gcc/arm-none-eabi/5.3.1/armv7-m/libcr_eabihelpers.a(double.o)
                0x0000000000003c88                __aeabi_dsub
 .text.__aeabi_dadd
                0x0000000000003e28      0x10c /Applications/lpcxpresso_8.2.0_647/lpcxpresso/tools/bin/../lib/gcc/arm-none-eabi/5.3.1/armv7-m/libcr_eabihelpers.a(double.o)
                0x0000000000003e28                __aeabi_dadd
 .text.__aeabi_d2iz
                0x0000000000003f34       0x40 /Applications/lpcxpresso_8.2.0_647/lpcxpresso/tools/bin/../lib/gcc/arm-none-eabi/5.3.1/armv7-m/libcr_eabihelpers.a(double.o)
                0x0000000000003f34                __aeabi_d2iz
 .text.__bhs_ui2d
                0x0000000000003f74       0x46 /Applications/lpcxpresso_8.2.0_647/lpcxpresso/tools/bin/../lib/gcc/arm-none-eabi/5.3.1/armv7-m/libcr_eabihelpers.a(double.o)
                0x0000000000003f74                __bhs_ui2d
 .text.__aeabi_i2d
                0x0000000000003fba       0x10 /Applications/lpcxpresso_8.2.0_647/lpcxpresso/tools/bin/../lib/gcc/arm-none-eabi/5.3.1/armv7-m/libcr_eabihelpers.a(double.o)
                0x0000000000003fba                __aeabi_i2d
 .text.__aeabi_dcmpeq
                0x0000000000003fca       0x2c /Applications/lpcxpresso_8.2.0_647/lpcxpresso/tools/bin/../lib/gcc/arm-none-eabi/5.3.1/armv7-m/libcr_eabihelpers.a(double.o)
                0x0000000000003fca                __aeabi_dcmpeq
 .text.__aeabi_dcmplt
                0x0000000000003ff6       0x54 /Applications/lpcxpresso_8.2.0_647/lpcxpresso/tools/bin/../lib/gcc/arm-none-eabi/5.3.1/armv7-m/libcr_eabihelpers.a(double.o)
                0x0000000000003ff6                __aeabi_dcmplt
 .text.__aeabi_dcmple
                0x000000000000404a       0x54 /Applications/lpcxpresso_8.2.0_647/lpcxpresso/tools/bin/../lib/gcc/arm-none-eabi/5.3.1/armv7-m/libcr_eabihelpers.a(double.o)
                0x000000000000404a                __aeabi_dcmple
 .text.__aeabi_dcmpge
                0x000000000000409e       0x54 /Applications/lpcxpresso_8.2.0_647/lpcxpresso/tools/bin/../lib/gcc/arm-none-eabi/5.3.1/armv7-m/libcr_eabihelpers.a(double.o)
                0x000000000000409e                __aeabi_dcmpge
 .text.__aeabi_memcpy
                0x00000000000040f2       0x34 /Applications/lpcxpresso_8.2.0_647/lpcxpresso/tools/bin/../lib/gcc/arm-none-eabi/5.3.1/armv7-m/libcr_eabihelpers.a(memcpy.o)
                0x00000000000040f2                __aeabi_memcpy
                0x00000000000040fc                __aeabi_memcpy4
                0x00000000000040fc                __aeabi_memcpy8
 .text.__aeabi_memset_lowlevel
                0x0000000000004126       0x32 /Applications/lpcxpresso_8.2.0_647/lpcxpresso/tools/bin/../lib/gcc/arm-none-eabi/5.3.1/armv7-m/libcr_eabihelpers.a(memcpy.o)
                0x0000000000004126                __aeabi_lowlevel_memset
 .text.__sys_appexit
                0x0000000000004158        0xc /Applications/lpcxpresso_8.2.0_647/lpcxpresso/tools/bin/../lib/gcc/arm-none-eabi/5.3.1/../../../../arm-none-eabi/lib/armv7-m/libcr_semihost.a(__sys_appexit.o)
                0x0000000000004158                __exit
                0x0000000000004158                __sys_appexit
 .text.__sys_close
                0x0000000000004164        0xc /Applications/lpcxpresso_8.2.0_647/lpcxpresso/tools/bin/../lib/gcc/arm-none-eabi/5.3.1/../../../../arm-none-eabi/lib/armv7-m/libcr_semihost.a(__sys_close.o)
                0x0000000000004164                __sys_close
 .text.__sys_flen
                0x0000000000004170        0xc /Applications/lpcxpresso_8.2.0_647/lpcxpresso/tools/bin/../lib/gcc/arm-none-eabi/5.3.1/../../../../arm-none-eabi/lib/armv7-m/libcr_semihost.a(__sys_flen.o)
                0x0000000000004170                __sys_flen
 .text.__sys_istty
                0x000000000000417c        0xc /Applications/lpcxpresso_8.2.0_647/lpcxpresso/tools/bin/../lib/gcc/arm-none-eabi/5.3.1/../../../../arm-none-eabi/lib/armv7-m/libcr_semihost.a(__sys_istty.o)
                0x000000000000417c                __sys_istty
 .text.__sys_remove
                0x0000000000004188        0xc /Applications/lpcxpresso_8.2.0_647/lpcxpresso/tools/bin/../lib/gcc/arm-none-eabi/5.3.1/../../../../arm-none-eabi/lib/armv7-m/libcr_semihost.a(__sys_remove.o)
                0x0000000000004188                __sys_remove
 .text.__sys_seek
                0x0000000000004194        0xc /Applications/lpcxpresso_8.2.0_647/lpcxpresso/tools/bin/../lib/gcc/arm-none-eabi/5.3.1/../../../../arm-none-eabi/lib/armv7-m/libcr_semihost.a(__sys_seek.o)
                0x0000000000004194                __sys_seek
 .text.__sys_tmpnam
                0x00000000000041a0        0xc /Applications/lpcxpresso_8.2.0_647/lpcxpresso/tools/bin/../lib/gcc/arm-none-eabi/5.3.1/../../../../arm-none-eabi/lib/armv7-m/libcr_semihost.a(__sys_tmpnam.o)
                0x00000000000041a0                __sys_tmpnam
 .text.__sys_write
                0x00000000000041ac        0xc /Applications/lpcxpresso_8.2.0_647/lpcxpresso/tools/bin/../lib/gcc/arm-none-eabi/5.3.1/../../../../arm-none-eabi/lib/armv7-m/libcr_semihost.a(__sys_write.o)
                0x00000000000041ac                __write
                0x00000000000041ac                __sys_write
 *(.rodata .rodata.* .constdata .constdata.*)
 .rodata        0x00000000000041b8       0xcf ./src/Engine.o
 *fill*         0x0000000000004287        0x1 ff
 .rodata        0x0000000000004288       0x7b ./src/LISAreceiver.o
 *fill*         0x0000000000004303        0x1 ff
 .rodata        0x0000000000004304       0x4a ./src/LISAtransmitter.o
 *fill*         0x000000000000434e        0x2 ff
 .rodata.OscRateIn
                0x0000000000004350        0x4 /Users/dev/Documents/LPCXpresso_8.2.0/workspace/lpc_board_nxp_lpcxpresso_1769/Debug/liblpc_board_nxp_lpcxpresso_1769.a(board.o)
                0x0000000000004350                OscRateIn
 .rodata.RTCOscRateIn
                0x0000000000004354        0x4 /Users/dev/Documents/LPCXpresso_8.2.0/workspace/lpc_board_nxp_lpcxpresso_1769/Debug/liblpc_board_nxp_lpcxpresso_1769.a(board.o)
                0x0000000000004354                RTCOscRateIn
 .rodata.pinmuxing
                0x0000000000004358       0x5c /Users/dev/Documents/LPCXpresso_8.2.0/workspace/lpc_board_nxp_lpcxpresso_1769/Debug/liblpc_board_nxp_lpcxpresso_1769.a(board_sysinit.o)
 .rodata.str1.1
                0x00000000000043b4       0x18 /Applications/lpcxpresso_8.2.0_647/lpcxpresso/tools/bin/../lib/gcc/arm-none-eabi/5.3.1/../../../../arm-none-eabi/lib/armv7-m/libcr_c.a(alloc.o)
 .rodata.str1.1
                0x00000000000043cc       0x34 /Applications/lpcxpresso_8.2.0_647/lpcxpresso/tools/bin/../lib/gcc/arm-none-eabi/5.3.1/../../../../arm-none-eabi/lib/armv7-m/libcr_c.a(fpprintf.o)
                                         0x35 (size before relaxing)
 .rodata.str1.1
                0x0000000000004400        0x4 /Applications/lpcxpresso_8.2.0_647/lpcxpresso/tools/bin/../lib/gcc/arm-none-eabi/5.3.1/../../../../arm-none-eabi/lib/armv7-m/libcr_c.a(initio.o)
 .rodata.str1.1
                0x0000000000004404       0x31 /Applications/lpcxpresso_8.2.0_647/lpcxpresso/tools/bin/../lib/gcc/arm-none-eabi/5.3.1/../../../../arm-none-eabi/lib/armv7-m/libcr_c.a(printf.o)
                                         0x38 (size before relaxing)
 *fill*         0x0000000000004435        0x3 ff
 .rodata.__huge_vall
                0x0000000000004438        0x8 /Applications/lpcxpresso_8.2.0_647/lpcxpresso/tools/bin/../lib/gcc/arm-none-eabi/5.3.1/../../../../arm-none-eabi/lib/armv7-m/libcr_c.a(_hugeval.o)
                0x0000000000004438                __huge_vall
                0x0000000000004440                . = ALIGN (0x4)

.glue_7         0x0000000000004440        0x0
 .glue_7        0x0000000000004440        0x0 linker stubs

.glue_7t        0x0000000000004440        0x0
 .glue_7t       0x0000000000004440        0x0 linker stubs

.vfp11_veneer   0x0000000000004440        0x0
 .vfp11_veneer  0x0000000000004440        0x0 linker stubs

.v4_bx          0x0000000000004440        0x0
 .v4_bx         0x0000000000004440        0x0 linker stubs

.iplt           0x0000000000004440        0x0
 .iplt          0x0000000000004440        0x0 ./src/Engine.o

.rel.dyn        0x0000000000004440        0x0
 .rel.iplt      0x0000000000004440        0x0 ./src/Engine.o

.ARM.extab
 *(.ARM.extab* .gnu.linkonce.armextab.*)
                0x0000000000004440                __exidx_start = .

.ARM.exidx
 *(.ARM.exidx* .gnu.linkonce.armexidx.*)
                0x0000000000004440                __exidx_end = .
                0x0000000000004440                _etext = .

.data_RAM2      0x000000002007c000        0x0 load address 0x0000000000004440
 FILL mask 0xff
                [!provide]                        PROVIDE (__start_data_RAM2, .)
 *(.ramfunc.$RAM2)
 *(.ramfunc.$RamAHB32)
 *(.data.$RAM2*)
 *(.data.$RamAHB32*)
                0x000000002007c000                . = ALIGN (0x4)
                [!provide]                        PROVIDE (__end_data_RAM2, .)

.uninit_RESERVED
                0x0000000010000000        0x0
 *(.bss.$RESERVED*)
                0x0000000010000000                . = ALIGN (0x4)
                0x0000000010000000                _end_uninit_RESERVED = .

.data           0x0000000010000000       0x28 load address 0x0000000000004440
 FILL mask 0xff
                0x0000000010000000                _data = .
 *(vtable)
 *(.ramfunc*)
 *(.data*)
 .data.matchString.7590
                0x0000000010000000       0x20 ./src/LISAreceiver.o
 .data.matchStringBitSize.7595
                0x0000000010000020        0x4 ./src/LISAreceiver.o
 .data.bufferBitSize.7592
                0x0000000010000024        0x4 ./src/LISAreceiver.o
                0x0000000010000028                . = ALIGN (0x4)
                0x0000000010000028                _edata = .

.igot.plt       0x0000000010000028        0x0 load address 0x0000000000004468
 .igot.plt      0x0000000010000028        0x0 ./src/Engine.o

.bss_RAM2       0x000000002007c000        0x0
                [!provide]                        PROVIDE (__start_bss_RAM2, .)
 *(.bss.$RAM2*)
 *(.bss.$RamAHB32*)
                0x000000002007c000                . = ALIGN ((. != 0x0)?0x4:0x1)
                [!provide]                        PROVIDE (__end_bss_RAM2, .)

.bss            0x0000000010000028      0x5c4
                0x0000000010000028                _bss = .
 *(.bss*)
 .bss.receiverBuffer
                0x0000000010000028      0x400 ./src/Engine.o
                0x0000000010000028                receiverBuffer
 .bss.sendCount
                0x0000000010000428        0x4 ./src/Engine.o
                0x0000000010000428                sendCount
 .bss.loopCount
                0x000000001000042c        0x4 ./src/Engine.o
                0x000000001000042c                loopCount
 .bss.payloadStringReceived
                0x0000000010000430        0x4 ./src/Engine.o
                0x0000000010000430                payloadStringReceived
 .bss.packet    0x0000000010000434        0x4 ./src/Engine.o
                0x0000000010000434                packet
 .bss.packetSize
                0x0000000010000438        0x4 ./src/Engine.o
                0x0000000010000438                packetSize
 .bss.On.7602   0x000000001000043c        0x1 ./src/Engine.o
 *fill*         0x000000001000043d        0x3 
 .bss.counter.7608
                0x0000000010000440        0x4 ./src/Engine.o
 .bss.On.7606   0x0000000010000444        0x1 ./src/Engine.o
 *fill*         0x0000000010000445        0x3 
 .bss.bufferIndex.7577
                0x0000000010000448        0x4 ./src/LISAreceiver.o
 .bss.byteIndex.7576
                0x000000001000044c        0x1 ./src/LISAreceiver.o
 *fill*         0x000000001000044d        0x3 
 .bss.buffIndex.7593
                0x0000000010000450        0x4 ./src/LISAreceiver.o
 .bss.buffSegment.7594
                0x0000000010000454        0x4 ./src/LISAreceiver.o
 .bss.compareIndex.7596
                0x0000000010000458        0x4 ./src/LISAreceiver.o
 .bss.matchStrSegment.7597
                0x000000001000045c        0x4 ./src/LISAreceiver.o
 .bss.checkByte.7599
                0x0000000010000460        0x4 ./src/LISAreceiver.o
 .bss.dataArrayBitSize.7616
                0x0000000010000464        0x4 ./src/LISAreceiver.o
 .bss.subStringBitSize.7617
                0x0000000010000468        0x4 ./src/LISAreceiver.o
 .bss.bitIndex.7618
                0x000000001000046c        0x4 ./src/LISAreceiver.o
 .bss.currDatByteIndex.7619
                0x0000000010000470        0x4 ./src/LISAreceiver.o
 .bss.currDatBitIndex.7620
                0x0000000010000474        0x4 ./src/LISAreceiver.o
 .bss.currStrByteIndex.7621
                0x0000000010000478        0x4 ./src/LISAreceiver.o
 .bss.currStrBitIndex.7622
                0x000000001000047c        0x4 ./src/LISAreceiver.o
 .bss.tempStrBit.7623
                0x0000000010000480        0x1 ./src/LISAreceiver.o
 *fill*         0x0000000010000481        0x3 
 .bss.count.7613
                0x0000000010000484        0x4 ./src/LISAtransmitter.o
 .bss.byteCount.7614
                0x0000000010000488        0x4 ./src/LISAtransmitter.o
 .bss.val.7617  0x000000001000048c        0x1 ./src/LISAtransmitter.o
 .bss.temp.7618
                0x000000001000048d        0x1 ./src/LISAtransmitter.o
 *fill*         0x000000001000048e        0x2 
 .bss.front     0x0000000010000490        0x4 ./src/queue.o
 .bss.back      0x0000000010000494        0x4 ./src/queue.o
 .bss._extra    0x0000000010000498        0x4 /Applications/lpcxpresso_8.2.0_647/lpcxpresso/tools/bin/../lib/gcc/arm-none-eabi/5.3.1/../../../../arm-none-eabi/lib/armv7-m/libcr_c.a(initio.o)
                0x0000000010000498                _extra
 .bss.__Ciob    0x000000001000049c      0x140 /Applications/lpcxpresso_8.2.0_647/lpcxpresso/tools/bin/../lib/gcc/arm-none-eabi/5.3.1/../../../../arm-none-eabi/lib/armv7-m/libcr_c.a(stdio.o)
                0x000000001000049c                __Ciob
 .bss.__heaps   0x00000000100005dc        0x4 /Applications/lpcxpresso_8.2.0_647/lpcxpresso/tools/bin/../lib/gcc/arm-none-eabi/5.3.1/../../../../arm-none-eabi/lib/armv7-m/libcr_c.a(__init_alloc.o)
                0x00000000100005dc                __heaps
 .bss.__end_of_heap
                0x00000000100005e0        0x4 /Applications/lpcxpresso_8.2.0_647/lpcxpresso/tools/bin/../lib/gcc/arm-none-eabi/5.3.1/../../../../arm-none-eabi/lib/armv7-m/libcr_c.a(__init_alloc.o)
                0x00000000100005e0                __end_of_heap
 .bss.errno     0x00000000100005e4        0x4 /Applications/lpcxpresso_8.2.0_647/lpcxpresso/tools/bin/../lib/gcc/arm-none-eabi/5.3.1/../../../../arm-none-eabi/lib/armv7-m/libcr_c.a(errno.o)
                0x00000000100005e4                errno
 *(COMMON)
 COMMON         0x00000000100005e8        0x4 /Users/dev/Documents/LPCXpresso_8.2.0/workspace/lpc_chip_175x_6x/Debug/liblpc_chip_175x_6x.a(chip_17xx_40xx.o)
                0x00000000100005e8                SystemCoreClock
                0x00000000100005ec                . = ALIGN (0x4)
                0x00000000100005ec                _ebss = .
                [!provide]                        PROVIDE (end, .)

.noinit_RAM2    0x000000002007c000        0x0
 *(.noinit.$RAM2*)
 *(.noinit.$RamAHB32*)
                0x000000002007c000                . = ALIGN (0x4)

.noinit         0x00000000100005ec        0x0
                0x00000000100005ec                _noinit = .
 *(.noinit*)
                0x00000000100005ec                . = ALIGN (0x4)
                0x00000000100005ec                _end_noinit = .
                0x00000000100005ec                PROVIDE (_pvHeapStart, DEFINED (__user_heap_base)?__user_heap_base:.)
                0x0000000010008000                PROVIDE (_vStackTop, DEFINED (__user_stack_top)?__user_stack_top:(__top_RamLoc32 - 0x0))
                0xffffffffefff74b2                PROVIDE (__valid_user_code_checksum, (0x0 - ((((((_vStackTop + (ResetISR + 0x1)) + (NMI_Handler + 0x1)) + (HardFault_Handler + 0x1)) + (DEFINED (MemManage_Handler)?MemManage_Handler:0x0 + 0x1)) + (DEFINED (BusFault_Handler)?BusFault_Handler:0x0 + 0x1)) + (DEFINED (UsageFault_Handler)?UsageFault_Handler:0x0 + 0x1))))
OUTPUT(Engine.axf elf32-littlearm)

.debug_info     0x0000000000000000     0x50c0
 .debug_info    0x0000000000000000      0xb6d ./src/Engine.o
 .debug_info    0x0000000000000b6d      0x62a ./src/LISAreceiver.o
 .debug_info    0x0000000000001197      0x4d4 ./src/LISAtransmitter.o
 .debug_info    0x000000000000166b      0x253 ./src/cr_startup_lpc175x_6x.o
 .debug_info    0x00000000000018be       0x3f ./src/crp.o
 .debug_info    0x00000000000018fd      0x225 ./src/queue.o
 .debug_info    0x0000000000001b22      0x110 ./src/sysinit.o
 .debug_info    0x0000000000001c32     0x1362 /Users/dev/Documents/LPCXpresso_8.2.0/workspace/lpc_board_nxp_lpcxpresso_1769/Debug/liblpc_board_nxp_lpcxpresso_1769.a(board.o)
 .debug_info    0x0000000000002f94      0x591 /Users/dev/Documents/LPCXpresso_8.2.0/workspace/lpc_board_nxp_lpcxpresso_1769/Debug/liblpc_board_nxp_lpcxpresso_1769.a(board_sysinit.o)
 .debug_info    0x0000000000003525      0x51e /Users/dev/Documents/LPCXpresso_8.2.0/workspace/lpc_chip_175x_6x/Debug/liblpc_chip_175x_6x.a(chip_17xx_40xx.o)
 .debug_info    0x0000000000003a43      0xb62 /Users/dev/Documents/LPCXpresso_8.2.0/workspace/lpc_chip_175x_6x/Debug/liblpc_chip_175x_6x.a(clock_17xx_40xx.o)
 .debug_info    0x00000000000045a5      0x2e9 /Users/dev/Documents/LPCXpresso_8.2.0/workspace/lpc_chip_175x_6x/Debug/liblpc_chip_175x_6x.a(iocon_17xx_40xx.o)
 .debug_info    0x000000000000488e      0x439 /Users/dev/Documents/LPCXpresso_8.2.0/workspace/lpc_chip_175x_6x/Debug/liblpc_chip_175x_6x.a(sysinit_17xx_40xx.o)
 .debug_info    0x0000000000004cc7      0x3f9 /Users/dev/Documents/LPCXpresso_8.2.0/workspace/lpc_chip_175x_6x/Debug/liblpc_chip_175x_6x.a(timer_17xx_40xx.o)

.debug_abbrev   0x0000000000000000     0x15a6
 .debug_abbrev  0x0000000000000000      0x279 ./src/Engine.o
 .debug_abbrev  0x0000000000000279      0x1ce ./src/LISAreceiver.o
 .debug_abbrev  0x0000000000000447      0x18a ./src/LISAtransmitter.o
 .debug_abbrev  0x00000000000005d1       0xf5 ./src/cr_startup_lpc175x_6x.o
 .debug_abbrev  0x00000000000006c6       0x36 ./src/crp.o
 .debug_abbrev  0x00000000000006fc      0x11b ./src/queue.o
 .debug_abbrev  0x0000000000000817       0xa3 ./src/sysinit.o
 .debug_abbrev  0x00000000000008ba      0x36a /Users/dev/Documents/LPCXpresso_8.2.0/workspace/lpc_board_nxp_lpcxpresso_1769/Debug/liblpc_board_nxp_lpcxpresso_1769.a(board.o)
 .debug_abbrev  0x0000000000000c24      0x15c /Users/dev/Documents/LPCXpresso_8.2.0/workspace/lpc_board_nxp_lpcxpresso_1769/Debug/liblpc_board_nxp_lpcxpresso_1769.a(board_sysinit.o)
 .debug_abbrev  0x0000000000000d80      0x13c /Users/dev/Documents/LPCXpresso_8.2.0/workspace/lpc_chip_175x_6x/Debug/liblpc_chip_175x_6x.a(chip_17xx_40xx.o)
 .debug_abbrev  0x0000000000000ebc      0x2ec /Users/dev/Documents/LPCXpresso_8.2.0/workspace/lpc_chip_175x_6x/Debug/liblpc_chip_175x_6x.a(clock_17xx_40xx.o)
 .debug_abbrev  0x00000000000011a8      0x126 /Users/dev/Documents/LPCXpresso_8.2.0/workspace/lpc_chip_175x_6x/Debug/liblpc_chip_175x_6x.a(iocon_17xx_40xx.o)
 .debug_abbrev  0x00000000000012ce      0x175 /Users/dev/Documents/LPCXpresso_8.2.0/workspace/lpc_chip_175x_6x/Debug/liblpc_chip_175x_6x.a(sysinit_17xx_40xx.o)
 .debug_abbrev  0x0000000000001443      0x163 /Users/dev/Documents/LPCXpresso_8.2.0/workspace/lpc_chip_175x_6x/Debug/liblpc_chip_175x_6x.a(timer_17xx_40xx.o)

.debug_aranges  0x0000000000000000      0x628
 .debug_aranges
                0x0000000000000000       0xa8 ./src/Engine.o
 .debug_aranges
                0x00000000000000a8       0x68 ./src/LISAreceiver.o
 .debug_aranges
                0x0000000000000110       0x68 ./src/LISAtransmitter.o
 .debug_aranges
                0x0000000000000178       0x80 ./src/cr_startup_lpc175x_6x.o
 .debug_aranges
                0x00000000000001f8       0x18 ./src/crp.o
 .debug_aranges
                0x0000000000000210       0x48 ./src/queue.o
 .debug_aranges
                0x0000000000000258       0x20 ./src/sysinit.o
 .debug_aranges
                0x0000000000000278      0x150 /Users/dev/Documents/LPCXpresso_8.2.0/workspace/lpc_board_nxp_lpcxpresso_1769/Debug/liblpc_board_nxp_lpcxpresso_1769.a(board.o)
 .debug_aranges
                0x00000000000003c8       0x38 /Users/dev/Documents/LPCXpresso_8.2.0/workspace/lpc_board_nxp_lpcxpresso_1769/Debug/liblpc_board_nxp_lpcxpresso_1769.a(board_sysinit.o)
 .debug_aranges
                0x0000000000000400       0x38 /Users/dev/Documents/LPCXpresso_8.2.0/workspace/lpc_chip_175x_6x/Debug/liblpc_chip_175x_6x.a(chip_17xx_40xx.o)
 .debug_aranges
                0x0000000000000438      0x120 /Users/dev/Documents/LPCXpresso_8.2.0/workspace/lpc_chip_175x_6x/Debug/liblpc_chip_175x_6x.a(clock_17xx_40xx.o)
 .debug_aranges
                0x0000000000000558       0x30 /Users/dev/Documents/LPCXpresso_8.2.0/workspace/lpc_chip_175x_6x/Debug/liblpc_chip_175x_6x.a(iocon_17xx_40xx.o)
 .debug_aranges
                0x0000000000000588       0x60 /Users/dev/Documents/LPCXpresso_8.2.0/workspace/lpc_chip_175x_6x/Debug/liblpc_chip_175x_6x.a(sysinit_17xx_40xx.o)
 .debug_aranges
                0x00000000000005e8       0x40 /Users/dev/Documents/LPCXpresso_8.2.0/workspace/lpc_chip_175x_6x/Debug/liblpc_chip_175x_6x.a(timer_17xx_40xx.o)

.debug_ranges   0x0000000000000000      0x540
 .debug_ranges  0x0000000000000000       0x98 ./src/Engine.o
 .debug_ranges  0x0000000000000098       0x58 ./src/LISAreceiver.o
 .debug_ranges  0x00000000000000f0       0x58 ./src/LISAtransmitter.o
 .debug_ranges  0x0000000000000148       0x70 ./src/cr_startup_lpc175x_6x.o
 .debug_ranges  0x00000000000001b8       0x38 ./src/queue.o
 .debug_ranges  0x00000000000001f0       0x10 ./src/sysinit.o
 .debug_ranges  0x0000000000000200      0x140 /Users/dev/Documents/LPCXpresso_8.2.0/workspace/lpc_board_nxp_lpcxpresso_1769/Debug/liblpc_board_nxp_lpcxpresso_1769.a(board.o)
 .debug_ranges  0x0000000000000340       0x28 /Users/dev/Documents/LPCXpresso_8.2.0/workspace/lpc_board_nxp_lpcxpresso_1769/Debug/liblpc_board_nxp_lpcxpresso_1769.a(board_sysinit.o)
 .debug_ranges  0x0000000000000368       0x28 /Users/dev/Documents/LPCXpresso_8.2.0/workspace/lpc_chip_175x_6x/Debug/liblpc_chip_175x_6x.a(chip_17xx_40xx.o)
 .debug_ranges  0x0000000000000390      0x110 /Users/dev/Documents/LPCXpresso_8.2.0/workspace/lpc_chip_175x_6x/Debug/liblpc_chip_175x_6x.a(clock_17xx_40xx.o)
 .debug_ranges  0x00000000000004a0       0x20 /Users/dev/Documents/LPCXpresso_8.2.0/workspace/lpc_chip_175x_6x/Debug/liblpc_chip_175x_6x.a(iocon_17xx_40xx.o)
 .debug_ranges  0x00000000000004c0       0x50 /Users/dev/Documents/LPCXpresso_8.2.0/workspace/lpc_chip_175x_6x/Debug/liblpc_chip_175x_6x.a(sysinit_17xx_40xx.o)
 .debug_ranges  0x0000000000000510       0x30 /Users/dev/Documents/LPCXpresso_8.2.0/workspace/lpc_chip_175x_6x/Debug/liblpc_chip_175x_6x.a(timer_17xx_40xx.o)

.debug_macro    0x0000000000000000     0x5a93
 .debug_macro   0x0000000000000000      0x29c ./src/Engine.o
 .debug_macro   0x000000000000029c      0x898 ./src/Engine.o
 .debug_macro   0x0000000000000b34       0x10 ./src/Engine.o
 .debug_macro   0x0000000000000b44      0x12d ./src/Engine.o
 .debug_macro   0x0000000000000c71      0x5b2 ./src/Engine.o
 .debug_macro   0x0000000000001223       0x22 ./src/Engine.o
 .debug_macro   0x0000000000001245       0x7b ./src/Engine.o
 .debug_macro   0x00000000000012c0       0x10 ./src/Engine.o
 .debug_macro   0x00000000000012d0       0x2d ./src/Engine.o
 .debug_macro   0x00000000000012fd       0x3a ./src/Engine.o
 .debug_macro   0x0000000000001337       0x2d ./src/Engine.o
 .debug_macro   0x0000000000001364      0xbb1 ./src/Engine.o
 .debug_macro   0x0000000000001f15      0x22c ./src/Engine.o
 .debug_macro   0x0000000000002141       0x42 ./src/Engine.o
 .debug_macro   0x0000000000002183       0x52 ./src/Engine.o
 .debug_macro   0x00000000000021d5       0x78 ./src/Engine.o
 .debug_macro   0x000000000000224d       0x82 ./src/Engine.o
 .debug_macro   0x00000000000022cf      0x48c ./src/Engine.o
 .debug_macro   0x000000000000275b       0x34 ./src/Engine.o
 .debug_macro   0x000000000000278f      0x4c5 ./src/Engine.o
 .debug_macro   0x0000000000002c54      0x1b7 ./src/Engine.o
 .debug_macro   0x0000000000002e0b       0x10 ./src/Engine.o
 .debug_macro   0x0000000000002e1b      0x21b ./src/Engine.o
 .debug_macro   0x0000000000003036      0x1b9 ./src/Engine.o
 .debug_macro   0x00000000000031ef       0x40 ./src/Engine.o
 .debug_macro   0x000000000000322f       0x22 ./src/Engine.o
 .debug_macro   0x0000000000003251      0x162 ./src/Engine.o
 .debug_macro   0x00000000000033b3       0x94 ./src/Engine.o
 .debug_macro   0x0000000000003447       0xb8 ./src/Engine.o
 .debug_macro   0x00000000000034ff       0x4c ./src/Engine.o
 .debug_macro   0x000000000000354b       0x16 ./src/Engine.o
 .debug_macro   0x0000000000003561      0x328 ./src/Engine.o
 .debug_macro   0x0000000000003889       0x49 ./src/Engine.o
 .debug_macro   0x00000000000038d2       0x16 ./src/Engine.o
 .debug_macro   0x00000000000038e8       0xca ./src/Engine.o
 .debug_macro   0x00000000000039b2       0x18 ./src/Engine.o
 .debug_macro   0x00000000000039ca       0x76 ./src/Engine.o
 .debug_macro   0x0000000000003a40       0x9a ./src/Engine.o
 .debug_macro   0x0000000000003ada       0x20 ./src/Engine.o
 .debug_macro   0x0000000000003afa       0x28 ./src/Engine.o
 .debug_macro   0x0000000000003b22       0x10 ./src/Engine.o
 .debug_macro   0x0000000000003b32       0x1c ./src/Engine.o
 .debug_macro   0x0000000000003b4e       0x82 ./src/Engine.o
 .debug_macro   0x0000000000003bd0      0x277 ./src/LISAreceiver.o
 .debug_macro   0x0000000000003e47      0x265 ./src/LISAtransmitter.o
 .debug_macro   0x00000000000040ac       0x16 ./src/LISAtransmitter.o
 .debug_macro   0x00000000000040c2       0x74 ./src/LISAtransmitter.o
 .debug_macro   0x0000000000004136       0x11 ./src/LISAtransmitter.o
 .debug_macro   0x0000000000004147       0x1d ./src/cr_startup_lpc175x_6x.o
 .debug_macro   0x0000000000004164       0x1a ./src/crp.o
 .debug_macro   0x000000000000417e       0x34 ./src/crp.o
 .debug_macro   0x00000000000041b2       0x79 ./src/queue.o
 .debug_macro   0x000000000000422b      0x217 ./src/sysinit.o
 .debug_macro   0x0000000000004442      0x2a1 /Users/dev/Documents/LPCXpresso_8.2.0/workspace/lpc_board_nxp_lpcxpresso_1769/Debug/liblpc_board_nxp_lpcxpresso_1769.a(board.o)
 .debug_macro   0x00000000000046e3      0x886 /Users/dev/Documents/LPCXpresso_8.2.0/workspace/lpc_board_nxp_lpcxpresso_1769/Debug/liblpc_board_nxp_lpcxpresso_1769.a(board.o)
 .debug_macro   0x0000000000004f69       0x12 /Users/dev/Documents/LPCXpresso_8.2.0/workspace/lpc_board_nxp_lpcxpresso_1769/Debug/liblpc_board_nxp_lpcxpresso_1769.a(board.o)
 .debug_macro   0x0000000000004f7b      0x217 /Users/dev/Documents/LPCXpresso_8.2.0/workspace/lpc_board_nxp_lpcxpresso_1769/Debug/liblpc_board_nxp_lpcxpresso_1769.a(board_sysinit.o)
 .debug_macro   0x0000000000005192      0x1cd /Users/dev/Documents/LPCXpresso_8.2.0/workspace/lpc_chip_175x_6x/Debug/liblpc_chip_175x_6x.a(chip_17xx_40xx.o)
 .debug_macro   0x000000000000535f      0x1cd /Users/dev/Documents/LPCXpresso_8.2.0/workspace/lpc_chip_175x_6x/Debug/liblpc_chip_175x_6x.a(clock_17xx_40xx.o)
 .debug_macro   0x000000000000552c      0x1cd /Users/dev/Documents/LPCXpresso_8.2.0/workspace/lpc_chip_175x_6x/Debug/liblpc_chip_175x_6x.a(iocon_17xx_40xx.o)
 .debug_macro   0x00000000000056f9      0x1cd /Users/dev/Documents/LPCXpresso_8.2.0/workspace/lpc_chip_175x_6x/Debug/liblpc_chip_175x_6x.a(sysinit_17xx_40xx.o)
 .debug_macro   0x00000000000058c6      0x1cd /Users/dev/Documents/LPCXpresso_8.2.0/workspace/lpc_chip_175x_6x/Debug/liblpc_chip_175x_6x.a(timer_17xx_40xx.o)

.debug_line     0x0000000000000000     0x409c
 .debug_line    0x0000000000000000      0x6ce ./src/Engine.o
 .debug_line    0x00000000000006ce      0x63d ./src/LISAreceiver.o
 .debug_line    0x0000000000000d0b      0x60a ./src/LISAtransmitter.o
 .debug_line    0x0000000000001315       0xd5 ./src/cr_startup_lpc175x_6x.o
 .debug_line    0x00000000000013ea       0x7f ./src/crp.o
 .debug_line    0x0000000000001469      0x1e5 ./src/queue.o
 .debug_line    0x000000000000164e      0x493 ./src/sysinit.o
 .debug_line    0x0000000000001ae1      0x81e /Users/dev/Documents/LPCXpresso_8.2.0/workspace/lpc_board_nxp_lpcxpresso_1769/Debug/liblpc_board_nxp_lpcxpresso_1769.a(board.o)
 .debug_line    0x00000000000022ff      0x4d3 /Users/dev/Documents/LPCXpresso_8.2.0/workspace/lpc_board_nxp_lpcxpresso_1769/Debug/liblpc_board_nxp_lpcxpresso_1769.a(board_sysinit.o)
 .debug_line    0x00000000000027d2      0x45f /Users/dev/Documents/LPCXpresso_8.2.0/workspace/lpc_chip_175x_6x/Debug/liblpc_chip_175x_6x.a(chip_17xx_40xx.o)
 .debug_line    0x0000000000002c31      0x6db /Users/dev/Documents/LPCXpresso_8.2.0/workspace/lpc_chip_175x_6x/Debug/liblpc_chip_175x_6x.a(clock_17xx_40xx.o)
 .debug_line    0x000000000000330c      0x44b /Users/dev/Documents/LPCXpresso_8.2.0/workspace/lpc_chip_175x_6x/Debug/liblpc_chip_175x_6x.a(iocon_17xx_40xx.o)
 .debug_line    0x0000000000003757      0x4d5 /Users/dev/Documents/LPCXpresso_8.2.0/workspace/lpc_chip_175x_6x/Debug/liblpc_chip_175x_6x.a(sysinit_17xx_40xx.o)
 .debug_line    0x0000000000003c2c      0x470 /Users/dev/Documents/LPCXpresso_8.2.0/workspace/lpc_chip_175x_6x/Debug/liblpc_chip_175x_6x.a(timer_17xx_40xx.o)

.debug_str      0x0000000000000000    0x137d1
 .debug_str     0x0000000000000000    0x11872 ./src/Engine.o
                                      0x1198e (size before relaxing)
 .debug_str     0x0000000000011872      0x24e ./src/LISAreceiver.o
                                      0x10fae (size before relaxing)
 .debug_str     0x0000000000011ac0       0xfc ./src/LISAtransmitter.o
                                      0x10cb5 (size before relaxing)
 .debug_str     0x0000000000011bbc      0x1c2 ./src/cr_startup_lpc175x_6x.o
                                       0x26c7 (size before relaxing)
 .debug_str     0x0000000000011d7e       0xe9 ./src/crp.o
                                       0x25df (size before relaxing)
 .debug_str     0x0000000000011e67       0x54 ./src/queue.o
                                       0x4016 (size before relaxing)
 .debug_str     0x0000000000011ebb       0x1b ./src/sysinit.o
                                      0x10a67 (size before relaxing)
 .debug_str     0x0000000000011ed6      0xd7c /Users/dev/Documents/LPCXpresso_8.2.0/workspace/lpc_board_nxp_lpcxpresso_1769/Debug/liblpc_board_nxp_lpcxpresso_1769.a(board.o)
                                      0x1192d (size before relaxing)
 .debug_str     0x0000000000012c52      0x22d /Users/dev/Documents/LPCXpresso_8.2.0/workspace/lpc_board_nxp_lpcxpresso_1769/Debug/liblpc_board_nxp_lpcxpresso_1769.a(board_sysinit.o)
                                      0x10e48 (size before relaxing)
 .debug_str     0x0000000000012e7f       0xca /Users/dev/Documents/LPCXpresso_8.2.0/workspace/lpc_chip_175x_6x/Debug/liblpc_chip_175x_6x.a(chip_17xx_40xx.o)
                                      0x10b52 (size before relaxing)
 .debug_str     0x0000000000012f49      0x61a /Users/dev/Documents/LPCXpresso_8.2.0/workspace/lpc_chip_175x_6x/Debug/liblpc_chip_175x_6x.a(clock_17xx_40xx.o)
                                      0x111c0 (size before relaxing)
 .debug_str     0x0000000000013563       0x79 /Users/dev/Documents/LPCXpresso_8.2.0/workspace/lpc_chip_175x_6x/Debug/liblpc_chip_175x_6x.a(iocon_17xx_40xx.o)
                                      0x1063d (size before relaxing)
 .debug_str     0x00000000000135dc       0xc4 /Users/dev/Documents/LPCXpresso_8.2.0/workspace/lpc_chip_175x_6x/Debug/liblpc_chip_175x_6x.a(sysinit_17xx_40xx.o)
                                      0x10825 (size before relaxing)
 .debug_str     0x00000000000136a0      0x131 /Users/dev/Documents/LPCXpresso_8.2.0/workspace/lpc_chip_175x_6x/Debug/liblpc_chip_175x_6x.a(timer_17xx_40xx.o)
                                      0x1096e (size before relaxing)

.comment        0x0000000000000000       0xdc
 .comment       0x0000000000000000       0x6e ./src/Engine.o
                                         0x6f (size before relaxing)
 .comment       0x000000000000006e       0x6f ./src/LISAreceiver.o
 .comment       0x000000000000006e       0x6f ./src/LISAtransmitter.o
 .comment       0x000000000000006e       0x6f ./src/cr_startup_lpc175x_6x.o
 .comment       0x000000000000006e       0x6f ./src/crp.o
 .comment       0x000000000000006e       0x6f ./src/queue.o
 .comment       0x000000000000006e       0x6f ./src/sysinit.o
 .comment       0x000000000000006e       0x6f /Users/dev/Documents/LPCXpresso_8.2.0/workspace/lpc_board_nxp_lpcxpresso_1769/Debug/liblpc_board_nxp_lpcxpresso_1769.a(board.o)
 .comment       0x000000000000006e       0x6f /Users/dev/Documents/LPCXpresso_8.2.0/workspace/lpc_board_nxp_lpcxpresso_1769/Debug/liblpc_board_nxp_lpcxpresso_1769.a(board_sysinit.o)
 .comment       0x000000000000006e       0x6f /Users/dev/Documents/LPCXpresso_8.2.0/workspace/lpc_chip_175x_6x/Debug/liblpc_chip_175x_6x.a(chip_17xx_40xx.o)
 .comment       0x000000000000006e       0x6f /Users/dev/Documents/LPCXpresso_8.2.0/workspace/lpc_chip_175x_6x/Debug/liblpc_chip_175x_6x.a(clock_17xx_40xx.o)
 .comment       0x000000000000006e       0x6f /Users/dev/Documents/LPCXpresso_8.2.0/workspace/lpc_chip_175x_6x/Debug/liblpc_chip_175x_6x.a(iocon_17xx_40xx.o)
 .comment       0x000000000000006e       0x6f /Users/dev/Documents/LPCXpresso_8.2.0/workspace/lpc_chip_175x_6x/Debug/liblpc_chip_175x_6x.a(sysinit_17xx_40xx.o)
 .comment       0x000000000000006e       0x6f /Users/dev/Documents/LPCXpresso_8.2.0/workspace/lpc_chip_175x_6x/Debug/liblpc_chip_175x_6x.a(timer_17xx_40xx.o)
 .comment       0x000000000000006e       0x6e /Applications/lpcxpresso_8.2.0_647/lpcxpresso/tools/bin/../lib/gcc/arm-none-eabi/5.3.1/../../../../arm-none-eabi/lib/armv7-m/libcr_semihost.a(_cr__main.o)
                                         0x6f (size before relaxing)
 .comment       0x00000000000000dc       0x6f /Applications/lpcxpresso_8.2.0_647/lpcxpresso/tools/bin/../lib/gcc/arm-none-eabi/5.3.1/../../../../arm-none-eabi/lib/armv7-m/libcr_c.a(memcpy.o)
 .comment       0x00000000000000dc       0x6f /Applications/lpcxpresso_8.2.0_647/lpcxpresso/tools/bin/../lib/gcc/arm-none-eabi/5.3.1/../../../../arm-none-eabi/lib/armv7-m/libcr_c.a(memset.o)
 .comment       0x00000000000000dc       0x6f /Applications/lpcxpresso_8.2.0_647/lpcxpresso/tools/bin/../lib/gcc/arm-none-eabi/5.3.1/../../../../arm-none-eabi/lib/armv7-m/libcr_c.a(alloc.o)
 .comment       0x00000000000000dc       0x6f /Applications/lpcxpresso_8.2.0_647/lpcxpresso/tools/bin/../lib/gcc/arm-none-eabi/5.3.1/../../../../arm-none-eabi/lib/armv7-m/libcr_c.a(fpprintf.o)
 .comment       0x00000000000000dc       0x6f /Applications/lpcxpresso_8.2.0_647/lpcxpresso/tools/bin/../lib/gcc/arm-none-eabi/5.3.1/../../../../arm-none-eabi/lib/armv7-m/libcr_c.a(initio.o)
 .comment       0x00000000000000dc       0x6f /Applications/lpcxpresso_8.2.0_647/lpcxpresso/tools/bin/../lib/gcc/arm-none-eabi/5.3.1/../../../../arm-none-eabi/lib/armv7-m/libcr_c.a(printf.o)
 .comment       0x00000000000000dc       0x6f /Applications/lpcxpresso_8.2.0_647/lpcxpresso/tools/bin/../lib/gcc/arm-none-eabi/5.3.1/../../../../arm-none-eabi/lib/armv7-m/libcr_c.a(setvbuf.o)
 .comment       0x00000000000000dc       0x6f /Applications/lpcxpresso_8.2.0_647/lpcxpresso/tools/bin/../lib/gcc/arm-none-eabi/5.3.1/../../../../arm-none-eabi/lib/armv7-m/libcr_c.a(stdio.o)
 .comment       0x00000000000000dc       0x6f /Applications/lpcxpresso_8.2.0_647/lpcxpresso/tools/bin/../lib/gcc/arm-none-eabi/5.3.1/../../../../arm-none-eabi/lib/armv7-m/libcr_c.a(strlen.o)
 .comment       0x00000000000000dc       0x6f /Applications/lpcxpresso_8.2.0_647/lpcxpresso/tools/bin/../lib/gcc/arm-none-eabi/5.3.1/../../../../arm-none-eabi/lib/armv7-m/libcr_c.a(__init_alloc.o)
 .comment       0x00000000000000dc       0x6f /Applications/lpcxpresso_8.2.0_647/lpcxpresso/tools/bin/../lib/gcc/arm-none-eabi/5.3.1/../../../../arm-none-eabi/lib/armv7-m/libcr_c.a(_cr_sbrk.o)
 .comment       0x00000000000000dc       0x6f /Applications/lpcxpresso_8.2.0_647/lpcxpresso/tools/bin/../lib/gcc/arm-none-eabi/5.3.1/../../../../arm-none-eabi/lib/armv7-m/libcr_c.a(_deferredlazyseek.o)
 .comment       0x00000000000000dc       0x6f /Applications/lpcxpresso_8.2.0_647/lpcxpresso/tools/bin/../lib/gcc/arm-none-eabi/5.3.1/../../../../arm-none-eabi/lib/armv7-m/libcr_c.a(_fdopen.o)
 .comment       0x00000000000000dc       0x6f /Applications/lpcxpresso_8.2.0_647/lpcxpresso/tools/bin/../lib/gcc/arm-none-eabi/5.3.1/../../../../arm-none-eabi/lib/armv7-m/libcr_c.a(_fflush.o)
 .comment       0x00000000000000dc       0x6f /Applications/lpcxpresso_8.2.0_647/lpcxpresso/tools/bin/../lib/gcc/arm-none-eabi/5.3.1/../../../../arm-none-eabi/lib/armv7-m/libcr_c.a(_frexpl.o)
 .comment       0x00000000000000dc       0x6f /Applications/lpcxpresso_8.2.0_647/lpcxpresso/tools/bin/../lib/gcc/arm-none-eabi/5.3.1/../../../../arm-none-eabi/lib/armv7-m/libcr_c.a(_ldexpl.o)
 .comment       0x00000000000000dc       0x6f /Applications/lpcxpresso_8.2.0_647/lpcxpresso/tools/bin/../lib/gcc/arm-none-eabi/5.3.1/../../../../arm-none-eabi/lib/armv7-m/libcr_c.a(_writebuf.o)
 .comment       0x00000000000000dc       0x6f /Applications/lpcxpresso_8.2.0_647/lpcxpresso/tools/bin/../lib/gcc/arm-none-eabi/5.3.1/../../../../arm-none-eabi/lib/armv7-m/libcr_c.a(errno.o)
 .comment       0x00000000000000dc       0x6f /Applications/lpcxpresso_8.2.0_647/lpcxpresso/tools/bin/../lib/gcc/arm-none-eabi/5.3.1/../../../../arm-none-eabi/lib/armv7-m/libcr_c.a(fclose.o)
 .comment       0x00000000000000dc       0x6f /Applications/lpcxpresso_8.2.0_647/lpcxpresso/tools/bin/../lib/gcc/arm-none-eabi/5.3.1/../../../../arm-none-eabi/lib/armv7-m/libcr_c.a(fflush.o)
 .comment       0x00000000000000dc       0x6f /Applications/lpcxpresso_8.2.0_647/lpcxpresso/tools/bin/../lib/gcc/arm-none-eabi/5.3.1/../../../../arm-none-eabi/lib/armv7-m/libcr_c.a(fseek.o)
 .comment       0x00000000000000dc       0x6f /Applications/lpcxpresso_8.2.0_647/lpcxpresso/tools/bin/../lib/gcc/arm-none-eabi/5.3.1/../../../../arm-none-eabi/lib/armv7-m/libcr_c.a(ftell.o)
 .comment       0x00000000000000dc       0x6f /Applications/lpcxpresso_8.2.0_647/lpcxpresso/tools/bin/../lib/gcc/arm-none-eabi/5.3.1/../../../../arm-none-eabi/lib/armv7-m/libcr_c.a(remove.o)
 .comment       0x00000000000000dc       0x6f /Applications/lpcxpresso_8.2.0_647/lpcxpresso/tools/bin/../lib/gcc/arm-none-eabi/5.3.1/../../../../arm-none-eabi/lib/armv7-m/libcr_c.a(_cr_check_heap.o)
 .comment       0x00000000000000dc       0x6f /Applications/lpcxpresso_8.2.0_647/lpcxpresso/tools/bin/../lib/gcc/arm-none-eabi/5.3.1/../../../../arm-none-eabi/lib/armv7-m/libcr_c.a(_do_fflush.o)
 .comment       0x00000000000000dc       0x6f /Applications/lpcxpresso_8.2.0_647/lpcxpresso/tools/bin/../lib/gcc/arm-none-eabi/5.3.1/../../../../arm-none-eabi/lib/armv7-m/libcr_c.a(_hugeval.o)
 .comment       0x00000000000000dc       0x6f /Applications/lpcxpresso_8.2.0_647/lpcxpresso/tools/bin/../lib/gcc/arm-none-eabi/5.3.1/armv7-m/libcr_eabihelpers.a(double.o)

.ARM.attributes
                0x0000000000000000       0x31
 .ARM.attributes
                0x0000000000000000       0x33 ./src/Engine.o
 .ARM.attributes
                0x0000000000000033       0x33 ./src/LISAreceiver.o
 .ARM.attributes
                0x0000000000000066       0x33 ./src/LISAtransmitter.o
 .ARM.attributes
                0x0000000000000099       0x33 ./src/cr_startup_lpc175x_6x.o
 .ARM.attributes
                0x00000000000000cc       0x33 ./src/crp.o
 .ARM.attributes
                0x00000000000000ff       0x33 ./src/queue.o
 .ARM.attributes
                0x0000000000000132       0x33 ./src/sysinit.o
 .ARM.attributes
                0x0000000000000165       0x33 /Users/dev/Documents/LPCXpresso_8.2.0/workspace/lpc_board_nxp_lpcxpresso_1769/Debug/liblpc_board_nxp_lpcxpresso_1769.a(board.o)
 .ARM.attributes
                0x0000000000000198       0x33 /Users/dev/Documents/LPCXpresso_8.2.0/workspace/lpc_board_nxp_lpcxpresso_1769/Debug/liblpc_board_nxp_lpcxpresso_1769.a(board_sysinit.o)
 .ARM.attributes
                0x00000000000001cb       0x33 /Users/dev/Documents/LPCXpresso_8.2.0/workspace/lpc_chip_175x_6x/Debug/liblpc_chip_175x_6x.a(chip_17xx_40xx.o)
 .ARM.attributes
                0x00000000000001fe       0x33 /Users/dev/Documents/LPCXpresso_8.2.0/workspace/lpc_chip_175x_6x/Debug/liblpc_chip_175x_6x.a(clock_17xx_40xx.o)
 .ARM.attributes
                0x0000000000000231       0x33 /Users/dev/Documents/LPCXpresso_8.2.0/workspace/lpc_chip_175x_6x/Debug/liblpc_chip_175x_6x.a(iocon_17xx_40xx.o)
 .ARM.attributes
                0x0000000000000264       0x33 /Users/dev/Documents/LPCXpresso_8.2.0/workspace/lpc_chip_175x_6x/Debug/liblpc_chip_175x_6x.a(sysinit_17xx_40xx.o)
 .ARM.attributes
                0x0000000000000297       0x33 /Users/dev/Documents/LPCXpresso_8.2.0/workspace/lpc_chip_175x_6x/Debug/liblpc_chip_175x_6x.a(timer_17xx_40xx.o)
 .ARM.attributes
                0x00000000000002ca       0x33 /Applications/lpcxpresso_8.2.0_647/lpcxpresso/tools/bin/../lib/gcc/arm-none-eabi/5.3.1/../../../../arm-none-eabi/lib/armv7-m/libcr_semihost.a(_cr__main.o)
 .ARM.attributes
                0x00000000000002fd       0x33 /Applications/lpcxpresso_8.2.0_647/lpcxpresso/tools/bin/../lib/gcc/arm-none-eabi/5.3.1/../../../../arm-none-eabi/lib/armv7-m/libcr_c.a(memcpy.o)
 .ARM.attributes
                0x0000000000000330       0x33 /Applications/lpcxpresso_8.2.0_647/lpcxpresso/tools/bin/../lib/gcc/arm-none-eabi/5.3.1/../../../../arm-none-eabi/lib/armv7-m/libcr_c.a(memset.o)
 .ARM.attributes
                0x0000000000000363       0x33 /Applications/lpcxpresso_8.2.0_647/lpcxpresso/tools/bin/../lib/gcc/arm-none-eabi/5.3.1/../../../../arm-none-eabi/lib/armv7-m/libcr_c.a(alloc.o)
 .ARM.attributes
                0x0000000000000396       0x33 /Applications/lpcxpresso_8.2.0_647/lpcxpresso/tools/bin/../lib/gcc/arm-none-eabi/5.3.1/../../../../arm-none-eabi/lib/armv7-m/libcr_c.a(fpprintf.o)
 .ARM.attributes
                0x00000000000003c9       0x33 /Applications/lpcxpresso_8.2.0_647/lpcxpresso/tools/bin/../lib/gcc/arm-none-eabi/5.3.1/../../../../arm-none-eabi/lib/armv7-m/libcr_c.a(initio.o)
 .ARM.attributes
                0x00000000000003fc       0x33 /Applications/lpcxpresso_8.2.0_647/lpcxpresso/tools/bin/../lib/gcc/arm-none-eabi/5.3.1/../../../../arm-none-eabi/lib/armv7-m/libcr_c.a(printf.o)
 .ARM.attributes
                0x000000000000042f       0x33 /Applications/lpcxpresso_8.2.0_647/lpcxpresso/tools/bin/../lib/gcc/arm-none-eabi/5.3.1/../../../../arm-none-eabi/lib/armv7-m/libcr_c.a(setvbuf.o)
 .ARM.attributes
                0x0000000000000462       0x33 /Applications/lpcxpresso_8.2.0_647/lpcxpresso/tools/bin/../lib/gcc/arm-none-eabi/5.3.1/../../../../arm-none-eabi/lib/armv7-m/libcr_c.a(stdio.o)
 .ARM.attributes
                0x0000000000000495       0x33 /Applications/lpcxpresso_8.2.0_647/lpcxpresso/tools/bin/../lib/gcc/arm-none-eabi/5.3.1/../../../../arm-none-eabi/lib/armv7-m/libcr_c.a(strlen.o)
 .ARM.attributes
                0x00000000000004c8       0x33 /Applications/lpcxpresso_8.2.0_647/lpcxpresso/tools/bin/../lib/gcc/arm-none-eabi/5.3.1/../../../../arm-none-eabi/lib/armv7-m/libcr_c.a(__init_alloc.o)
 .ARM.attributes
                0x00000000000004fb       0x33 /Applications/lpcxpresso_8.2.0_647/lpcxpresso/tools/bin/../lib/gcc/arm-none-eabi/5.3.1/../../../../arm-none-eabi/lib/armv7-m/libcr_c.a(_cr_sbrk.o)
 .ARM.attributes
                0x000000000000052e       0x33 /Applications/lpcxpresso_8.2.0_647/lpcxpresso/tools/bin/../lib/gcc/arm-none-eabi/5.3.1/../../../../arm-none-eabi/lib/armv7-m/libcr_c.a(_deferredlazyseek.o)
 .ARM.attributes
                0x0000000000000561       0x33 /Applications/lpcxpresso_8.2.0_647/lpcxpresso/tools/bin/../lib/gcc/arm-none-eabi/5.3.1/../../../../arm-none-eabi/lib/armv7-m/libcr_c.a(_fdopen.o)
 .ARM.attributes
                0x0000000000000594       0x33 /Applications/lpcxpresso_8.2.0_647/lpcxpresso/tools/bin/../lib/gcc/arm-none-eabi/5.3.1/../../../../arm-none-eabi/lib/armv7-m/libcr_c.a(_fflush.o)
 .ARM.attributes
                0x00000000000005c7       0x33 /Applications/lpcxpresso_8.2.0_647/lpcxpresso/tools/bin/../lib/gcc/arm-none-eabi/5.3.1/../../../../arm-none-eabi/lib/armv7-m/libcr_c.a(_frexpl.o)
 .ARM.attributes
                0x00000000000005fa       0x33 /Applications/lpcxpresso_8.2.0_647/lpcxpresso/tools/bin/../lib/gcc/arm-none-eabi/5.3.1/../../../../arm-none-eabi/lib/armv7-m/libcr_c.a(_ldexpl.o)
 .ARM.attributes
                0x000000000000062d       0x33 /Applications/lpcxpresso_8.2.0_647/lpcxpresso/tools/bin/../lib/gcc/arm-none-eabi/5.3.1/../../../../arm-none-eabi/lib/armv7-m/libcr_c.a(_writebuf.o)
 .ARM.attributes
                0x0000000000000660       0x33 /Applications/lpcxpresso_8.2.0_647/lpcxpresso/tools/bin/../lib/gcc/arm-none-eabi/5.3.1/../../../../arm-none-eabi/lib/armv7-m/libcr_c.a(errno.o)
 .ARM.attributes
                0x0000000000000693       0x33 /Applications/lpcxpresso_8.2.0_647/lpcxpresso/tools/bin/../lib/gcc/arm-none-eabi/5.3.1/../../../../arm-none-eabi/lib/armv7-m/libcr_c.a(fclose.o)
 .ARM.attributes
                0x00000000000006c6       0x33 /Applications/lpcxpresso_8.2.0_647/lpcxpresso/tools/bin/../lib/gcc/arm-none-eabi/5.3.1/../../../../arm-none-eabi/lib/armv7-m/libcr_c.a(fflush.o)
 .ARM.attributes
                0x00000000000006f9       0x33 /Applications/lpcxpresso_8.2.0_647/lpcxpresso/tools/bin/../lib/gcc/arm-none-eabi/5.3.1/../../../../arm-none-eabi/lib/armv7-m/libcr_c.a(fseek.o)
 .ARM.attributes
                0x000000000000072c       0x33 /Applications/lpcxpresso_8.2.0_647/lpcxpresso/tools/bin/../lib/gcc/arm-none-eabi/5.3.1/../../../../arm-none-eabi/lib/armv7-m/libcr_c.a(ftell.o)
 .ARM.attributes
                0x000000000000075f       0x33 /Applications/lpcxpresso_8.2.0_647/lpcxpresso/tools/bin/../lib/gcc/arm-none-eabi/5.3.1/../../../../arm-none-eabi/lib/armv7-m/libcr_c.a(remove.o)
 .ARM.attributes
                0x0000000000000792       0x33 /Applications/lpcxpresso_8.2.0_647/lpcxpresso/tools/bin/../lib/gcc/arm-none-eabi/5.3.1/../../../../arm-none-eabi/lib/armv7-m/libcr_c.a(_cr_check_heap.o)
 .ARM.attributes
                0x00000000000007c5       0x33 /Applications/lpcxpresso_8.2.0_647/lpcxpresso/tools/bin/../lib/gcc/arm-none-eabi/5.3.1/../../../../arm-none-eabi/lib/armv7-m/libcr_c.a(_do_fflush.o)
 .ARM.attributes
                0x00000000000007f8       0x33 /Applications/lpcxpresso_8.2.0_647/lpcxpresso/tools/bin/../lib/gcc/arm-none-eabi/5.3.1/../../../../arm-none-eabi/lib/armv7-m/libcr_c.a(_hugeval.o)
 .ARM.attributes
                0x000000000000082b       0x33 /Applications/lpcxpresso_8.2.0_647/lpcxpresso/tools/bin/../lib/gcc/arm-none-eabi/5.3.1/armv7-m/libcr_eabihelpers.a(double.o)
 .ARM.attributes
                0x000000000000085e       0x21 /Applications/lpcxpresso_8.2.0_647/lpcxpresso/tools/bin/../lib/gcc/arm-none-eabi/5.3.1/armv7-m/libcr_eabihelpers.a(memcpy.o)
 .ARM.attributes
                0x000000000000087f       0x21 /Applications/lpcxpresso_8.2.0_647/lpcxpresso/tools/bin/../lib/gcc/arm-none-eabi/5.3.1/../../../../arm-none-eabi/lib/armv7-m/libcr_semihost.a(__sys_appexit.o)
 .ARM.attributes
                0x00000000000008a0       0x21 /Applications/lpcxpresso_8.2.0_647/lpcxpresso/tools/bin/../lib/gcc/arm-none-eabi/5.3.1/../../../../arm-none-eabi/lib/armv7-m/libcr_semihost.a(__sys_close.o)
 .ARM.attributes
                0x00000000000008c1       0x21 /Applications/lpcxpresso_8.2.0_647/lpcxpresso/tools/bin/../lib/gcc/arm-none-eabi/5.3.1/../../../../arm-none-eabi/lib/armv7-m/libcr_semihost.a(__sys_flen.o)
 .ARM.attributes
                0x00000000000008e2       0x21 /Applications/lpcxpresso_8.2.0_647/lpcxpresso/tools/bin/../lib/gcc/arm-none-eabi/5.3.1/../../../../arm-none-eabi/lib/armv7-m/libcr_semihost.a(__sys_istty.o)
 .ARM.attributes
                0x0000000000000903       0x21 /Applications/lpcxpresso_8.2.0_647/lpcxpresso/tools/bin/../lib/gcc/arm-none-eabi/5.3.1/../../../../arm-none-eabi/lib/armv7-m/libcr_semihost.a(__sys_remove.o)
 .ARM.attributes
                0x0000000000000924       0x21 /Applications/lpcxpresso_8.2.0_647/lpcxpresso/tools/bin/../lib/gcc/arm-none-eabi/5.3.1/../../../../arm-none-eabi/lib/armv7-m/libcr_semihost.a(__sys_seek.o)
 .ARM.attributes
                0x0000000000000945       0x21 /Applications/lpcxpresso_8.2.0_647/lpcxpresso/tools/bin/../lib/gcc/arm-none-eabi/5.3.1/../../../../arm-none-eabi/lib/armv7-m/libcr_semihost.a(__sys_tmpnam.o)
 .ARM.attributes
                0x0000000000000966       0x21 /Applications/lpcxpresso_8.2.0_647/lpcxpresso/tools/bin/../lib/gcc/arm-none-eabi/5.3.1/../../../../arm-none-eabi/lib/armv7-m/libcr_semihost.a(__sys_write.o)

.debug_frame    0x0000000000000000     0x15d4
 .debug_frame   0x0000000000000000      0x2a4 ./src/Engine.o
 .debug_frame   0x00000000000002a4      0x184 ./src/LISAreceiver.o
 .debug_frame   0x0000000000000428      0x178 ./src/LISAtransmitter.o
 .debug_frame   0x00000000000005a0      0x170 ./src/cr_startup_lpc175x_6x.o
 .debug_frame   0x0000000000000710       0xe4 ./src/queue.o
 .debug_frame   0x00000000000007f4       0x34 ./src/sysinit.o
 .debug_frame   0x0000000000000828      0x58c /Users/dev/Documents/LPCXpresso_8.2.0/workspace/lpc_board_nxp_lpcxpresso_1769/Debug/liblpc_board_nxp_lpcxpresso_1769.a(board.o)
 .debug_frame   0x0000000000000db4       0x8c /Users/dev/Documents/LPCXpresso_8.2.0/workspace/lpc_board_nxp_lpcxpresso_1769/Debug/liblpc_board_nxp_lpcxpresso_1769.a(board_sysinit.o)
 .debug_frame   0x0000000000000e40       0x88 /Users/dev/Documents/LPCXpresso_8.2.0/workspace/lpc_chip_175x_6x/Debug/liblpc_chip_175x_6x.a(chip_17xx_40xx.o)
 .debug_frame   0x0000000000000ec8      0x490 /Users/dev/Documents/LPCXpresso_8.2.0/workspace/lpc_chip_175x_6x/Debug/liblpc_chip_175x_6x.a(clock_17xx_40xx.o)
 .debug_frame   0x0000000000001358       0x80 /Users/dev/Documents/LPCXpresso_8.2.0/workspace/lpc_chip_175x_6x/Debug/liblpc_chip_175x_6x.a(iocon_17xx_40xx.o)
 .debug_frame   0x00000000000013d8      0x12c /Users/dev/Documents/LPCXpresso_8.2.0/workspace/lpc_chip_175x_6x/Debug/liblpc_chip_175x_6x.a(sysinit_17xx_40xx.o)
 .debug_frame   0x0000000000001504       0xd0 /Users/dev/Documents/LPCXpresso_8.2.0/workspace/lpc_chip_175x_6x/Debug/liblpc_chip_175x_6x.a(timer_17xx_40xx.o)
